2025-11-11 23:54:07.086 32714-32714 MiuiMultiWindowUtils    com.runanywhere.startup_hackathon20  D  freeform resolution args raw data:{  "wide_default":{    "freeform_args": {        "vertical_portrait":{"aspect_ratio":0.626, "original_ratio":0.5643,"original_scale":0.74,"top_margin":0.168,"left_margin":0.484},        "horizontal_portrait":{"aspect_ratio":0.626, "original_ratio":0.5643,"original_scale":0.74,"top_margin":0.1222,"left_margin":0.59745},        "vertical_landscape":{"aspect_ratio":1.6, "original_ratio":1,"original_scale":0.604,"top_margin":0.2596,"left_margin":0.2624},        "horizontal_landscape":{"aspect_ratio":1.6, "original_ratio":1,"original_scale":0.604,"top_margin":0.213,"left_margin":0.3758}    },    "mini_freeform_args":{        "vertical_portrait":{"original_ratio":0.147},        "horizontal_portrait":{"original_ratio":0.147},        "vertical_landscape":{"original_ratio":0.165},        "horizontal_landscape":{"original_ratio":0.165}    }  },  "narrow_default": {    "freeform_args": {        "vertical_portrait":{"aspect_ratio":0.626, "original_ratio":1,"original_scale":0.74,"top_margin":0.0753,"left_margin":-1},        "horizontal_portrait":{"aspect_ratio":0.626, "original_ratio":1,"original_scale":0.5756,"top_margin":-1,"left_margin":0.0753},        "vertical_landscape":{"aspect_ratio":1.6, "original_ratio":0.6847,"original_scale":0.587,"top_margin":0.0753,"left_margin":-1},        "horizontal_landscape":{"aspect_ratio":1.6, "original_ratio":0.6847,"original_scale":0.587,"top_margin":-1,"left_margin":0.0753}    },    "mini_freeform_args":{        "vertical_portrait":{"original_ratio":0.26},        "horizontal_portrait":{"original_ratio":0.26},        "vertical_landscape":{"original_ratio":0.293},        "horizontal_landscape":{"original_ratio":0.293}    }  },  "regular_default": {    "freeform_args": {      "vertical_portrait":{"aspect_ratio":0.625, "original_ratio":1,"original_scale":0.7,"top_margin":0.109,"left_margin":-1},      "horizontal_portrait":{"aspect_ratio":0.6667, "original_ratio":1,"original_scale":0.6102,"top_margin":-1,"left_margin":0.026},      "vertical_landscape":{"aspect_ratio":1.6, "original_ratio":1,"original_scale":0.4244,"top_margin":0.109,"left_margin":-1},      "horizontal_landscape":{"aspect_ratio":1.6, "original_ratio":1,"original_scale":0.4244,"top_margin":-1,"left_margin":0.026}    },    "mini_freeform_args":{      "vertical_portrait":{"original_ratio":0.25},      "horizontal_portrait":{"original_ratio":0.25},      "vertical_landscape":{"original_ratio":0.25},      "horizontal_landscape":{"original_ratio":0.25}    }  },  "pad_default": {    "freeform_args": {      "vertical_portrait":{"aspect_ratio":0.5625, "original_ratio":0.375,"original_scale":0.835,"top_margin":0.049,"left_margin":0.2775},      "horizontal_portrait":{"aspect_ratio":0.5625, "original_ratio":0.375,"original_scale":0.835,"top_margin":-1,"left_margin":0.6525},      "vertical_landscape":{"aspect_ratio":-1, "original_ratio":1,"original_scale":0.468,"top_margin":0.049,"left_margin":-1},      "horizontal_landscape":{"aspect_ratio":-1, "original_ratio":1,"original_scale":0.468,"top_margin":-1,"left_margin":0.4976}    },    "mini_freeform_args":{      "vertical_portrait":{"original_ratio":0.144},      "horizontal_portrait":{"original_ratio":0.144},      "vertical_landscape":{"original_ratio":0.2},      "horizontal_landscape":{"original_ratio":0.2}    }  }}
2025-11-11 23:54:07.090 32714-32714 MiuiMultiWindowUtils    com.runanywhere.startup_hackathon20  D  initFreeFormResolutionArgs failed, device is sky
2025-11-11 23:54:07.090 32714-32714 IS_CTS_MODE             com.runanywhere.startup_hackathon20  D  false
2025-11-11 23:54:07.090 32714-32714 MULTI_WIND...CH_ENABLED com.runanywhere.startup_hackathon20  D  false
2025-11-11 23:54:07.092 32714-32714 InputMethodManager      com.runanywhere.startup_hackathon20  D  showSoftInput() view=androidx.compose.ui.platform.AndroidComposeView{7246c96 VFED..... .F....ID 0,0-1080,2460 aid=1073741824} flags=0 reason=SHOW_SOFT_INPUT_BY_INSETS_API
2025-11-11 23:54:07.126 32714-32714 FileUtils               com.runanywhere.startup_hackathon20  E  err write to mi_exception_log
2025-11-11 23:54:07.192 32714-32714 ImeTracker              com.runanywhere.startup_hackathon20  I  com.runanywhere.startup_hackathon20:d838a973: onRequestShow at ORIGIN_CLIENT reason SHOW_SOFT_INPUT fromUser false
2025-11-11 23:54:07.193 32714-32714 InputMethodManager      com.runanywhere.startup_hackathon20  D  showSoftInput() view=androidx.compose.ui.platform.AndroidComposeView{7246c96 VFED..... .F...... 0,0-1080,2460 aid=1073741824} flags=0 reason=SHOW_SOFT_INPUT
2025-11-11 23:54:07.683 32714-32714 InsetsController        com.runanywhere.startup_hackathon20  D  show(ime(), fromIme=true)
2025-11-11 23:54:07.695 32714-32714 ViewRootImplStubImpl    com.runanywhere.startup_hackathon20  D  requestedTypes: 8
2025-11-11 23:54:07.714 32714-32714 InsetsController        com.runanywhere.startup_hackathon20  D  show(ime(), fromIme=true)
2025-11-11 23:54:07.714 32714-32714 ImeTracker              com.runanywhere.startup_hackathon20  I  com.runanywhere.startup_hackathon20:d838a973: onCancelled at PHASE_CLIENT_APPLY_ANIMATION
2025-11-11 23:54:07.720 32714-32714 ViewRootImplStubImpl    com.runanywhere.startup_hackathon20  D  onAnimationStart
2025-11-11 23:54:07.721 32714-32714 InteractionJankMonitor  com.runanywhere.startup_hackathon20  W  Initializing without READ_DEVICE_CONFIG permission. enabled=false, interval=1, missedFrameThreshold=3, frameTimeThreshold=64, package=com.runanywhere.startup_hackathon20
2025-11-11 23:54:07.722 32714-32714 ViewRootImplStubImpl    com.runanywhere.startup_hackathon20  D  onAnimationUpdate, value: 0.0
2025-11-11 23:54:07.736 32714-32714 ViewRootImplStubImpl    com.runanywhere.startup_hackathon20  D  onAnimationUpdate, value: 0.021185132
2025-11-11 23:54:07.772 32714-32714 ViewRootImplStubImpl    com.runanywhere.startup_hackathon20  D  onAnimationUpdate, value: 0.0760053
2025-11-11 23:54:07.806 32714-309   RenderInspector         com.runanywhere.startup_hackathon20  W  QueueBuffer time out on com.runanywhere.startup_hackathon20/com.runanywhere.startup_hackathon20.MainActivity, count=1, avg=18 ms, max=18 ms.
2025-11-11 23:54:07.806 32714-32714 ViewRootImplStubImpl    com.runanywhere.startup_hackathon20  D  onAnimationUpdate, value: 0.14969441
2025-11-11 23:54:07.819 32714-32714 ViewRootImplStubImpl    com.runanywhere.startup_hackathon20  D  onAnimationUpdate, value: 0.2321514
2025-11-11 23:54:07.830 32714-32714 ViewRootImplStubImpl    com.runanywhere.startup_hackathon20  D  onAnimationUpdate, value: 0.31663945
2025-11-11 23:54:07.841 32714-32714 ViewRootImplStubImpl    com.runanywhere.startup_hackathon20  D  onAnimationUpdate, value: 0.3988258
2025-11-11 23:54:07.852 32714-32714 ViewRootImplStubImpl    com.runanywhere.startup_hackathon20  D  onAnimationUpdate, value: 0.47608116
2025-11-11 23:54:07.863 32714-32714 ViewRootImplStubImpl    com.runanywhere.startup_hackathon20  D  onAnimationUpdate, value: 0.5469565
2025-11-11 23:54:07.878 32714-32714 ViewRootImplStubImpl    com.runanywhere.startup_hackathon20  D  onAnimationUpdate, value: 0.6108085
2025-11-11 23:54:07.895 32714-32714 ViewRootImplStubImpl    com.runanywhere.startup_hackathon20  D  onAnimationUpdate, value: 0.66753036
2025-11-11 23:54:07.908 32714-32714 ViewRootImplStubImpl    com.runanywhere.startup_hackathon20  D  onAnimationUpdate, value: 0.71735764
2025-11-11 23:54:07.926 32714-32714 ViewRootImplStubImpl    com.runanywhere.startup_hackathon20  D  onAnimationUpdate, value: 0.7607286
2025-11-11 23:54:07.944 32714-32714 ViewRootImplStubImpl    com.runanywhere.startup_hackathon20  D  onAnimationUpdate, value: 0.79819345
2025-11-11 23:54:07.964 32714-32714 ViewRootImplStubImpl    com.runanywhere.startup_hackathon20  D  onAnimationUpdate, value: 0.83034986
2025-11-11 23:54:07.978 32714-32714 ViewRootImplStubImpl    com.runanywhere.startup_hackathon20  D  onAnimationUpdate, value: 0.85779923
2025-11-11 23:54:07.995 32714-32714 ViewRootImplStubImpl    com.runanywhere.startup_hackathon20  D  onAnimationUpdate, value: 0.8811195
2025-11-11 23:54:08.013 32714-32714 ViewRootImplStubImpl    com.runanywhere.startup_hackathon20  D  onAnimationUpdate, value: 0.9008502
2025-11-11 23:54:08.032 32714-32714 ViewRootImplStubImpl    com.runanywhere.startup_hackathon20  D  onAnimationUpdate, value: 0.9174831
2025-11-11 23:54:08.051 32714-32714 ViewRootImplStubImpl    com.runanywhere.startup_hackathon20  D  onAnimationUpdate, value: 0.93145955
2025-11-11 23:54:08.066 32714-32714 ViewRootImplStubImpl    com.runanywhere.startup_hackathon20  D  onAnimationUpdate, value: 0.9431699
2025-11-11 23:54:08.085 32714-32714 ViewRootImplStubImpl    com.runanywhere.startup_hackathon20  D  onAnimationUpdate, value: 0.9529563
2025-11-11 23:54:08.104 32714-32714 ViewRootImplStubImpl    com.runanywhere.startup_hackathon20  D  onAnimationUpdate, value: 0.96111614
2025-11-11 23:54:08.122 32714-32714 ViewRootImplStubImpl    com.runanywhere.startup_hackathon20  D  onAnimationUpdate, value: 0.9679051
2025-11-11 23:54:08.140 32714-32714 ViewRootImplStubImpl    com.runanywhere.startup_hackathon20  D  onAnimationUpdate, value: 0.9735426
2025-11-11 23:54:08.160 32714-32714 ViewRootImplStubImpl    com.runanywhere.startup_hackathon20  D  onAnimationUpdate, value: 0.9782157
2025-11-11 23:54:08.178 32714-32714 ViewRootImplStubImpl    com.runanywhere.startup_hackathon20  D  onAnimationUpdate, value: 0.9820831
2025-11-11 23:54:08.195 32714-32714 ViewRootImplStubImpl    com.runanywhere.startup_hackathon20  D  onAnimationUpdate, value: 0.98527896
2025-11-11 23:54:08.213 32714-32714 ViewRootImplStubImpl    com.runanywhere.startup_hackathon20  D  onAnimationUpdate, value: 0.9879164
2025-11-11 23:54:08.226 32714-32714 ViewRootImplStubImpl    com.runanywhere.startup_hackathon20  D  onAnimationUpdate, value: 0.9900902
2025-11-11 23:54:08.238 32714-32714 ViewRootImplStubImpl    com.runanywhere.startup_hackathon20  D  onAnimationUpdate, value: 0.9918797
2025-11-11 23:54:08.253 32714-32714 ViewRootImplStubImpl    com.runanywhere.startup_hackathon20  D  onAnimationUpdate, value: 0.9933513
2025-11-11 23:54:08.260 32714-309   RenderInspector         com.runanywhere.startup_hackathon20  W  DequeueBuffer time out on com.runanywhere.startup_hackathon20/com.runanywhere.startup_hackathon20.MainActivity, count=17, avg=15 ms, max=17 ms.
2025-11-11 23:54:08.266 32714-32714 ViewRootImplStubImpl    com.runanywhere.startup_hackathon20  D  onAnimationUpdate, value: 0.99456024
2025-11-11 23:54:08.276 32714-32714 ViewRootImplStubImpl    com.runanywhere.startup_hackathon20  D  onAnimationUpdate, value: 0.99555254
2025-11-11 23:54:08.288 32714-32714 ViewRootImplStubImpl    com.runanywhere.startup_hackathon20  D  onAnimationUpdate, value: 0.9963662
2025-11-11 23:54:08.300 32714-32714 ViewRootImplStubImpl    com.runanywhere.startup_hackathon20  D  onAnimationUpdate, value: 0.9970328
2025-11-11 23:54:08.311 32714-32714 ViewRootImplStubImpl    com.runanywhere.startup_hackathon20  D  onAnimationUpdate, value: 0.99757856
2025-11-11 23:54:08.323 32714-32714 ViewRootImplStubImpl    com.runanywhere.startup_hackathon20  D  onAnimationUpdate, value: 0.998025
2025-11-11 23:54:08.334 32714-32714 ViewRootImplStubImpl    com.runanywhere.startup_hackathon20  D  onAnimationUpdate, value: 0.99839
2025-11-11 23:54:08.345 32714-32714 ViewRootImplStubImpl    com.runanywhere.startup_hackathon20  D  onAnimationUpdate, value: 0.9986882
2025-11-11 23:54:08.356 32714-32714 ViewRootImplStubImpl    com.runanywhere.startup_hackathon20  D  onAnimationUpdate, value: 1.0
2025-11-11 23:54:08.357 32714-32714 ViewRootImplStubImpl    com.runanywhere.startup_hackathon20  D  onAnimationEnd,canceled: false
2025-11-11 23:54:08.362 32714-32714 InsetsController        com.runanywhere.startup_hackathon20  D  cancelAnimation of types: 8, animType: 0, host: com.runanywhere.startup_hackathon20/com.runanywhere.startup_hackathon20.MainActivity invokeCallback=false reason=android.view.InsetsController.notifyFinished:1793 android.view.InsetsAnimationControlImpl.applyChangeInsets:310 android.view.InsetsController.lambda$new$3:870 android.view.InsetsController.$r8$lambda$meqKUiuVHZJFS86fhQQzBBmdABw:0 android.view.InsetsController$$ExternalSyntheticLambda11.run:0 android.view.Choreographer$CallbackRecord.run:1747 android.view.Choreographer$CallbackRecord.run:1756 android.view.Choreographer.doCallbacks:1270 android.view.Choreographer.doFrame:1160 android.view.Choreographer$FrameDisplayEventReceiver.run:1710
2025-11-11 23:54:08.363 32714-32714 ImeTracker              com.runanywhere.startup_hackathon20  I  com.runanywhere.startup_hackathon20:de61f87f: onShown
2025-11-11 23:54:08.712 32714-309   RenderInspector         com.runanywhere.startup_hackathon20  W  DequeueBuffer time out on com.runanywhere.startup_hackathon20/com.runanywhere.startup_hackathon20.MainActivity, count=2, avg=14 ms, max=14 ms.
2025-11-11 23:54:08.805 32714-309   RenderInspector         com.runanywhere.startup_hackathon20  W  DequeueBuffer time out on com.runanywhere.startup_hackathon20/com.runanywhere.startup_hackathon20.MainActivity, count=2, avg=12 ms, max=12 ms.
2025-11-11 23:54:09.012 32714-309   RenderInspector         com.runanywhere.startup_hackathon20  W  DequeueBuffer time out on com.runanywhere.startup_hackathon20/com.runanywhere.startup_hackathon20.MainActivity, count=10, avg=10 ms, max=15 ms.
2025-11-11 23:54:09.308 32714-309   RenderInspector         com.runanywhere.startup_hackathon20  W  DequeueBuffer time out on com.runanywhere.startup_hackathon20/com.runanywhere.startup_hackathon20.MainActivity, count=2, avg=12 ms, max=13 ms.
2025-11-11 23:54:09.429 32714-309   RenderInspector         com.runanywhere.startup_hackathon20  W  DequeueBuffer time out on com.runanywhere.startup_hackathon20/com.runanywhere.startup_hackathon20.MainActivity, count=4, avg=12 ms, max=13 ms.
2025-11-11 23:54:09.513 32714-309   RenderInspector         com.runanywhere.startup_hackathon20  W  DequeueBuffer time out on com.runanywhere.startup_hackathon20/com.runanywhere.startup_hackathon20.MainActivity, count=1, avg=13 ms, max=13 ms.
2025-11-11 23:54:09.614 32714-309   RenderInspector         com.runanywhere.startup_hackathon20  W  DequeueBuffer time out on com.runanywhere.startup_hackathon20/com.runanywhere.startup_hackathon20.MainActivity, count=2, avg=14 ms, max=14 ms.
2025-11-11 23:54:09.718 32714-309   RenderInspector         com.runanywhere.startup_hackathon20  W  DequeueBuffer time out on com.runanywhere.startup_hackathon20/com.runanywhere.startup_hackathon20.MainActivity, count=2, avg=13 ms, max=13 ms.
2025-11-11 23:54:10.007 32714-309   RenderInspector         com.runanywhere.startup_hackathon20  W  DequeueBuffer time out on com.runanywhere.startup_hackathon20/com.runanywhere.startup_hackathon20.MainActivity, count=6, avg=11 ms, max=14 ms.
2025-11-11 23:54:10.109 32714-309   RenderInspector         com.runanywhere.startup_hackathon20  W  DequeueBuffer time out on com.runanywhere.startup_hackathon20/com.runanywhere.startup_hackathon20.MainActivity, count=2, avg=12 ms, max=12 ms.
2025-11-11 23:54:10.215 32714-309   RenderInspector         com.runanywhere.startup_hackathon20  W  DequeueBuffer time out on com.runanywhere.startup_hackathon20/com.runanywhere.startup_hackathon20.MainActivity, count=2, avg=13 ms, max=13 ms.
2025-11-11 23:54:10.386 32714-309   RenderInspector         com.runanywhere.startup_hackathon20  W  DequeueBuffer time out on com.runanywhere.startup_hackathon20/com.runanywhere.startup_hackathon20.MainActivity, count=2, avg=12 ms, max=13 ms.
2025-11-11 23:54:10.407  2849-3288  RTMode                  system_server                        E  pkgName: com.runanywhere.startup_hackathon20 has no permission
2025-11-11 23:54:10.576 32714-309   RenderInspector         com.runanywhere.startup_hackathon20  W  DequeueBuffer time out on com.runanywhere.startup_hackathon20/com.runanywhere.startup_hackathon20.MainActivity, count=3, avg=14 ms, max=14 ms.
2025-11-11 23:54:10.640  2849-3288  RTMode                  system_server                        E  pkgName: com.runanywhere.startup_hackathon20 has no permission
2025-11-11 23:54:10.770 32714-309   RenderInspector         com.runanywhere.startup_hackathon20  W  DequeueBuffer time out on com.runanywhere.startup_hackathon20/com.runanywhere.startup_hackathon20.MainActivity, count=3, avg=14 ms, max=17 ms.
2025-11-11 23:54:11.011 32714-309   RenderInspector         com.runanywhere.startup_hackathon20  W  DequeueBuffer time out on com.runanywhere.startup_hackathon20/com.runanywhere.startup_hackathon20.MainActivity, count=8, avg=10 ms, max=14 ms.
2025-11-11 23:54:11.111 32714-309   RenderInspector         com.runanywhere.startup_hackathon20  W  DequeueBuffer time out on com.runanywhere.startup_hackathon20/com.runanywhere.startup_hackathon20.MainActivity, count=2, avg=12 ms, max=13 ms.
2025-11-11 23:54:11.218 32714-309   RenderInspector         com.runanywhere.startup_hackathon20  W  DequeueBuffer time out on com.runanywhere.startup_hackathon20/com.runanywhere.startup_hackathon20.MainActivity, count=2, avg=12 ms, max=13 ms.
2025-11-11 23:54:11.311 32714-309   RenderInspector         com.runanywhere.startup_hackathon20  W  DequeueBuffer time out on com.runanywhere.startup_hackathon20/com.runanywhere.startup_hackathon20.MainActivity, count=2, avg=12 ms, max=12 ms.
2025-11-11 23:54:11.426 32714-309   RenderInspector         com.runanywhere.startup_hackathon20  W  DequeueBuffer time out on com.runanywhere.startup_hackathon20/com.runanywhere.startup_hackathon20.MainActivity, count=4, avg=12 ms, max=13 ms.
2025-11-11 23:54:11.695  2849-3288  RTMode                  system_server                        E  pkgName: com.runanywhere.startup_hackathon20 has no permission
2025-11-11 23:54:11.842 32714-309   RenderInspector         com.runanywhere.startup_hackathon20  W  DequeueBuffer time out on com.runanywhere.startup_hackathon20/com.runanywhere.startup_hackathon20.MainActivity, count=2, avg=13 ms, max=14 ms.
2025-11-11 23:54:11.919 32714-309   RenderInspector         com.runanywhere.startup_hackathon20  W  DequeueBuffer time out on com.runanywhere.startup_hackathon20/com.runanywhere.startup_hackathon20.MainActivity, count=2, avg=12 ms, max=13 ms.
2025-11-11 23:54:12.010 32714-309   RenderInspector         com.runanywhere.startup_hackathon20  W  DequeueBuffer time out on com.runanywhere.startup_hackathon20/com.runanywhere.startup_hackathon20.MainActivity, count=2, avg=12 ms, max=13 ms.
2025-11-11 23:54:12.035  2849-3288  RTMode                  system_server                        E  pkgName: com.runanywhere.startup_hackathon20 has no permission
2025-11-11 23:54:12.171 32714-309   RenderInspector         com.runanywhere.startup_hackathon20  W  DequeueBuffer time out on com.runanywhere.startup_hackathon20/com.runanywhere.startup_hackathon20.MainActivity, count=5, avg=13 ms, max=17 ms.
2025-11-11 23:54:12.329 32714-32714 MIUIInput               com.runanywhere.startup_hackathon20  I  [MotionEvent] ViewRootImpl windowName 'com.runanywhere.startup_hackathon20/com.runanywhere.startup_hackathon20.MainActivity', { action=ACTION_DOWN, id[0]=0, pointerCount=1, eventTime=209734389, downTime=209734389, phoneEventTime=23:54:12.326 } moveCount:0
2025-11-11 23:54:12.332  2849-3288  RTMode                  system_server                        E  pkgName: com.runanywhere.startup_hackathon20 has no permission
2025-11-11 23:54:12.354  2849-3288  RTMode                  system_server                        E  pkgName: com.runanywhere.startup_hackathon20 has no permission
2025-11-11 23:54:12.358  2849-3288  RTMode                  system_server                        E  pkgName: com.runanywhere.startup_hackathon20 has no permission
2025-11-11 23:54:12.362  2849-3288  RTMode                  system_server                        E  pkgName: com.runanywhere.startup_hackathon20 has no permission
2025-11-11 23:54:12.368  2849-3288  RTMode                  system_server                        E  pkgName: com.runanywhere.startup_hackathon20 has no permission
2025-11-11 23:54:12.370  2849-3288  RTMode                  system_server                        E  pkgName: com.runanywhere.startup_hackathon20 has no permission
2025-11-11 23:54:12.374  2849-3288  RTMode                  system_server                        E  pkgName: com.runanywhere.startup_hackathon20 has no permission
2025-11-11 23:54:12.380  2849-3288  RTMode                  system_server                        E  pkgName: com.runanywhere.startup_hackathon20 has no permission
2025-11-11 23:54:12.383  2849-3288  RTMode                  system_server                        E  pkgName: com.runanywhere.startup_hackathon20 has no permission
2025-11-11 23:54:12.387  2849-3288  RTMode                  system_server                        E  pkgName: com.runanywhere.startup_hackathon20 has no permission
2025-11-11 23:54:12.391  2849-3288  RTMode                  system_server                        E  pkgName: com.runanywhere.startup_hackathon20 has no permission
2025-11-11 23:54:12.395  2849-3288  RTMode                  system_server                        E  pkgName: com.runanywhere.startup_hackathon20 has no permission
2025-11-11 23:54:12.399  2849-3288  RTMode                  system_server                        E  pkgName: com.runanywhere.startup_hackathon20 has no permission
2025-11-11 23:54:12.404  2849-3288  RTMode                  system_server                        E  pkgName: com.runanywhere.startup_hackathon20 has no permission
2025-11-11 23:54:12.416 32714-32714 MIUIInput               com.runanywhere.startup_hackathon20  I  [MotionEvent] ViewRootImpl windowName 'com.runanywhere.startup_hackathon20/com.runanywhere.startup_hackathon20.MainActivity', { action=ACTION_UP, id[0]=0, pointerCount=1, eventTime=209734468, downTime=209734389, phoneEventTime=23:54:12.404 } moveCount:6
2025-11-11 23:54:12.422 32714-32714 Autofill Status         com.runanywhere.startup_hackathon20  D  Autofill popup isn't shown because autofill is not available.

                                                                                                    Did you set up autofill?
                                                                                                    1. Go to Settings > System > Languages&input > Advanced > Autofill Service
                                                                                                    2. Pick a service

                                                                                                    Did you add an account?
                                                                                                    1. Go to Settings > System > Languages&input > Advanced
                                                                                                    2. Click on the settings icon next to the Autofill Service
                                                                                                    3. Add your account
2025-11-11 23:54:12.494 32714-32714 HandWritingStubImpl     com.runanywhere.startup_hackathon20  I  getCurrentKeyboardType: 1
2025-11-11 23:54:12.495 32714-32714 InsetsController        com.runanywhere.startup_hackathon20  D  show(ime(), fromIme=false)
2025-11-11 23:54:12.495 32714-32714 ImeTracker              com.runanywhere.startup_hackathon20  I  com.runanywhere.startup_hackathon20:a9e9ae70: onRequestShow at ORIGIN_CLIENT reason SHOW_SOFT_INPUT_BY_INSETS_API fromUser false
2025-11-11 23:54:12.496 32714-32714 ImeTracker              com.runanywhere.startup_hackathon20  I  com.runanywhere.startup_hackathon20:a9e9ae70: onCancelled at PHASE_CLIENT_APPLY_ANIMATION
2025-11-11 23:54:12.519 32714-32714 FileUtils               com.runanywhere.startup_hackathon20  E  err write to mi_exception_log
2025-11-11 23:54:12.556 32714-32714 ImeTracker              com.runanywhere.startup_hackathon20  I  com.runanywhere.startup_hackathon20:86f13096: onRequestShow at ORIGIN_CLIENT reason SHOW_SOFT_INPUT fromUser false
2025-11-11 23:54:12.556 32714-32714 InputMethodManager      com.runanywhere.startup_hackathon20  D  showSoftInput() view=androidx.compose.ui.platform.AndroidComposeView{7246c96 VFED..... .F...... 0,0-1080,2460 aid=1073741824} flags=0 reason=SHOW_SOFT_INPUT
2025-11-11 23:54:12.701 32714-32714 InsetsController        com.runanywhere.startup_hackathon20  D  show(ime(), fromIme=true)
2025-11-11 23:54:12.702 32714-32714 ImeTracker              com.runanywhere.startup_hackathon20  I  com.runanywhere.startup_hackathon20:b6347c07: onCancelled at PHASE_CLIENT_APPLY_ANIMATION
2025-11-11 23:54:12.712 32714-32714 InsetsController        com.runanywhere.startup_hackathon20  D  show(ime(), fromIme=true)
2025-11-11 23:54:12.713 32714-32714 ImeTracker              com.runanywhere.startup_hackathon20  I  com.runanywhere.startup_hackathon20:86f13096: onCancelled at PHASE_CLIENT_APPLY_ANIMATION
2025-11-11 23:54:13.095  2849-3288  RTMode                  system_server                        E  pkgName: com.runanywhere.startup_hackathon20 has no permission
2025-11-11 23:54:13.160  2849-3288  RTMode                  system_server                        E  pkgName: com.runanywhere.startup_hackathon20 has no permission
2025-11-11 23:54:13.163  2849-3288  RTMode                  system_server                        E  pkgName: com.runanywhere.startup_hackathon20 has no permission
2025-11-11 23:54:13.168  2849-3288  RTMode                  system_server                        E  pkgName: com.runanywhere.startup_hackathon20 has no permission
2025-11-11 23:54:13.253 32714-309   RenderInspector         com.runanywhere.startup_hackathon20  W  DequeueBuffer time out on com.runanywhere.startup_hackathon20/com.runanywhere.startup_hackathon20.MainActivity, count=2, avg=14 ms, max=14 ms.
2025-11-11 23:54:13.282  2849-3288  RTMode                  system_server                        E  pkgName: com.runanywhere.startup_hackathon20 has no permission
2025-11-11 23:54:13.403 32714-309   RenderInspector         com.runanywhere.startup_hackathon20  W  DequeueBuffer time out on com.runanywhere.startup_hackathon20/com.runanywhere.startup_hackathon20.MainActivity, count=5, avg=11 ms, max=14 ms.
2025-11-11 23:54:13.539  2849-3288  RTMode                  system_server                        E  pkgName: com.runanywhere.startup_hackathon20 has no permission
2025-11-11 23:54:13.543 32714-32714 MIUIInput               com.runanywhere.startup_hackathon20  I  [MotionEvent] ViewRootImpl windowName 'com.runanywhere.startup_hackathon20/com.runanywhere.startup_hackathon20.MainActivity', { action=ACTION_DOWN, id[0]=0, pointerCount=1, eventTime=209735599, downTime=209735599, phoneEventTime=23:54:13.536 } moveCount:0
2025-11-11 23:54:13.572  2849-3288  RTMode                  system_server                        E  pkgName: com.runanywhere.startup_hackathon20 has no permission
2025-11-11 23:54:13.580 32714-32714 MIUIInput               com.runanywhere.startup_hackathon20  I  [MotionEvent] ViewRootImpl windowName 'com.runanywhere.startup_hackathon20/com.runanywhere.startup_hackathon20.MainActivity', { action=ACTION_UP, id[0]=0, pointerCount=1, eventTime=209735640, downTime=209735599, phoneEventTime=23:54:13.577 } moveCount:1
2025-11-11 23:54:13.585 32714-32714 Autofill Status         com.runanywhere.startup_hackathon20  D  Autofill popup isn't shown because autofill is not available.

                                                                                                    Did you set up autofill?
                                                                                                    1. Go to Settings > System > Languages&input > Advanced > Autofill Service
                                                                                                    2. Pick a service

                                                                                                    Did you add an account?
                                                                                                    1. Go to Settings > System > Languages&input > Advanced
                                                                                                    2. Click on the settings icon next to the Autofill Service
                                                                                                    3. Add your account
2025-11-11 23:54:13.654 32714-32714 HandWritingStubImpl     com.runanywhere.startup_hackathon20  I  getCurrentKeyboardType: 1
2025-11-11 23:54:13.655 32714-32714 InsetsController        com.runanywhere.startup_hackathon20  D  show(ime(), fromIme=false)
2025-11-11 23:54:13.656 32714-32714 ImeTracker              com.runanywhere.startup_hackathon20  I  com.runanywhere.startup_hackathon20:3ccdf186: onRequestShow at ORIGIN_CLIENT reason SHOW_SOFT_INPUT_BY_INSETS_API fromUser false
2025-11-11 23:54:13.656 32714-32714 ImeTracker              com.runanywhere.startup_hackathon20  I  com.runanywhere.startup_hackathon20:3ccdf186: onCancelled at PHASE_CLIENT_APPLY_ANIMATION
2025-11-11 23:54:13.681 32714-32714 FileUtils               com.runanywhere.startup_hackathon20  E  err write to mi_exception_log
2025-11-11 23:54:13.715 32714-32714 ImeTracker              com.runanywhere.startup_hackathon20  I  com.runanywhere.startup_hackathon20:2dbddede: onRequestShow at ORIGIN_CLIENT reason SHOW_SOFT_INPUT fromUser false
2025-11-11 23:54:13.715 32714-32714 InputMethodManager      com.runanywhere.startup_hackathon20  D  showSoftInput() view=androidx.compose.ui.platform.AndroidComposeView{7246c96 VFED..... .F...... 0,0-1080,2460 aid=1073741824} flags=0 reason=SHOW_SOFT_INPUT
2025-11-11 23:54:13.822 32714-32714 InsetsController        com.runanywhere.startup_hackathon20  D  show(ime(), fromIme=true)
2025-11-11 23:54:13.822 32714-32714 ImeTracker              com.runanywhere.startup_hackathon20  I  com.runanywhere.startup_hackathon20:fe39ca06: onCancelled at PHASE_CLIENT_APPLY_ANIMATION
2025-11-11 23:54:13.851 32714-32714 InsetsController        com.runanywhere.startup_hackathon20  D  show(ime(), fromIme=true)
2025-11-11 23:54:13.852 32714-32714 ImeTracker              com.runanywhere.startup_hackathon20  I  com.runanywhere.startup_hackathon20:2dbddede: onCancelled at PHASE_CLIENT_APPLY_ANIMATION
2025-11-11 23:54:14.334 32714-309   RenderInspector         com.runanywhere.startup_hackathon20  W  DequeueBuffer time out on com.runanywhere.startup_hackathon20/com.runanywhere.startup_hackathon20.MainActivity, count=2, avg=12 ms, max=13 ms.
2025-11-11 23:54:14.530 32714-309   RenderInspector         com.runanywhere.startup_hackathon20  W  DequeueBuffer time out on com.runanywhere.startup_hackathon20/com.runanywhere.startup_hackathon20.MainActivity, count=2, avg=13 ms, max=13 ms.
2025-11-11 23:54:14.620  2849-3288  RTMode                  system_server                        E  pkgName: com.runanywhere.startup_hackathon20 has no permission
2025-11-11 23:54:14.634 32714-309   RenderInspector         com.runanywhere.startup_hackathon20  W  DequeueBuffer time out on com.runanywhere.startup_hackathon20/com.runanywhere.startup_hackathon20.MainActivity, count=2, avg=12 ms, max=12 ms.
2025-11-11 23:54:14.741 32714-309   RenderInspector         com.runanywhere.startup_hackathon20  W  DequeueBuffer time out on com.runanywhere.startup_hackathon20/com.runanywhere.startup_hackathon20.MainActivity, count=2, avg=12 ms, max=12 ms.
2025-11-11 23:54:14.839 32714-309   RenderInspector         com.runanywhere.startup_hackathon20  W  DequeueBuffer time out on com.runanywhere.startup_hackathon20/com.runanywhere.startup_hackathon20.MainActivity, count=4, avg=12 ms, max=14 ms.
2025-11-11 23:54:14.914  2849-3288  RTMode                  system_server                        E  pkgName: com.runanywhere.startup_hackathon20 has no permission
2025-11-11 23:54:15.088 32714-309   RenderInspector         com.runanywhere.startup_hackathon20  W  DequeueBuffer time out on com.runanywhere.startup_hackathon20/com.runanywhere.startup_hackathon20.MainActivity, count=8, avg=12 ms, max=17 ms.
2025-11-11 23:54:15.115 32714-32731 tup_hackathon20         com.runanywhere.startup_hackathon20  I  Compiler allocated 9316KB to compile void com.runanywhere.startup_hackathon20.AuthScreenKt.SignUpScreen(kotlin.jvm.functions.Function0, kotlin.jvm.functions.Function0, kotlin.jvm.functions.Function6, com.runanywhere.startup_hackathon20.AuthState, androidx.compose.runtime.Composer, int)
2025-11-11 23:54:15.191  2849-3288  RTMode                  system_server                        E  pkgName: com.runanywhere.startup_hackathon20 has no permission
2025-11-11 23:54:15.197 32714-32714 MIUIInput               com.runanywhere.startup_hackathon20  I  [MotionEvent] ViewRootImpl windowName 'com.runanywhere.startup_hackathon20/com.runanywhere.startup_hackathon20.MainActivity', { action=ACTION_DOWN, id[0]=0, pointerCount=1, eventTime=209737249, downTime=209737249, phoneEventTime=23:54:15.186 } moveCount:0
2025-11-11 23:54:15.228 32714-309   RenderInspector         com.runanywhere.startup_hackathon20  W  DequeueBuffer time out on com.runanywhere.startup_hackathon20/com.runanywhere.startup_hackathon20.MainActivity, count=1, avg=11 ms, max=11 ms.
2025-11-11 23:54:15.263 32714-32714 MIUIInput               com.runanywhere.startup_hackathon20  I  [MotionEvent] ViewRootImpl windowName 'com.runanywhere.startup_hackathon20/com.runanywhere.startup_hackathon20.MainActivity', { action=ACTION_UP, id[0]=0, pointerCount=1, eventTime=209737316, downTime=209737249, phoneEventTime=23:54:15.253 } moveCount:0
2025-11-11 23:54:15.268 32714-32714 Autofill Status         com.runanywhere.startup_hackathon20  D  Autofill popup isn't shown because autofill is not available.

                                                                                                    Did you set up autofill?
                                                                                                    1. Go to Settings > System > Languages&input > Advanced > Autofill Service
                                                                                                    2. Pick a service

                                                                                                    Did you add an account?
                                                                                                    1. Go to Settings > System > Languages&input > Advanced
                                                                                                    2. Click on the settings icon next to the Autofill Service
                                                                                                    3. Add your account
2025-11-11 23:54:15.331 32714-32714 HandWritingStubImpl     com.runanywhere.startup_hackathon20  I  getCurrentKeyboardType: 1
2025-11-11 23:54:15.333 32714-32714 InsetsController        com.runanywhere.startup_hackathon20  D  show(ime(), fromIme=false)
2025-11-11 23:54:15.333 32714-32714 ImeTracker              com.runanywhere.startup_hackathon20  I  com.runanywhere.startup_hackathon20:a696aded: onRequestShow at ORIGIN_CLIENT reason SHOW_SOFT_INPUT_BY_INSETS_API fromUser false
2025-11-11 23:54:15.334 32714-32714 ImeTracker              com.runanywhere.startup_hackathon20  I  com.runanywhere.startup_hackathon20:a696aded: onCancelled at PHASE_CLIENT_APPLY_ANIMATION
2025-11-11 23:54:15.358 32714-32714 FileUtils               com.runanywhere.startup_hackathon20  E  err write to mi_exception_log
2025-11-11 23:54:15.391 32714-32714 ImeTracker              com.runanywhere.startup_hackathon20  I  com.runanywhere.startup_hackathon20:43623a73: onRequestShow at ORIGIN_CLIENT reason SHOW_SOFT_INPUT fromUser false
2025-11-11 23:54:15.391 32714-32714 InputMethodManager      com.runanywhere.startup_hackathon20  D  showSoftInput() view=androidx.compose.ui.platform.AndroidComposeView{7246c96 VFED..... .F...... 0,0-1080,2460 aid=1073741824} flags=0 reason=SHOW_SOFT_INPUT
2025-11-11 23:54:15.541 32714-32714 InsetsController        com.runanywhere.startup_hackathon20  D  show(ime(), fromIme=true)
2025-11-11 23:54:15.541 32714-32714 ImeTracker              com.runanywhere.startup_hackathon20  I  com.runanywhere.startup_hackathon20:daa87921: onCancelled at PHASE_CLIENT_APPLY_ANIMATION
2025-11-11 23:54:15.555 32714-32714 InsetsController        com.runanywhere.startup_hackathon20  D  show(ime(), fromIme=true)
2025-11-11 23:54:15.556 32714-32714 ImeTracker              com.runanywhere.startup_hackathon20  I  com.runanywhere.startup_hackathon20:43623a73: onCancelled at PHASE_CLIENT_APPLY_ANIMATION
2025-11-11 23:54:15.652 32714-309   RenderInspector         com.runanywhere.startup_hackathon20  W  QueueBuffer time out on com.runanywhere.startup_hackathon20/com.runanywhere.startup_hackathon20.MainActivity, count=1, avg=13 ms, max=13 ms.
2025-11-11 23:54:15.736 32714-309   RenderInspector         com.runanywhere.startup_hackathon20  W  DequeueBuffer time out on com.runanywhere.startup_hackathon20/com.runanywhere.startup_hackathon20.MainActivity, count=2, avg=12 ms, max=12 ms.
2025-11-11 23:54:15.840 32714-309   RenderInspector         com.runanywhere.startup_hackathon20  W  DequeueBuffer time out on com.runanywhere.startup_hackathon20/com.runanywhere.startup_hackathon20.MainActivity, count=2, avg=12 ms, max=12 ms.
2025-11-11 23:54:15.929  2849-3288  RTMode                  system_server                        E  pkgName: com.runanywhere.startup_hackathon20 has no permission
2025-11-11 23:54:15.939 32714-309   RenderInspector         com.runanywhere.startup_hackathon20  W  DequeueBuffer time out on com.runanywhere.startup_hackathon20/com.runanywhere.startup_hackathon20.MainActivity, count=2, avg=12 ms, max=13 ms.
2025-11-11 23:54:16.096 32714-32714 FileUtils               com.runanywhere.startup_hackathon20  E  err write to mi_exception_log
2025-11-11 23:54:16.115 32714-309   RenderInspector         com.runanywhere.startup_hackathon20  W  DequeueBuffer time out on com.runanywhere.startup_hackathon20/com.runanywhere.startup_hackathon20.MainActivity, count=2, avg=14 ms, max=17 ms.
2025-11-11 23:54:16.165  2849-3288  RTMode                  system_server                        E  pkgName: com.runanywhere.startup_hackathon20 has no permission
2025-11-11 23:54:16.374  2849-3288  RTMode                  system_server                        E  pkgName: com.runanywhere.startup_hackathon20 has no permission
2025-11-11 23:54:16.573 32714-309   RenderInspector         com.runanywhere.startup_hackathon20  W  DequeueBuffer time out on com.runanywhere.startup_hackathon20/com.runanywhere.startup_hackathon20.MainActivity, count=3, avg=12 ms, max=13 ms.
2025-11-11 23:54:16.646 32714-309   RenderInspector         com.runanywhere.startup_hackathon20  W  DequeueBuffer time out on com.runanywhere.startup_hackathon20/com.runanywhere.startup_hackathon20.MainActivity, count=2, avg=13 ms, max=14 ms.
2025-11-11 23:54:16.670  2849-3288  RTMode                  system_server                        E  pkgName: com.runanywhere.startup_hackathon20 has no permission
2025-11-11 23:54:16.984 32714-309   RenderInspector         com.runanywhere.startup_hackathon20  W  DequeueBuffer time out on com.runanywhere.startup_hackathon20/com.runanywhere.startup_hackathon20.MainActivity, count=17, avg=9 ms, max=14 ms.
2025-11-11 23:54:17.048 32714-309   RenderInspector         com.runanywhere.startup_hackathon20  W  DequeueBuffer time out on com.runanywhere.startup_hackathon20/com.runanywhere.startup_hackathon20.MainActivity, count=1, avg=14 ms, max=14 ms.
2025-11-11 23:54:17.144 32714-309   RenderInspector         com.runanywhere.startup_hackathon20  W  DequeueBuffer time out on com.runanywhere.startup_hackathon20/com.runanywhere.startup_hackathon20.MainActivity, count=2, avg=13 ms, max=13 ms.
2025-11-11 23:54:17.190  2849-3288  RTMode                  system_server                        E  pkgName: com.runanywhere.startup_hackathon20 has no permission
2025-11-11 23:54:17.315 32714-309   RenderInspector         com.runanywhere.startup_hackathon20  W  DequeueBuffer time out on com.runanywhere.startup_hackathon20/com.runanywhere.startup_hackathon20.MainActivity, count=7, avg=11 ms, max=13 ms.
2025-11-11 23:54:17.453  2849-3288  RTMode                  system_server                        E  pkgName: com.runanywhere.startup_hackathon20 has no permission
2025-11-11 23:54:17.567 32714-309   RenderInspector         com.runanywhere.startup_hackathon20  W  DequeueBuffer time out on com.runanywhere.startup_hackathon20/com.runanywhere.startup_hackathon20.MainActivity, count=13, avg=11 ms, max=14 ms.
2025-11-11 23:54:17.665 32714-309   RenderInspector         com.runanywhere.startup_hackathon20  W  DequeueBuffer time out on com.runanywhere.startup_hackathon20/com.runanywhere.startup_hackathon20.MainActivity, count=4, avg=10 ms, max=12 ms.
2025-11-11 23:54:17.743 32714-309   RenderInspector         com.runanywhere.startup_hackathon20  W  DequeueBuffer time out on com.runanywhere.startup_hackathon20/com.runanywhere.startup_hackathon20.MainActivity, count=2, avg=13 ms, max=14 ms.
2025-11-11 23:54:17.844 32714-309   RenderInspector         com.runanywhere.startup_hackathon20  W  DequeueBuffer time out on com.runanywhere.startup_hackathon20/com.runanywhere.startup_hackathon20.MainActivity, count=1, avg=12 ms, max=12 ms.
2025-11-11 23:54:17.937 32714-309   RenderInspector         com.runanywhere.startup_hackathon20  W  DequeueBuffer time out on com.runanywhere.startup_hackathon20/com.runanywhere.startup_hackathon20.MainActivity, count=2, avg=13 ms, max=13 ms.
2025-11-11 23:54:17.965  2849-3288  RTMode                  system_server                        E  pkgName: com.runanywhere.startup_hackathon20 has no permission
2025-11-11 23:54:18.097 32714-309   RenderInspector         com.runanywhere.startup_hackathon20  W  DequeueBuffer time out on com.runanywhere.startup_hackathon20/com.runanywhere.startup_hackathon20.MainActivity, count=5, avg=12 ms, max=13 ms.
2025-11-11 23:54:18.156 32714-309   RenderInspector         com.runanywhere.startup_hackathon20  W  DequeueBuffer time out on com.runanywhere.startup_hackathon20/com.runanywhere.startup_hackathon20.MainActivity, count=1, avg=12 ms, max=12 ms.
2025-11-11 23:54:18.167  2849-3288  RTMode                  system_server                        E  pkgName: com.runanywhere.startup_hackathon20 has no permission
2025-11-11 23:54:18.309  2849-3288  RTMode                  system_server                        E  pkgName: com.runanywhere.startup_hackathon20 has no permission
2025-11-11 23:54:18.346 32714-309   RenderInspector         com.runanywhere.startup_hackathon20  W  DequeueBuffer time out on com.runanywhere.startup_hackathon20/com.runanywhere.startup_hackathon20.MainActivity, count=9, avg=9 ms, max=13 ms.
2025-11-11 23:54:18.434 32714-309   RenderInspector         com.runanywhere.startup_hackathon20  W  DequeueBuffer time out on com.runanywhere.startup_hackathon20/com.runanywhere.startup_hackathon20.MainActivity, count=2, avg=12 ms, max=12 ms.
2025-11-11 23:54:18.476  2849-3288  RTMode                  system_server                        E  pkgName: com.runanywhere.startup_hackathon20 has no permission
2025-11-11 23:54:18.578 32714-309   RenderInspector         com.runanywhere.startup_hackathon20  W  DequeueBuffer time out on com.runanywhere.startup_hackathon20/com.runanywhere.startup_hackathon20.MainActivity, count=1, avg=15 ms, max=15 ms.
2025-11-11 23:54:19.039 32714-309   RenderInspector         com.runanywhere.startup_hackathon20  W  DequeueBuffer time out on com.runanywhere.startup_hackathon20/com.runanywhere.startup_hackathon20.MainActivity, count=7, avg=9 ms, max=14 ms.
2025-11-11 23:54:19.086  2849-3288  RTMode                  system_server                        E  pkgName: com.runanywhere.startup_hackathon20 has no permission
2025-11-11 23:54:19.104  2849-3288  RTMode                  system_server                        E  pkgName: com.runanywhere.startup_hackathon20 has no permission
2025-11-11 23:54:19.108  2849-3288  RTMode                  system_server                        E  pkgName: com.runanywhere.startup_hackathon20 has no permission
2025-11-11 23:54:19.112  2849-3288  RTMode                  system_server                        E  pkgName: com.runanywhere.startup_hackathon20 has no permission
2025-11-11 23:54:19.118  2849-3288  RTMode                  system_server                        E  pkgName: com.runanywhere.startup_hackathon20 has no permission
2025-11-11 23:54:19.121  2849-3288  RTMode                  system_server                        E  pkgName: com.runanywhere.startup_hackathon20 has no permission
2025-11-11 23:54:19.126  2849-3288  RTMode                  system_server                        E  pkgName: com.runanywhere.startup_hackathon20 has no permission
2025-11-11 23:54:19.130  2849-3288  RTMode                  system_server                        E  pkgName: com.runanywhere.startup_hackathon20 has no permission
2025-11-11 23:54:19.133  2849-3288  RTMode                  system_server                        E  pkgName: com.runanywhere.startup_hackathon20 has no permission
2025-11-11 23:54:19.139  2849-3288  RTMode                  system_server                        E  pkgName: com.runanywhere.startup_hackathon20 has no permission
2025-11-11 23:54:19.142  2849-3288  RTMode                  system_server                        E  pkgName: com.runanywhere.startup_hackathon20 has no permission
2025-11-11 23:54:19.146  2849-3288  RTMode                  system_server                        E  pkgName: com.runanywhere.startup_hackathon20 has no permission
2025-11-11 23:54:19.147  2849-3288  RTMode                  system_server                        E  pkgName: com.runanywhere.startup_hackathon20 has no permission
2025-11-11 23:54:19.151  2849-3288  RTMode                  system_server                        E  pkgName: com.runanywhere.startup_hackathon20 has no permission
2025-11-11 23:54:19.155  2849-3288  RTMode                  system_server                        E  pkgName: com.runanywhere.startup_hackathon20 has no permission
2025-11-11 23:54:19.161  2849-3288  RTMode                  system_server                        E  pkgName: com.runanywhere.startup_hackathon20 has no permission
2025-11-11 23:54:19.162  2849-3288  RTMode                  system_server                        E  pkgName: com.runanywhere.startup_hackathon20 has no permission
2025-11-11 23:54:19.168  2849-3288  RTMode                  system_server                        E  pkgName: com.runanywhere.startup_hackathon20 has no permission
2025-11-11 23:54:19.171  2849-3288  RTMode                  system_server                        E  pkgName: com.runanywhere.startup_hackathon20 has no permission
2025-11-11 23:54:19.175  2849-3288  RTMode                  system_server                        E  pkgName: com.runanywhere.startup_hackathon20 has no permission
2025-11-11 23:54:19.180  2849-3288  RTMode                  system_server                        E  pkgName: com.runanywhere.startup_hackathon20 has no permission
2025-11-11 23:54:19.184  2849-3288  RTMode                  system_server                        E  pkgName: com.runanywhere.startup_hackathon20 has no permission
2025-11-11 23:54:19.187  2849-3288  RTMode                  system_server                        E  pkgName: com.runanywhere.startup_hackathon20 has no permission
2025-11-11 23:54:19.192  2849-3288  RTMode                  system_server                        E  pkgName: com.runanywhere.startup_hackathon20 has no permission
2025-11-11 23:54:19.196  2849-3288  RTMode                  system_server                        E  pkgName: com.runanywhere.startup_hackathon20 has no permission
2025-11-11 23:54:19.200  2849-3288  RTMode                  system_server                        E  pkgName: com.runanywhere.startup_hackathon20 has no permission
2025-11-11 23:54:19.204  2849-3288  RTMode                  system_server                        E  pkgName: com.runanywhere.startup_hackathon20 has no permission
2025-11-11 23:54:19.208  2849-3288  RTMode                  system_server                        E  pkgName: com.runanywhere.startup_hackathon20 has no permission
2025-11-11 23:54:19.214  2849-3288  RTMode                  system_server                        E  pkgName: com.runanywhere.startup_hackathon20 has no permission
2025-11-11 23:54:19.217  2849-3288  RTMode                  system_server                        E  pkgName: com.runanywhere.startup_hackathon20 has no permission
2025-11-11 23:54:19.221  2849-3288  RTMode                  system_server                        E  pkgName: com.runanywhere.startup_hackathon20 has no permission
2025-11-11 23:54:19.225  2849-3288  RTMode                  system_server                        E  pkgName: com.runanywhere.startup_hackathon20 has no permission
2025-11-11 23:54:19.229  2849-3288  RTMode                  system_server                        E  pkgName: com.runanywhere.startup_hackathon20 has no permission
2025-11-11 23:54:19.234  2849-3288  RTMode                  system_server                        E  pkgName: com.runanywhere.startup_hackathon20 has no permission
2025-11-11 23:54:19.238  2849-3288  RTMode                  system_server                        E  pkgName: com.runanywhere.startup_hackathon20 has no permission
2025-11-11 23:54:19.242  2849-3288  RTMode                  system_server                        E  pkgName: com.runanywhere.startup_hackathon20 has no permission
2025-11-11 23:54:19.246  2849-3288  RTMode                  system_server                        E  pkgName: com.runanywhere.startup_hackathon20 has no permission
