2025-11-11 23:29:43.112 15645-15645 MIUIInput               com.runanywhere.startup_hackathon20  I  [MotionEvent] ViewRootImpl windowName 'com.runanywhere.startup_hackathon20/com.runanywhere.startup_hackathon20.MainActivity', { action=ACTION_UP, id[0]=0, pointerCount=1, eventTime=208265171, downTime=208265093, phoneEventTime=23:29:43.108 } moveCount:0
2025-11-11 23:29:43.609  2849-3288  RTMode                  system_server                        E  pkgName: com.runanywhere.startup_hackathon20 has no permission
2025-11-11 23:29:43.613 15645-15645 MIUIInput               com.runanywhere.startup_hackathon20  I  [MotionEvent] ViewRootImpl windowName 'com.runanywhere.startup_hackathon20/com.runanywhere.startup_hackathon20.MainActivity', { action=ACTION_DOWN, id[0]=0, pointerCount=1, eventTime=208265669, downTime=208265669, phoneEventTime=23:29:43.606 } moveCount:0
2025-11-11 23:29:43.628  2849-3288  RTMode                  system_server                        E  pkgName: com.runanywhere.startup_hackathon20 has no permission
2025-11-11 23:29:43.632  2849-3288  RTMode                  system_server                        E  pkgName: com.runanywhere.startup_hackathon20 has no permission
2025-11-11 23:29:43.636  2849-3288  RTMode                  system_server                        E  pkgName: com.runanywhere.startup_hackathon20 has no permission
2025-11-11 23:29:43.640  2849-3288  RTMode                  system_server                        E  pkgName: com.runanywhere.startup_hackathon20 has no permission
2025-11-11 23:29:43.645  2849-3288  RTMode                  system_server                        E  pkgName: com.runanywhere.startup_hackathon20 has no permission
2025-11-11 23:29:43.649  2849-3288  RTMode                  system_server                        E  pkgName: com.runanywhere.startup_hackathon20 has no permission
2025-11-11 23:29:43.650  2849-3288  RTMode                  system_server                        E  pkgName: com.runanywhere.startup_hackathon20 has no permission
2025-11-11 23:29:43.654  2849-3288  RTMode                  system_server                        E  pkgName: com.runanywhere.startup_hackathon20 has no permission
2025-11-11 23:29:43.657  2849-3288  RTMode                  system_server                        E  pkgName: com.runanywhere.startup_hackathon20 has no permission
2025-11-11 23:29:43.662  2849-3288  RTMode                  system_server                        E  pkgName: com.runanywhere.startup_hackathon20 has no permission
2025-11-11 23:29:43.665  2849-3288  RTMode                  system_server                        E  pkgName: com.runanywhere.startup_hackathon20 has no permission
2025-11-11 23:29:43.670  2849-3288  RTMode                  system_server                        E  pkgName: com.runanywhere.startup_hackathon20 has no permission
2025-11-11 23:29:43.674  2849-3288  RTMode                  system_server                        E  pkgName: com.runanywhere.startup_hackathon20 has no permission
2025-11-11 23:29:43.678  2849-3288  RTMode                  system_server                        E  pkgName: com.runanywhere.startup_hackathon20 has no permission
2025-11-11 23:29:43.682  2849-3288  RTMode                  system_server                        E  pkgName: com.runanywhere.startup_hackathon20 has no permission
2025-11-11 23:29:43.686  2849-3288  RTMode                  system_server                        E  pkgName: com.runanywhere.startup_hackathon20 has no permission
2025-11-11 23:29:43.691  2849-3288  RTMode                  system_server                        E  pkgName: com.runanywhere.startup_hackathon20 has no permission
2025-11-11 23:29:43.695  2849-3288  RTMode                  system_server                        E  pkgName: com.runanywhere.startup_hackathon20 has no permission
2025-11-11 23:29:43.699  2849-3288  RTMode                  system_server                        E  pkgName: com.runanywhere.startup_hackathon20 has no permission
2025-11-11 23:29:43.703  2849-3288  RTMode                  system_server                        E  pkgName: com.runanywhere.startup_hackathon20 has no permission
2025-11-11 23:29:43.707  2849-3288  RTMode                  system_server                        E  pkgName: com.runanywhere.startup_hackathon20 has no permission
2025-11-11 23:29:43.712  2849-3288  RTMode                  system_server                        E  pkgName: com.runanywhere.startup_hackathon20 has no permission
2025-11-11 23:29:43.716  2849-3288  RTMode                  system_server                        E  pkgName: com.runanywhere.startup_hackathon20 has no permission
2025-11-11 23:29:43.721 15645-15645 MIUIInput               com.runanywhere.startup_hackathon20  I  [MotionEvent] ViewRootImpl windowName 'com.runanywhere.startup_hackathon20/com.runanywhere.startup_hackathon20.MainActivity', { action=ACTION_UP, id[0]=0, pointerCount=1, eventTime=208265781, downTime=208265669, phoneEventTime=23:29:43.718 } moveCount:8
2025-11-11 23:29:44.301  2849-3288  RTMode                  system_server                        E  pkgName: com.runanywhere.startup_hackathon20 has no permission
2025-11-11 23:29:44.303 15645-15645 MIUIInput               com.runanywhere.startup_hackathon20  I  [MotionEvent] ViewRootImpl windowName 'com.runanywhere.startup_hackathon20/com.runanywhere.startup_hackathon20.MainActivity', { action=ACTION_DOWN, id[0]=0, pointerCount=1, eventTime=208266362, downTime=208266362, phoneEventTime=23:29:44.299 } moveCount:0
2025-11-11 23:29:44.313  2849-3288  RTMode                  system_server                        E  pkgName: com.runanywhere.startup_hackathon20 has no permission
2025-11-11 23:29:44.396 15645-15645 MIUIInput               com.runanywhere.startup_hackathon20  I  [MotionEvent] ViewRootImpl windowName 'com.runanywhere.startup_hackathon20/com.runanywhere.startup_hackathon20.MainActivity', { action=ACTION_UP, id[0]=0, pointerCount=1, eventTime=208266457, downTime=208266362, phoneEventTime=23:29:44.394 } moveCount:1
2025-11-11 23:29:53.537  2849-3288  RTMode                  system_server                        E  pkgName: com.runanywhere.startup_hackathon20 has no permission
2025-11-11 23:29:53.537 15645-15645 MIUIInput               com.runanywhere.startup_hackathon20  I  [MotionEvent] ViewRootImpl windowName 'com.runanywhere.startup_hackathon20/com.runanywhere.startup_hackathon20.MainActivity', { action=ACTION_DOWN, id[0]=0, pointerCount=1, eventTime=208275597, downTime=208275597, phoneEventTime=23:29:53.534 } moveCount:0
2025-11-11 23:29:53.552  2849-3288  RTMode                  system_server                        E  pkgName: com.runanywhere.startup_hackathon20 has no permission
2025-11-11 23:29:53.555  2849-3288  RTMode                  system_server                        E  pkgName: com.runanywhere.startup_hackathon20 has no permission
2025-11-11 23:29:53.559  2849-3288  RTMode                  system_server                        E  pkgName: com.runanywhere.startup_hackathon20 has no permission
2025-11-11 23:29:53.559  2849-3288  RTMode                  system_server                        E  pkgName: com.runanywhere.startup_hackathon20 has no permission
2025-11-11 23:29:53.563  2849-3288  RTMode                  system_server                        E  pkgName: com.runanywhere.startup_hackathon20 has no permission
2025-11-11 23:29:53.567  2849-3288  RTMode                  system_server                        E  pkgName: com.runanywhere.startup_hackathon20 has no permission
2025-11-11 23:29:53.571  2849-3288  RTMode                  system_server                        E  pkgName: com.runanywhere.startup_hackathon20 has no permission
2025-11-11 23:29:53.575  2849-3288  RTMode                  system_server                        E  pkgName: com.runanywhere.startup_hackathon20 has no permission
2025-11-11 23:29:53.579  2849-3288  RTMode                  system_server                        E  pkgName: com.runanywhere.startup_hackathon20 has no permission
2025-11-11 23:29:53.584  2849-3288  RTMode                  system_server                        E  pkgName: com.runanywhere.startup_hackathon20 has no permission
2025-11-11 23:29:53.588  2849-3288  RTMode                  system_server                        E  pkgName: com.runanywhere.startup_hackathon20 has no permission
2025-11-11 23:29:53.592  2849-3288  RTMode                  system_server                        E  pkgName: com.runanywhere.startup_hackathon20 has no permission
2025-11-11 23:29:53.597  2849-3288  RTMode                  system_server                        E  pkgName: com.runanywhere.startup_hackathon20 has no permission
2025-11-11 23:29:53.601  2849-3288  RTMode                  system_server                        E  pkgName: com.runanywhere.startup_hackathon20 has no permission
2025-11-11 23:29:53.605  2849-3288  RTMode                  system_server                        E  pkgName: com.runanywhere.startup_hackathon20 has no permission
2025-11-11 23:29:53.609  2849-3288  RTMode                  system_server                        E  pkgName: com.runanywhere.startup_hackathon20 has no permission
2025-11-11 23:29:53.613  2849-3288  RTMode                  system_server                        E  pkgName: com.runanywhere.startup_hackathon20 has no permission
2025-11-11 23:29:53.617  2849-3288  RTMode                  system_server                        E  pkgName: com.runanywhere.startup_hackathon20 has no permission
2025-11-11 23:29:53.622  2849-3288  RTMode                  system_server                        E  pkgName: com.runanywhere.startup_hackathon20 has no permission
2025-11-11 23:29:53.626  2849-3288  RTMode                  system_server                        E  pkgName: com.runanywhere.startup_hackathon20 has no permission
2025-11-11 23:29:53.630  2849-3288  RTMode                  system_server                        E  pkgName: com.runanywhere.startup_hackathon20 has no permission
2025-11-11 23:29:53.634  2849-3288  RTMode                  system_server                        E  pkgName: com.runanywhere.startup_hackathon20 has no permission
2025-11-11 23:29:53.638  2849-3288  RTMode                  system_server                        E  pkgName: com.runanywhere.startup_hackathon20 has no permission
2025-11-11 23:29:53.642  2849-3288  RTMode                  system_server                        E  pkgName: com.runanywhere.startup_hackathon20 has no permission
2025-11-11 23:29:53.647  2849-3288  RTMode                  system_server                        E  pkgName: com.runanywhere.startup_hackathon20 has no permission
2025-11-11 23:29:53.651  2849-3288  RTMode                  system_server                        E  pkgName: com.runanywhere.startup_hackathon20 has no permission
2025-11-11 23:29:53.656 15645-15645 MIUIInput               com.runanywhere.startup_hackathon20  I  [MotionEvent] ViewRootImpl windowName 'com.runanywhere.startup_hackathon20/com.runanywhere.startup_hackathon20.MainActivity', { action=ACTION_UP, id[0]=0, pointerCount=1, eventTime=208275716, downTime=208275597, phoneEventTime=23:29:53.653 } moveCount:9
2025-11-11 23:29:54.320 15645-15645 MIUIInput               com.runanywhere.startup_hackathon20  I  [MotionEvent] ViewRootImpl windowName 'com.runanywhere.startup_hackathon20/com.runanywhere.startup_hackathon20.MainActivity', { action=ACTION_DOWN, id[0]=0, pointerCount=1, eventTime=208276381, downTime=208276381, phoneEventTime=23:29:54.318 } moveCount:0
2025-11-11 23:29:54.320  2849-3288  RTMode                  system_server                        E  pkgName: com.runanywhere.startup_hackathon20 has no permission
2025-11-11 23:29:54.325  2849-3288  RTMode                  system_server                        E  pkgName: com.runanywhere.startup_hackathon20 has no permission
2025-11-11 23:29:54.328  2849-3288  RTMode                  system_server                        E  pkgName: com.runanywhere.startup_hackathon20 has no permission
2025-11-11 23:29:54.332  2849-3288  RTMode                  system_server                        E  pkgName: com.runanywhere.startup_hackathon20 has no permission
2025-11-11 23:29:54.332  2849-3288  RTMode                  system_server                        E  pkgName: com.runanywhere.startup_hackathon20 has no permission
2025-11-11 23:29:54.336  2849-3288  RTMode                  system_server                        E  pkgName: com.runanywhere.startup_hackathon20 has no permission
2025-11-11 23:29:54.340  2849-3288  RTMode                  system_server                        E  pkgName: com.runanywhere.startup_hackathon20 has no permission
2025-11-11 23:29:54.344  2849-3288  RTMode                  system_server                        E  pkgName: com.runanywhere.startup_hackathon20 has no permission
2025-11-11 23:29:54.348  2849-3288  RTMode                  system_server                        E  pkgName: com.runanywhere.startup_hackathon20 has no permission
2025-11-11 23:29:54.353  2849-3288  RTMode                  system_server                        E  pkgName: com.runanywhere.startup_hackathon20 has no permission
2025-11-11 23:29:54.356  2849-3288  RTMode                  system_server                        E  pkgName: com.runanywhere.startup_hackathon20 has no permission
2025-11-11 23:29:54.361  2849-3288  RTMode                  system_server                        E  pkgName: com.runanywhere.startup_hackathon20 has no permission
2025-11-11 23:29:54.365  2849-3288  RTMode                  system_server                        E  pkgName: com.runanywhere.startup_hackathon20 has no permission
2025-11-11 23:29:54.369  2849-3288  RTMode                  system_server                        E  pkgName: com.runanywhere.startup_hackathon20 has no permission
2025-11-11 23:29:54.373  2849-3288  RTMode                  system_server                        E  pkgName: com.runanywhere.startup_hackathon20 has no permission
2025-11-11 23:29:54.377  2849-3288  RTMode                  system_server                        E  pkgName: com.runanywhere.startup_hackathon20 has no permission
2025-11-11 23:29:54.381  2849-3288  RTMode                  system_server                        E  pkgName: com.runanywhere.startup_hackathon20 has no permission
2025-11-11 23:29:54.394 15645-15645 MIUIInput               com.runanywhere.startup_hackathon20  I  [MotionEvent] ViewRootImpl windowName 'com.runanywhere.startup_hackathon20/com.runanywhere.startup_hackathon20.MainActivity', { action=ACTION_UP, id[0]=0, pointerCount=1, eventTime=208276447, downTime=208276381, phoneEventTime=23:29:54.384 } moveCount:6
2025-11-11 23:30:06.521  2849-3288  RTMode                  system_server                        E  pkgName: com.runanywhere.startup_hackathon20 has no permission
2025-11-11 23:30:06.524 15645-15645 MIUIInput               com.runanywhere.startup_hackathon20  I  [MotionEvent] ViewRootImpl windowName 'com.runanywhere.startup_hackathon20/com.runanywhere.startup_hackathon20.MainActivity', { action=ACTION_DOWN, id[0]=0, pointerCount=1, eventTime=208288582, downTime=208288582, phoneEventTime=23:30:06.519 } moveCount:0
2025-11-11 23:30:06.528  2849-3288  RTMode                  system_server                        E  pkgName: com.runanywhere.startup_hackathon20 has no permission
2025-11-11 23:30:06.530  2849-3288  RTMode                  system_server                        E  pkgName: com.runanywhere.startup_hackathon20 has no permission
2025-11-11 23:30:06.534  2849-3288  RTMode                  system_server                        E  pkgName: com.runanywhere.startup_hackathon20 has no permission
2025-11-11 23:30:06.534  2849-3288  RTMode                  system_server                        E  pkgName: com.runanywhere.startup_hackathon20 has no permission
2025-11-11 23:30:06.538  2849-3288  RTMode                  system_server                        E  pkgName: com.runanywhere.startup_hackathon20 has no permission
2025-11-11 23:30:06.542  2849-3288  RTMode                  system_server                        E  pkgName: com.runanywhere.startup_hackathon20 has no permission
2025-11-11 23:30:06.547  2849-3288  RTMode                  system_server                        E  pkgName: com.runanywhere.startup_hackathon20 has no permission
2025-11-11 23:30:06.551  2849-3288  RTMode                  system_server                        E  pkgName: com.runanywhere.startup_hackathon20 has no permission
2025-11-11 23:30:06.555  2849-3288  RTMode                  system_server                        E  pkgName: com.runanywhere.startup_hackathon20 has no permission
2025-11-11 23:30:06.560  2849-3288  RTMode                  system_server                        E  pkgName: com.runanywhere.startup_hackathon20 has no permission
2025-11-11 23:30:06.564  2849-3288  RTMode                  system_server                        E  pkgName: com.runanywhere.startup_hackathon20 has no permission
2025-11-11 23:30:06.568  2849-3288  RTMode                  system_server                        E  pkgName: com.runanywhere.startup_hackathon20 has no permission
2025-11-11 23:30:06.573  2849-3288  RTMode                  system_server                        E  pkgName: com.runanywhere.startup_hackathon20 has no permission
2025-11-11 23:30:06.576  2849-3288  RTMode                  system_server                        E  pkgName: com.runanywhere.startup_hackathon20 has no permission
2025-11-11 23:30:06.582 15645-15645 MIUIInput               com.runanywhere.startup_hackathon20  I  [MotionEvent] ViewRootImpl windowName 'com.runanywhere.startup_hackathon20/com.runanywhere.startup_hackathon20.MainActivity', { action=ACTION_UP, id[0]=0, pointerCount=1, eventTime=208288642, downTime=208288582, phoneEventTime=23:30:06.579 } moveCount:5
2025-11-11 23:30:07.174 15645-15645 MIUIInput               com.runanywhere.startup_hackathon20  I  [MotionEvent] ViewRootImpl windowName 'com.runanywhere.startup_hackathon20/com.runanywhere.startup_hackathon20.MainActivity', { action=ACTION_DOWN, id[0]=0, pointerCount=1, eventTime=208289234, downTime=208289234, phoneEventTime=23:30:07.171 } moveCount:0
2025-11-11 23:30:07.174  2849-3288  RTMode                  system_server                        E  pkgName: com.runanywhere.startup_hackathon20 has no permission
2025-11-11 23:30:07.181  2849-3288  RTMode                  system_server                        E  pkgName: com.runanywhere.startup_hackathon20 has no permission
2025-11-11 23:30:07.185  2849-3288  RTMode                  system_server                        E  pkgName: com.runanywhere.startup_hackathon20 has no permission
2025-11-11 23:30:07.189  2849-3288  RTMode                  system_server                        E  pkgName: com.runanywhere.startup_hackathon20 has no permission
2025-11-11 23:30:07.193  2849-3288  RTMode                  system_server                        E  pkgName: com.runanywhere.startup_hackathon20 has no permission
2025-11-11 23:30:07.197  2849-3288  RTMode                  system_server                        E  pkgName: com.runanywhere.startup_hackathon20 has no permission
2025-11-11 23:30:07.197  2849-3288  RTMode                  system_server                        E  pkgName: com.runanywhere.startup_hackathon20 has no permission
2025-11-11 23:30:07.201  2849-3288  RTMode                  system_server                        E  pkgName: com.runanywhere.startup_hackathon20 has no permission
2025-11-11 23:30:07.205  2849-3288  RTMode                  system_server                        E  pkgName: com.runanywhere.startup_hackathon20 has no permission
2025-11-11 23:30:07.209  2849-3288  RTMode                  system_server                        E  pkgName: com.runanywhere.startup_hackathon20 has no permission
2025-11-11 23:30:07.214  2849-3288  RTMode                  system_server                        E  pkgName: com.runanywhere.startup_hackathon20 has no permission
2025-11-11 23:30:07.218  2849-3288  RTMode                  system_server                        E  pkgName: com.runanywhere.startup_hackathon20 has no permission
2025-11-11 23:30:07.222  2849-3288  RTMode                  system_server                        E  pkgName: com.runanywhere.startup_hackathon20 has no permission
2025-11-11 23:30:07.227  2849-3288  RTMode                  system_server                        E  pkgName: com.runanywhere.startup_hackathon20 has no permission
2025-11-11 23:30:07.231  2849-3288  RTMode                  system_server                        E  pkgName: com.runanywhere.startup_hackathon20 has no permission
2025-11-11 23:30:07.235  2849-3288  RTMode                  system_server                        E  pkgName: com.runanywhere.startup_hackathon20 has no permission
2025-11-11 23:30:07.239  2849-3288  RTMode                  system_server                        E  pkgName: com.runanywhere.startup_hackathon20 has no permission
2025-11-11 23:30:07.243  2849-3288  RTMode                  system_server                        E  pkgName: com.runanywhere.startup_hackathon20 has no permission
2025-11-11 23:30:07.247  2849-3288  RTMode                  system_server                        E  pkgName: com.runanywhere.startup_hackathon20 has no permission
2025-11-11 23:30:07.251  2849-3288  RTMode                  system_server                        E  pkgName: com.runanywhere.startup_hackathon20 has no permission
2025-11-11 23:30:07.256  2849-3288  RTMode                  system_server                        E  pkgName: com.runanywhere.startup_hackathon20 has no permission
2025-11-11 23:30:07.260  2849-3288  RTMode                  system_server                        E  pkgName: com.runanywhere.startup_hackathon20 has no permission
2025-11-11 23:30:07.264  2849-3288  RTMode                  system_server                        E  pkgName: com.runanywhere.startup_hackathon20 has no permission
2025-11-11 23:30:07.268  2849-3288  RTMode                  system_server                        E  pkgName: com.runanywhere.startup_hackathon20 has no permission
2025-11-11 23:30:07.272  2849-3288  RTMode                  system_server                        E  pkgName: com.runanywhere.startup_hackathon20 has no permission
2025-11-11 23:30:07.277 15645-15645 MIUIInput               com.runanywhere.startup_hackathon20  I  [MotionEvent] ViewRootImpl windowName 'com.runanywhere.startup_hackathon20/com.runanywhere.startup_hackathon20.MainActivity', { action=ACTION_UP, id[0]=0, pointerCount=1, eventTime=208289337, downTime=208289234, phoneEventTime=23:30:07.274 } moveCount:9
2025-11-11 23:30:07.516 15645-15645 MIUIInput               com.runanywhere.startup_hackathon20  I  [MotionEvent] ViewRootImpl windowName 'com.runanywhere.startup_hackathon20/com.runanywhere.startup_hackathon20.MainActivity', { action=ACTION_DOWN, id[0]=0, pointerCount=1, eventTime=208289576, downTime=208289576, phoneEventTime=23:30:07.513 } moveCount:0
2025-11-11 23:30:07.516  2849-3288  RTMode                  system_server                        E  pkgName: com.runanywhere.startup_hackathon20 has no permission
2025-11-11 23:30:07.523  2849-3288  RTMode                  system_server                        E  pkgName: com.runanywhere.startup_hackathon20 has no permission
2025-11-11 23:30:07.527  2849-3288  RTMode                  system_server                        E  pkgName: com.runanywhere.startup_hackathon20 has no permission
2025-11-11 23:30:07.531  2849-3288  RTMode                  system_server                        E  pkgName: com.runanywhere.startup_hackathon20 has no permission
2025-11-11 23:30:07.536  2849-3288  RTMode                  system_server                        E  pkgName: com.runanywhere.startup_hackathon20 has no permission
2025-11-11 23:30:07.536  2849-3288  RTMode                  system_server                        E  pkgName: com.runanywhere.startup_hackathon20 has no permission
2025-11-11 23:30:07.540  2849-3288  RTMode                  system_server                        E  pkgName: com.runanywhere.startup_hackathon20 has no permission
2025-11-11 23:30:07.543  2849-3288  RTMode                  system_server                        E  pkgName: com.runanywhere.startup_hackathon20 has no permission
2025-11-11 23:30:07.548  2849-3288  RTMode                  system_server                        E  pkgName: com.runanywhere.startup_hackathon20 has no permission
2025-11-11 23:30:07.552  2849-3288  RTMode                  system_server                        E  pkgName: com.runanywhere.startup_hackathon20 has no permission
2025-11-11 23:30:07.556  2849-3288  RTMode                  system_server                        E  pkgName: com.runanywhere.startup_hackathon20 has no permission
2025-11-11 23:30:07.561  2849-3288  RTMode                  system_server                        E  pkgName: com.runanywhere.startup_hackathon20 has no permission
2025-11-11 23:30:07.565  2849-3288  RTMode                  system_server                        E  pkgName: com.runanywhere.startup_hackathon20 has no permission
2025-11-11 23:30:07.569  2849-3288  RTMode                  system_server                        E  pkgName: com.runanywhere.startup_hackathon20 has no permission
2025-11-11 23:30:07.573  2849-3288  RTMode                  system_server                        E  pkgName: com.runanywhere.startup_hackathon20 has no permission
2025-11-11 23:30:07.578 15645-15645 MIUIInput               com.runanywhere.startup_hackathon20  I  [MotionEvent] ViewRootImpl windowName 'com.runanywhere.startup_hackathon20/com.runanywhere.startup_hackathon20.MainActivity', { action=ACTION_UP, id[0]=0, pointerCount=1, eventTime=208289638, downTime=208289576, phoneEventTime=23:30:07.575 } moveCount:5
2025-11-11 23:30:09.037  2849-3288  RTMode                  system_server                        E  pkgName: com.runanywhere.startup_hackathon20 has no permission
2025-11-11 23:30:09.041 15645-15645 MIUIInput               com.runanywhere.startup_hackathon20  I  [MotionEvent] ViewRootImpl windowName 'com.runanywhere.startup_hackathon20/com.runanywhere.startup_hackathon20.MainActivity', { action=ACTION_DOWN, id[0]=0, pointerCount=1, eventTime=208291097, downTime=208291097, phoneEventTime=23:30:09.034 } moveCount:0
2025-11-11 23:30:09.170 15645-15645 MIUIInput               com.runanywhere.startup_hackathon20  I  [MotionEvent] ViewRootImpl windowName 'com.runanywhere.startup_hackathon20/com.runanywhere.startup_hackathon20.MainActivity', { action=ACTION_UP, id[0]=0, pointerCount=1, eventTime=208291230, downTime=208291097, phoneEventTime=23:30:09.167 } moveCount:0
2025-11-11 23:30:34.483  2849-3288  RTMode                  system_server                        E  pkgName: com.runanywhere.startup_hackathon20 has no permission
2025-11-11 23:30:34.483 15645-15645 MIUIInput               com.runanywhere.startup_hackathon20  I  [MotionEvent] ViewRootImpl windowName 'com.runanywhere.startup_hackathon20/com.runanywhere.startup_hackathon20.MainActivity', { action=ACTION_DOWN, id[0]=0, pointerCount=1, eventTime=208316542, downTime=208316542, phoneEventTime=23:30:34.479 } moveCount:0
2025-11-11 23:30:34.626 15645-15645 MIUIInput               com.runanywhere.startup_hackathon20  I  [MotionEvent] ViewRootImpl windowName 'com.runanywhere.startup_hackathon20/com.runanywhere.startup_hackathon20.MainActivity', { action=ACTION_UP, id[0]=0, pointerCount=1, eventTime=208316683, downTime=208316542, phoneEventTime=23:30:34.620 } moveCount:0
2025-11-11 23:30:54.134  2849-3288  RTMode                  system_server                        E  pkgName: com.runanywhere.startup_hackathon20 has no permission
2025-11-11 23:30:54.156  2849-3288  RTMode                  system_server                        E  pkgName: com.runanywhere.startup_hackathon20 has no permission
2025-11-11 23:30:54.203  2849-3288  RTMode                  system_server                        E  pkgName: com.runanywhere.startup_hackathon20 has no permission
2025-11-11 23:30:54.215  2849-3288  RTMode                  system_server                        E  pkgName: com.runanywhere.startup_hackathon20 has no permission
2025-11-11 23:30:54.232 15645-15645 MIUIInput               com.runanywhere.startup_hackathon20  I  [KeyEvent] ViewRootImpl windowName 'com.runanywhere.startup_hackathon20/com.runanywhere.startup_hackathon20.MainActivity', KeyEvent { action=ACTION_DOWN, keyCode=KEYCODE_BACK, scanCode=0, metaState=0, flags=0x48, repeatCount=0, eventTime=208336199000000, downTime=208336199000000, deviceId=-1, source=0x101, displayId=0 }, phoneEventTime=23:30:54.136
2025-11-11 23:30:54.250 15645-15645 MIUIInput               com.runanywhere.startup_hackathon20  I  [KeyEvent] ViewRootImpl windowName 'com.runanywhere.startup_hackathon20/com.runanywhere.startup_hackathon20.MainActivity', KeyEvent { action=ACTION_UP, keyCode=KEYCODE_BACK, scanCode=0, metaState=0, flags=0x48, repeatCount=0, eventTime=208336282000000, downTime=208336199000000, deviceId=-1, source=0x101, displayId=0 }, phoneEventTime=23:30:54.219
2025-11-11 23:30:54.251 15645-15645 MIUIInput               com.runanywhere.startup_hackathon20  W  Back key is intercepted by the app
2025-11-11 23:30:54.394 15645-15645 FileUtils               com.runanywhere.startup_hackathon20  E  err write to mi_exception_log
2025-11-11 23:30:55.102  2849-3288  RTMode                  system_server                        E  pkgName: com.runanywhere.startup_hackathon20 has no permission
2025-11-11 23:30:55.171  2849-3288  RTMode                  system_server                        E  pkgName: com.runanywhere.startup_hackathon20 has no permission
2025-11-11 23:30:55.299  3971-5930  ActivityManagerWrapper  com.mi.android.globallauncher        E  getRecentTasksForceIncludingTaskIdIfValid: getRecentTasks: size=1
                                                                                                     mainTaskId=340   userId=0   windowMode=1   baseIntent=Intent { act=android.intent.action.MAIN flag=270532608 cmp=ComponentInfo{com.runanywhere.startup_hackathon20/com.runanywhere.startup_hackathon20.MainActivity} }
2025-11-11 23:30:55.375  2849-2910  WindowManager           system_server                        E   source = Task{3e78305 #340 type=standard A=10361:com.runanywhere.startup_hackathon20} excludeMiuiNavBar = true excludeMiuiStatusBar = true excludeIme = false excludeNavBar = true miuiNavSurfaceControl = Surface(name=Miui Fake NavBar#51)/@0xf2e800f miuiStatusSurfaceControl = Surface(name=Miui Fake StatusBar#50)/@0x578e0e9
2025-11-11 23:30:55.399  3971-5930  ActivityManagerWrapper  com.mi.android.globallauncher        E  getRecentTasksForceIncludingTaskIdIfValid: getRecentTasks: size=1
                                                                                                     mainTaskId=340   userId=0   windowMode=1   baseIntent=Intent { act=android.intent.action.MAIN flag=270532608 cmp=ComponentInfo{com.runanywhere.startup_hackathon20/com.runanywhere.startup_hackathon20.MainActivity} }
2025-11-11 23:30:55.427  3971-5930  ActivityManagerWrapper  com.mi.android.globallauncher        E  getRecentTasksForceIncludingTaskIdIfValid: getRecentTasks: size=1
                                                                                                     mainTaskId=340   userId=0   windowMode=1   baseIntent=Intent { act=android.intent.action.MAIN flag=270532608 cmp=ComponentInfo{com.runanywhere.startup_hackathon20/com.runanywhere.startup_hackathon20.MainActivity} }
2025-11-11 23:30:55.443  2849-4218  WindowManager           system_server                        E  setClientVisible ActivityRecord{b5a9713 u0 com.runanywhere.startup_hackathon20/.MainActivity t340} false
2025-11-11 23:30:55.489  3971-5930  ActivityManagerWrapper  com.mi.android.globallauncher        E  getRecentTasksForceIncludingTaskIdIfValid: getRecentTasks: size=1
                                                                                                     mainTaskId=340   userId=0   windowMode=1   baseIntent=Intent { act=android.intent.action.MAIN flag=270532608 cmp=ComponentInfo{com.runanywhere.startup_hackathon20/com.runanywhere.startup_hackathon20.MainActivity} }
2025-11-11 23:30:55.500 15645-15645 VRI[MainActivity]       com.runanywhere.startup_hackathon20  D  visibilityChanged oldVisibility=true newVisibility=false
2025-11-11 23:30:55.575 15645-15645 FileUtils               com.runanywhere.startup_hackathon20  E  err write to mi_exception_log
2025-11-11 23:30:55.621 15645-15645 ActivityThread          com.runanywhere.startup_hackathon20  D  Fail to check app heapsize due to java.lang.NoSuchMethodException: dalvik.system.VMRuntime.getBlockingGcCountForAlloc []
2025-11-11 23:30:55.771 15645-15645 ServerRepository        com.runanywhere.startup_hackathon20  D  Fetched 6 debate history records
---------------------------- PROCESS ENDED (15645) for package com.runanywhere.startup_hackathon20 ----------------------------
2025-11-11 23:30:57.203  3971-3971  PreStartUtils           com.mi.android.globallauncher        E  preLaunchProcess success infoPackage: com.runanywhere.startup_hackathon20
2025-11-11 23:30:57.256  2849-5635  WindowManager           system_server                        E  setClientVisible ActivityRecord{3068854 u0 com.runanywhere.startup_hackathon20/.MainActivity true
2025-11-11 23:30:57.275  2849-5635  WindowManager           system_server                        E  setClientVisible ActivityRecord{3068854 u0 com.runanywhere.startup_hackathon20/.MainActivity t341} true
2025-11-11 23:30:57.290 16636-16636 Zygote                  pid-16636                            E  process_name_ptr:16636 com.runanywhere.startup_hackathon20
2025-11-11 23:30:57.290 16636-16636 Zygote                  pid-16636                            E  SetMemoryProtected process_name_ptr:16636 com.runanywhere.startup_hackathon20
2025-11-11 23:30:57.318  3971-5930  ActivityManagerWrapper  com.mi.android.globallauncher        E  getRecentTasksForceIncludingTaskIdIfValid: getRecentTasks: size=1
                                                                                                     mainTaskId=341   userId=0   windowMode=1   baseIntent=Intent { act=android.intent.action.MAIN flag=270532608 cmp=ComponentInfo{com.runanywhere.startup_hackathon20/com.runanywhere.startup_hackathon20.MainActivity} }
2025-11-11 23:30:57.344  2849-2910  WindowManager           system_server                        E  setClientVisible ActivityRecord{3068854 u0 com.runanywhere.startup_hackathon20/.MainActivity t341} true
2025-11-11 23:30:57.394  3971-5930  ActivityManagerWrapper  com.mi.android.globallauncher        E  getRecentTasksForceIncludingTaskIdIfValid: getRecentTasks: size=1
                                                                                                     mainTaskId=341   userId=0   windowMode=1   baseIntent=Intent { act=android.intent.action.MAIN flag=270532608 cmp=ComponentInfo{com.runanywhere.startup_hackathon20/com.runanywhere.startup_hackathon20.MainActivity} }
---------------------------- PROCESS STARTED (16636) for package com.runanywhere.startup_hackathon20 ----------------------------
2025-11-11 23:30:57.435 16636-16653 AppScoutStateMachine    com.runanywhere.startup_hackathon20  D  16636-ScoutStateMachinecreated
2025-11-11 23:30:57.474 16636-16636 ActivityThread          com.runanywhere.startup_hackathon20  D  setEmbeddedParam packageName=com.runanywhere.startup_hackathon20 processName=com.runanywhere.startup_hackathon20 isEmbedded=false isIsolated=false
2025-11-11 23:30:57.639  3971-5930  ActivityManagerWrapper  com.mi.android.globallauncher        E  getRecentTasksForceIncludingTaskIdIfValid: getRecentTasks: size=1
                                                                                                     mainTaskId=341   userId=0   windowMode=1   baseIntent=Intent { act=android.intent.action.MAIN flag=270532608 cmp=ComponentInfo{com.runanywhere.startup_hackathon20/com.runanywhere.startup_hackathon20.MainActivity} }
2025-11-11 23:30:57.897 16636-16636 nativeloader            com.runanywhere.startup_hackathon20  D  Configuring clns-7 for other apk /data/app/~~ztej71tuWBU0BSWH0PAs_Q==/com.runanywhere.startup_hackathon20-9jOc4XLV-YIlCl4lSKrk3Q==/base.apk. target_sdk_version=36, uses_libraries=, library_path=/data/app/~~ztej71tuWBU0BSWH0PAs_Q==/com.runanywhere.startup_hackathon20-9jOc4XLV-YIlCl4lSKrk3Q==/lib/arm64:/data/app/~~ztej71tuWBU0BSWH0PAs_Q==/com.runanywhere.startup_hackathon20-9jOc4XLV-YIlCl4lSKrk3Q==/base.apk!/lib/arm64-v8a, permitted_path=/data:/mnt/expand:/data/user/0/com.runanywhere.startup_hackathon20
2025-11-11 23:30:57.911 16636-16636 Perf                    com.runanywhere.startup_hackathon20  I  Connecting to perf service.
2025-11-11 23:30:57.917 16636-16636 GraphicsEnvironment     com.runanywhere.startup_hackathon20  V  Currently set values for:
2025-11-11 23:30:57.917 16636-16636 GraphicsEnvironment     com.runanywhere.startup_hackathon20  V    angle_gl_driver_selection_pkgs=[]
2025-11-11 23:30:57.917 16636-16636 GraphicsEnvironment     com.runanywhere.startup_hackathon20  V    angle_gl_driver_selection_values=[]
2025-11-11 23:30:57.917 16636-16636 GraphicsEnvironment     com.runanywhere.startup_hackathon20  V  Global.Settings values are invalid: number of packages: 0, number of values: 0
2025-11-11 23:30:57.917 16636-16636 GraphicsEnvironment     com.runanywhere.startup_hackathon20  V  App is not on the allowlist for updatable production driver.
2025-11-11 23:30:57.920 16636-16657 ActivityThread          com.runanywhere.startup_hackathon20  I  TrafficStats init done
2025-11-11 23:30:57.924 16636-16636 ActivityThread          com.runanywhere.startup_hackathon20  D  useGrowthLimitOutExpendMethod invoke error.
2025-11-11 23:30:57.929 16636-16657 ForceDarkHelperStubImpl com.runanywhere.startup_hackathon20  I  initialize for com.runanywhere.startup_hackathon20 , ForceDarkOrigin
2025-11-11 23:30:57.933 16636-16657 nativeloader            com.runanywhere.startup_hackathon20  D  Load libforcedarkimpl.so using system ns (caller=/system_ext/framework/miui-framework.jar): ok
2025-11-11 23:30:57.934 16636-16657 HWUI                    com.runanywhere.startup_hackathon20  D  JNI_OnLoad success
2025-11-11 23:30:57.934 16636-16657 MiuiForceDarkConfig     com.runanywhere.startup_hackathon20  I  setConfig density:2.750000, mainRule:0, secondaryRule:0, tertiaryRule:0
2025-11-11 23:30:57.946 16636-16657 ActivityThread          com.runanywhere.startup_hackathon20  I  Miui Feature Init done
2025-11-11 23:30:57.948 16636-16636 libc                    com.runanywhere.startup_hackathon20  W  Access denied finding property "vendor.boostfwk.frameprefetcher"
2025-11-11 23:30:57.948 16636-16636 WM-WrkMgrInitializer    com.runanywhere.startup_hackathon20  D  Initializing WorkManager with default configuration.
2025-11-11 23:30:57.978 16636-16636 WM-PackageManagerHelper com.runanywhere.startup_hackathon20  D  Skipping component enablement for androidx.work.impl.background.systemjob.SystemJobService
2025-11-11 23:30:57.978 16636-16636 WM-Schedulers           com.runanywhere.startup_hackathon20  D  Created SystemJobScheduler and enabled SystemJobService
2025-11-11 23:30:57.993 16636-16669 WM-ForceStopRunnable    com.runanywhere.startup_hackathon20  D  The default process name was not specified.
2025-11-11 23:30:57.999 16636-16669 WM-ForceStopRunnable    com.runanywhere.startup_hackathon20  D  Performing cleanup operations.
2025-11-11 23:30:58.013 16636-16671 MyApp                   com.runanywhere.startup_hackathon20  I  ðŸš€ Initializing RunAnywhere SDK...
2025-11-11 23:30:58.021 16636-16636 FileUtils               com.runanywhere.startup_hackathon20  E  err open mi_exception_log errno=2
2025-11-11 23:30:58.021 16636-16636 FileUtils               com.runanywhere.startup_hackathon20  E  err write to mi_exception_log
2025-11-11 23:30:58.027 16636-16636 FramePredict            com.runanywhere.startup_hackathon20  D  FramePredict init: true
2025-11-11 23:30:58.033 16636-16657 ActivityThread          com.runanywhere.startup_hackathon20  I  HardwareRenderer preload  done
2025-11-11 23:30:58.043 16636-16677 libc                    com.runanywhere.startup_hackathon20  W  Access denied finding property "vendor.migl.debug"
2025-11-11 23:30:58.043 16636-16677 libMiGL                 com.runanywhere.startup_hackathon20  D  SuperResolution SR initSR mBaseSRWidthSize: 0, mBaseSRHeightSize: 0, mTargetSRWidthSize: 0, mTargetSRHeightSize: 0
2025-11-11 23:30:58.043 16636-16677 libMiGL                 com.runanywhere.startup_hackathon20  I  EnableDR: 0
2025-11-11 23:30:58.043 16636-16677 libMiGL                 com.runanywhere.startup_hackathon20  D  mDFIInterval: -1
2025-11-11 23:30:58.044 16636-16677 AdrenoGLES-0            com.runanywhere.startup_hackathon20  I  QUALCOMM build                   : a63fb93269, I16b8254a37
                                                                                                    Build Date                       : 08/27/24
                                                                                                    OpenGL ES Shader Compiler Version: EV031.36.08.30
                                                                                                    Local Branch                     :
                                                                                                    Remote Branch                    : refs/tags/AU_LINUX_ANDROID_LA.VENDOR.1.0.11.00.00.770.073
                                                                                                    Remote Branch                    : NONE
                                                                                                    Reconstruct Branch               : NOTHING
2025-11-11 23:30:58.044 16636-16677 AdrenoGLES-0            com.runanywhere.startup_hackathon20  I  Build Config                     : S P 12.1.1 AArch64
2025-11-11 23:30:58.044 16636-16677 AdrenoGLES-0            com.runanywhere.startup_hackathon20  I  Driver Path                      : /vendor/lib64/egl/libGLESv2_adreno.so
2025-11-11 23:30:58.044 16636-16677 AdrenoGLES-0            com.runanywhere.startup_hackathon20  I  Driver Version                   : 0615.91
2025-11-11 23:30:58.050 16636-16677 AdrenoGLES-0            com.runanywhere.startup_hackathon20  I  PFP: 0x016ee206, ME: 0x00000000
2025-11-11 23:30:58.087 16636-16671 RunAnywhere.Init        com.runanywhere.startup_hackathon20  I  Step 1/6: Skipping API key validation in development mode
2025-11-11 23:30:58.087 16636-16671 RunAnywhere.Init        com.runanywhere.startup_hackathon20  I  Step 2/6: Initializing logging system
2025-11-11 23:30:58.088 16636-16671 RunAnywhere.Init        com.runanywhere.startup_hackathon20  I  Step 3/6: Storing parameters locally
2025-11-11 23:30:58.088 16636-16671 RunAnywhere.Init        com.runanywhere.startup_hackathon20  I  Step 4/6: Initializing local database
2025-11-11 23:30:58.088 16636-16671 RunAnywhere.Android     com.runanywhere.startup_hackathon20  I  Initializing local database for Android
2025-11-11 23:30:58.088 16636-16671 RunAnywhere.Android     com.runanywhere.startup_hackathon20  I  MemoryMonitor initialized
2025-11-11 23:30:58.096 16636-16671 NetworkServiceFactory   com.runanywhere.startup_hackathon20  I  Creating NetworkService for environment: DEVELOPMENT
2025-11-11 23:30:58.096 16636-16671 NetworkServiceFactory   com.runanywhere.startup_hackathon20  I  ðŸ”§ Creating MockNetworkService for DEVELOPMENT environment
2025-11-11 23:30:58.106 16636-16671 MockNetworkService      com.runanywhere.startup_hackathon20  I  MockNetworkService initialized - all network calls will return mock data
2025-11-11 23:30:58.106 16636-16671 ServiceContainer        com.runanywhere.startup_hackathon20  I  ServiceContainer initialized with DEVELOPMENT environment
2025-11-11 23:30:58.106 16636-16671 RunAnywhere.Android     com.runanywhere.startup_hackathon20  I  ServiceContainer initialized with environment: DEVELOPMENT
2025-11-11 23:30:58.106 16636-16671 RunAnywhere.Init        com.runanywhere.startup_hackathon20  I  Step 5/6: Setting up local services
2025-11-11 23:30:58.106 16636-16671 RunAnywhere.Init        com.runanywhere.startup_hackathon20  D  Local services ready for lazy initialization
2025-11-11 23:30:58.106 16636-16671 RunAnywhere.Init        com.runanywhere.startup_hackathon20  I  Step 6/6: Bootstrapping services
2025-11-11 23:30:58.106 16636-16671 ServiceContainer        com.runanywhere.startup_hackathon20  I  ðŸ§ª DEVELOPMENT MODE: Starting comprehensive 8-step bootstrap process...
2025-11-11 23:30:58.113 16636-16671 ServiceContainer        com.runanywhere.startup_hackathon20  I  ðŸ”§ Step 1: Platform initialization & device info collection...
2025-11-11 23:30:58.115 16636-16636 libc                    com.runanywhere.startup_hackathon20  W  Access denied finding property "ro.vendor.df.effect.conflict"
2025-11-11 23:30:58.112 16636-16636 tup_hackathon20         com.runanywhere.startup_hackathon20  W  type=1400 audit(0.0:108971): avc:  denied  { read } for  name="u:object_r:vendor_displayfeature_prop:s0" dev="tmpfs" ino=451 scontext=u:r:untrusted_app:s0:c105,c257,c512,c768 tcontext=u:object_r:vendor_displayfeature_prop:s0 tclass=file permissive=0 app=com.runanywhere.startup_hackathon20
2025-11-11 23:30:58.117 16636-16636 SecurityManager         com.runanywhere.startup_hackathon20  D  checkAccessControl flag0
2025-11-11 23:30:58.121 16636-16671 ServiceContainer        com.runanywhere.startup_hackathon20  I     Device: Android API 35 on Xiaomi 23076PC4BI (8 cores, 5416MB RAM)
2025-11-11 23:30:58.121 16636-16671 ServiceContainer        com.runanywhere.startup_hackathon20  I  âœ… Step 1 completed
2025-11-11 23:30:58.121 16636-16671 ServiceContainer        com.runanywhere.startup_hackathon20  I  ðŸ”§ Step 2: Configuration loading (dev mode)...
2025-11-11 23:30:58.132 16636-16636 MiuiCamera...redManager com.runanywhere.startup_hackathon20  D  java.lang.NullPointerException: Attempt to invoke virtual method 'java.lang.String android.provider.MiuiSettings$SettingsCloudData$CloudData.getString(java.lang.String, java.lang.String)' on a null object reference
2025-11-11 23:30:58.133 16636-16671 ServiceContainer        com.runanywhere.startup_hackathon20  I  âœ… Step 2 completed
2025-11-11 23:30:58.133 16636-16671 ServiceContainer        com.runanywhere.startup_hackathon20  I  ðŸ”§ Step 3: Skipping authentication service in development mode...
2025-11-11 23:30:58.133 16636-16671 ServiceContainer        com.runanywhere.startup_hackathon20  I     Authentication skipped - using mock/local services only
2025-11-11 23:30:58.133 16636-16671 ServiceContainer        com.runanywhere.startup_hackathon20  I  âœ… Step 3 completed (authentication skipped)
2025-11-11 23:30:58.133 16636-16671 ServiceContainer        com.runanywhere.startup_hackathon20  I  ðŸ”§ Step 4: Model repository sync (fetching mock models)...
2025-11-11 23:30:58.134 16636-16636 FramePredict            com.runanywhere.startup_hackathon20  D  init success
2025-11-11 23:30:58.137 16636-16683 FramePredict            com.runanywhere.startup_hackathon20  E  registerContentObserver fail
2025-11-11 23:30:58.139 16636-16636 HWUI                    com.runanywhere.startup_hackathon20  W  Unknown dataspace 0
2025-11-11 23:30:58.146 16636-16671 ModelInfoService        com.runanywhere.startup_hackathon20  I  ModelInfoService initialized
2025-11-11 23:30:58.146 16636-16671 ModelInfoService        com.runanywhere.startup_hackathon20  D  Clearing model cache
2025-11-11 23:30:58.146 16636-16671 ModelInfoService        com.runanywhere.startup_hackathon20  I  Model cache cleared
2025-11-11 23:30:58.146 16636-16671 ServiceContainer        com.runanywhere.startup_hackathon20  I  ðŸ”„ Populating hardcoded mock models for development mode (avoiding network calls)
2025-11-11 23:30:58.155 16636-16671 ServiceContainer        com.runanywhere.startup_hackathon20  I  ðŸ“¦ Using 2 hardcoded mock models for development
2025-11-11 23:30:58.155 16636-16671 ServiceContainer        com.runanywhere.startup_hackathon20  I  ðŸ’¾ Saving model: whisper-base - Whisper Base
2025-11-11 23:30:58.155 16636-16671 ModelInfoService        com.runanywhere.startup_hackathon20  D  Saving model: whisper-base
2025-11-11 23:30:58.155 16636-16671 ModelInfoService        com.runanywhere.startup_hackathon20  D  Model validation passed for: whisper-base
2025-11-11 23:30:58.156 16636-16671 ModelInfoRepositoryImpl com.runanywhere.startup_hackathon20  D  Saved model: whisper-base, localPath: null
2025-11-11 23:30:58.156 16636-16671 ModelInfoService        com.runanywhere.startup_hackathon20  I  Model saved successfully: whisper-base
2025-11-11 23:30:58.156 16636-16671 ServiceContainer        com.runanywhere.startup_hackathon20  I  ðŸ’¾ Saving model: whisper-tiny - Whisper Tiny
2025-11-11 23:30:58.156 16636-16671 ModelInfoService        com.runanywhere.startup_hackathon20  D  Saving model: whisper-tiny
2025-11-11 23:30:58.156 16636-16671 ModelInfoService        com.runanywhere.startup_hackathon20  D  Model validation passed for: whisper-tiny
2025-11-11 23:30:58.156 16636-16671 ModelInfoRepositoryImpl com.runanywhere.startup_hackathon20  D  Saved model: whisper-tiny, localPath: null
2025-11-11 23:30:58.156 16636-16636 FileUtils               com.runanywhere.startup_hackathon20  E  err write to mi_exception_log
2025-11-11 23:30:58.157 16636-16671 ModelInfoService        com.runanywhere.startup_hackathon20  I  Model saved successfully: whisper-tiny
2025-11-11 23:30:58.157 16636-16671 ModelInfoService        com.runanywhere.startup_hackathon20  D  Getting all models
2025-11-11 23:30:58.157 16636-16671 ModelInfoRepositoryImpl com.runanywhere.startup_hackathon20  D  Fetching all models. Count: 2
2025-11-11 23:30:58.157 16636-16671 ModelInfoRepositoryImpl com.runanywhere.startup_hackathon20  D    - Whisper Base: localPath=null, isDownloaded=false
