2025-11-11 23:56:07.979 32714-1432  llama-android           com.runanywhere.startup_hackathon20  I  print_info: causal attn      = 1
2025-11-11 23:56:07.979 32714-1432  llama-android           com.runanywhere.startup_hackathon20  I  print_info: pooling type     = -1
2025-11-11 23:56:07.979 32714-1432  llama-android           com.runanywhere.startup_hackathon20  I  print_info: rope type        = 2
2025-11-11 23:56:07.979 32714-1432  llama-android           com.runanywhere.startup_hackathon20  I  print_info: rope scaling     = linear
2025-11-11 23:56:07.979 32714-1432  llama-android           com.runanywhere.startup_hackathon20  I  print_info: freq_base_train  = 1000000.0
2025-11-11 23:56:07.979 32714-1432  llama-android           com.runanywhere.startup_hackathon20  I  print_info: freq_scale_train = 1
2025-11-11 23:56:07.979 32714-1432  llama-android           com.runanywhere.startup_hackathon20  I  print_info: n_ctx_orig_yarn  = 32768
2025-11-11 23:56:07.979 32714-1432  llama-android           com.runanywhere.startup_hackathon20  I  print_info: rope_finetuned   = unknown
2025-11-11 23:56:07.979 32714-1432  llama-android           com.runanywhere.startup_hackathon20  I  print_info: model type       = 3B
2025-11-11 23:56:07.979 32714-1432  llama-android           com.runanywhere.startup_hackathon20  I  print_info: model params     = 3.40 B
2025-11-11 23:56:07.979 32714-1432  llama-android           com.runanywhere.startup_hackathon20  I  print_info: general.name     = qwen2.5-3b-instruct
2025-11-11 23:56:07.979 32714-1432  llama-android           com.runanywhere.startup_hackathon20  I  print_info: vocab type       = BPE
2025-11-11 23:56:07.979 32714-1432  llama-android           com.runanywhere.startup_hackathon20  I  print_info: n_vocab          = 151936
2025-11-11 23:56:07.979 32714-1432  llama-android           com.runanywhere.startup_hackathon20  I  print_info: n_merges         = 151387
2025-11-11 23:56:07.979 32714-1432  llama-android           com.runanywhere.startup_hackathon20  I  print_info: BOS token        = 151643 '<|endoftext|>'
2025-11-11 23:56:07.979 32714-1432  llama-android           com.runanywhere.startup_hackathon20  I  print_info: EOS token        = 151645 '<|im_end|>'
2025-11-11 23:56:07.979 32714-1432  llama-android           com.runanywhere.startup_hackathon20  I  print_info: EOT token        = 151645 '<|im_end|>'
2025-11-11 23:56:07.979 32714-1432  llama-android           com.runanywhere.startup_hackathon20  I  print_info: PAD token        = 151643 '<|endoftext|>'
2025-11-11 23:56:07.979 32714-1432  llama-android           com.runanywhere.startup_hackathon20  I  print_info: LF token         = 198 ''
2025-11-11 23:56:07.979 32714-1432  llama-android           com.runanywhere.startup_hackathon20  I  print_info: FIM PRE token    = 151659 '<|fim_prefix|>'
2025-11-11 23:56:07.979 32714-1432  llama-android           com.runanywhere.startup_hackathon20  I  print_info: FIM SUF token    = 151661 '<|fim_suffix|>'
2025-11-11 23:56:07.979 32714-1432  llama-android           com.runanywhere.startup_hackathon20  I  print_info: FIM MID token    = 151660 '<|fim_middle|>'
2025-11-11 23:56:07.979 32714-1432  llama-android           com.runanywhere.startup_hackathon20  I  print_info: FIM PAD token    = 151662 '<|fim_pad|>'
2025-11-11 23:56:07.979 32714-1432  llama-android           com.runanywhere.startup_hackathon20  I  print_info: FIM REP token    = 151663 '<|repo_name|>'
2025-11-11 23:56:07.979 32714-1432  llama-android           com.runanywhere.startup_hackathon20  I  print_info: FIM SEP token    = 151664 '<|file_sep|>'
2025-11-11 23:56:07.979 32714-1432  llama-android           com.runanywhere.startup_hackathon20  I  print_info: EOG token        = 151643 '<|endoftext|>'
2025-11-11 23:56:07.979 32714-1432  llama-android           com.runanywhere.startup_hackathon20  I  print_info: EOG token        = 151645 '<|im_end|>'
2025-11-11 23:56:07.979 32714-1432  llama-android           com.runanywhere.startup_hackathon20  I  print_info: EOG token        = 151662 '<|fim_pad|>'
2025-11-11 23:56:07.979 32714-1432  llama-android           com.runanywhere.startup_hackathon20  I  print_info: EOG token        = 151663 '<|repo_name|>'
2025-11-11 23:56:07.979 32714-1432  llama-android           com.runanywhere.startup_hackathon20  I  print_info: EOG token        = 151664 '<|file_sep|>'
2025-11-11 23:56:07.979 32714-1432  llama-android           com.runanywhere.startup_hackathon20  I  print_info: max token length = 256
2025-11-11 23:56:07.979 32714-1432  llama-android           com.runanywhere.startup_hackathon20  I  load_tensors: loading model tensors, this can take a while... (mmap = true)
2025-11-11 23:56:08.961 32714-32732 tup_hackathon20         com.runanywhere.startup_hackathon20  I  NativeAlloc concurrent mark compact GC freed 5149KB AllocSpace bytes, 0(0B) LOS objects, 49% free, 11MB/22MB, paused 325us,5.731ms total 97.986ms
2025-11-11 23:56:11.725 32714-32714 FileUtils               com.runanywhere.startup_hackathon20  E  err write to mi_exception_log
2025-11-11 23:56:12.141 32714-32714 FileUtils               com.runanywhere.startup_hackathon20  E  err write to mi_exception_log
2025-11-11 23:56:13.143 32714-32714 FileUtils               com.runanywhere.startup_hackathon20  E  err write to mi_exception_log
2025-11-11 23:56:13.438 32714-32714 FileUtils               com.runanywhere.startup_hackathon20  E  err write to mi_exception_log
2025-11-11 23:56:14.109 32714-1432  llama-android           com.runanywhere.startup_hackathon20  I  load_tensors:   CPU_Mapped model buffer size =  2658.32 MiB
2025-11-11 23:56:14.115 32714-1432  llama-android           com.runanywhere.startup_hackathon20  I  Using 6 threads (context size: 4096)
2025-11-11 23:56:14.115 32714-1432  llama-android           com.runanywhere.startup_hackathon20  I  llama_context: constructing llama_context
2025-11-11 23:56:14.115 32714-1432  llama-android           com.runanywhere.startup_hackathon20  I  llama_context: n_seq_max     = 1
2025-11-11 23:56:14.115 32714-1432  llama-android           com.runanywhere.startup_hackathon20  I  llama_context: n_ctx         = 4096
2025-11-11 23:56:14.115 32714-1432  llama-android           com.runanywhere.startup_hackathon20  I  llama_context: n_ctx_per_seq = 4096
2025-11-11 23:56:14.115 32714-1432  llama-android           com.runanywhere.startup_hackathon20  I  llama_context: n_batch       = 4096
2025-11-11 23:56:14.115 32714-1432  llama-android           com.runanywhere.startup_hackathon20  I  llama_context: n_ubatch      = 512
2025-11-11 23:56:14.115 32714-1432  llama-android           com.runanywhere.startup_hackathon20  I  llama_context: causal_attn   = 1
2025-11-11 23:56:14.115 32714-1432  llama-android           com.runanywhere.startup_hackathon20  I  llama_context: flash_attn    = auto
2025-11-11 23:56:14.115 32714-1432  llama-android           com.runanywhere.startup_hackathon20  I  llama_context: kv_unified    = false
2025-11-11 23:56:14.115 32714-1432  llama-android           com.runanywhere.startup_hackathon20  I  llama_context: freq_base     = 1000000.0
2025-11-11 23:56:14.117 32714-1432  llama-android           com.runanywhere.startup_hackathon20  I  llama_context: freq_scale    = 1
2025-11-11 23:56:14.117 32714-1432  llama-android           com.runanywhere.startup_hackathon20  W  llama_context: n_ctx_per_seq (4096) < n_ctx_train (32768) -- the full capacity of the model will not be utilized
2025-11-11 23:56:14.117 32714-1432  llama-android           com.runanywhere.startup_hackathon20  I  llama_context:        CPU  output buffer size =     0.58 MiB
2025-11-11 23:56:14.117 32714-1432  llama-android           com.runanywhere.startup_hackathon20  I  llama_kv_cache:        CPU KV buffer size =   144.00 MiB
2025-11-11 23:56:14.223 32714-32714 FileUtils               com.runanywhere.startup_hackathon20  E  err write to mi_exception_log
2025-11-11 23:56:14.245 32714-32732 tup_hackathon20         com.runanywhere.startup_hackathon20  I  NativeAlloc concurrent mark compact GC freed 6484KB AllocSpace bytes, 0(0B) LOS objects, 49% free, 11MB/22MB, paused 381us,17.797ms total 115.397ms
2025-11-11 23:56:14.267 32714-1432  llama-android           com.runanywhere.startup_hackathon20  I  llama_kv_cache: size =  144.00 MiB (  4096 cells,  36 layers,  1/1 seqs), K (f16):   72.00 MiB, V (f16):   72.00 MiB
2025-11-11 23:56:14.271 32714-1432  llama-android           com.runanywhere.startup_hackathon20  I  llama_context: Flash Attention was auto, set to enabled
2025-11-11 23:56:14.275 32714-1432  llama-android           com.runanywhere.startup_hackathon20  I  llama_context:        CPU compute buffer size =   304.75 MiB
2025-11-11 23:56:14.275 32714-1432  llama-android           com.runanywhere.startup_hackathon20  I  llama_context: graph nodes  = 1231
2025-11-11 23:56:14.275 32714-1432  llama-android           com.runanywhere.startup_hackathon20  I  llama_context: graph splits = 1
2025-11-11 23:56:14.277 32714-1432  llama-android           com.runanywhere.startup_hackathon20  I  Created sampler: temp=0.70, min_p=0.05, top_k=40
2025-11-11 23:56:14.284 32714-1432  LLamaAndroid            com.runanywhere.startup_hackathon20  I  Model loaded successfully: /data/user/0/com.runanywhere.startup_hackathon20/files/models/llama_cpp/390496801/390496801.gguf
2025-11-11 23:56:14.285 32714-334   LlamaCppService         com.runanywhere.startup_hackathon20  I   Initialized llama.cpp successfully
2025-11-11 23:56:14.286 32714-334   LlamaCppServiceProvider com.runanywhere.startup_hackathon20  I  LlamaCpp service created successfully
2025-11-11 23:56:14.286 32714-334   LlamaCppService         com.runanywhere.startup_hackathon20  I  Already initialized, unloading previous model
2025-11-11 23:56:14.287 32714-334   LlamaCppService         com.runanywhere.startup_hackathon20  I  Cleaning up llama.cpp context
2025-11-11 23:56:14.287 32714-1432  LLamaAndroid            com.runanywhere.startup_hackathon20  I  Unloading model
2025-11-11 23:56:14.290 32714-32714 FileUtils               com.runanywhere.startup_hackathon20  E  err write to mi_exception_log
2025-11-11 23:56:14.399 32714-32714 FileUtils               com.runanywhere.startup_hackathon20  E  err write to mi_exception_log
2025-11-11 23:56:14.480 32714-1432  LLamaAndroid            com.runanywhere.startup_hackathon20  I  Model unloaded successfully
2025-11-11 23:56:14.480 32714-32766 LlamaCppService         com.runanywhere.startup_hackathon20  I  Cleaned up llama.cpp context
2025-11-11 23:56:14.480 32714-32766 LlamaCppService         com.runanywhere.startup_hackathon20  I  Initializing llama.cpp with model: /data/user/0/com.runanywhere.startup_hackathon20/files/models/llama_cpp/390496801/390496801.gguf
2025-11-11 23:56:14.481 32714-1432  LLamaAndroid            com.runanywhere.startup_hackathon20  I  Loading model from: /data/user/0/com.runanywhere.startup_hackathon20/files/models/llama_cpp/390496801/390496801.gguf
2025-11-11 23:56:14.481 32714-1432  LLamaAndroid            com.runanywhere.startup_hackathon20  I  Config: contextSize=4096, threads=0, temp=0.7, minP=0.05, topK=40
2025-11-11 23:56:14.481 32714-1432  llama-android           com.runanywhere.startup_hackathon20  I  Loading model from /data/user/0/com.runanywhere.startup_hackathon20/files/models/llama_cpp/390496801/390496801.gguf
2025-11-11 23:56:14.552 32714-1432  llama-android           com.runanywhere.startup_hackathon20  I  llama_model_loader: loaded meta data with 26 key-value pairs and 435 tensors from /data/user/0/com.runanywhere.startup_hackathon20/files/models/llama_cpp/390496801/390496801.gguf (version GGUF V3 (latest))
2025-11-11 23:56:14.552 32714-1432  llama-android           com.runanywhere.startup_hackathon20  I  llama_model_loader: Dumping metadata keys/values. Note: KV overrides do not apply in this output.
2025-11-11 23:56:14.552 32714-1432  llama-android           com.runanywhere.startup_hackathon20  I  llama_model_loader: - kv   0:                       general.architecture str              = qwen2
2025-11-11 23:56:14.553 32714-1432  llama-android           com.runanywhere.startup_hackathon20  I  llama_model_loader: - kv   1:                               general.type str              = model
2025-11-11 23:56:14.553 32714-1432  llama-android           com.runanywhere.startup_hackathon20  I  llama_model_loader: - kv   2:                               general.name str              = qwen2.5-3b-instruct
2025-11-11 23:56:14.553 32714-1432  llama-android           com.runanywhere.startup_hackathon20  I  llama_model_loader: - kv   3:                            general.version str              = v0.1-v0.1
2025-11-11 23:56:14.553 32714-1432  llama-android           com.runanywhere.startup_hackathon20  I  llama_model_loader: - kv   4:                           general.finetune str              = qwen2.5-3b-instruct
2025-11-11 23:56:14.553 32714-1432  llama-android           com.runanywhere.startup_hackathon20  I  llama_model_loader: - kv   5:                         general.size_label str              = 3.4B
2025-11-11 23:56:14.553 32714-1432  llama-android           com.runanywhere.startup_hackathon20  I  llama_model_loader: - kv   6:                          qwen2.block_count u32              = 36
2025-11-11 23:56:14.553 32714-1432  llama-android           com.runanywhere.startup_hackathon20  I  llama_model_loader: - kv   7:                       qwen2.context_length u32              = 32768
2025-11-11 23:56:14.553 32714-1432  llama-android           com.runanywhere.startup_hackathon20  I  llama_model_loader: - kv   8:                     qwen2.embedding_length u32              = 2048
2025-11-11 23:56:14.553 32714-1432  llama-android           com.runanywhere.startup_hackathon20  I  llama_model_loader: - kv   9:                  qwen2.feed_forward_length u32              = 11008
2025-11-11 23:56:14.553 32714-1432  llama-android           com.runanywhere.startup_hackathon20  I  llama_model_loader: - kv  10:                 qwen2.attention.head_count u32              = 16
2025-11-11 23:56:14.553 32714-1432  llama-android           com.runanywhere.startup_hackathon20  I  llama_model_loader: - kv  11:              qwen2.attention.head_count_kv u32              = 2
2025-11-11 23:56:14.553 32714-1432  llama-android           com.runanywhere.startup_hackathon20  I  llama_model_loader: - kv  12:                       qwen2.rope.freq_base f32              = 1000000.000000
2025-11-11 23:56:14.553 32714-1432  llama-android           com.runanywhere.startup_hackathon20  I  llama_model_loader: - kv  13:     qwen2.attention.layer_norm_rms_epsilon f32              = 0.000001
2025-11-11 23:56:14.553 32714-1432  llama-android           com.runanywhere.startup_hackathon20  I  llama_model_loader: - kv  14:                          general.file_type u32              = 18
2025-11-11 23:56:14.553 32714-1432  llama-android           com.runanywhere.startup_hackathon20  I  llama_model_loader: - kv  15:                       tokenizer.ggml.model str              = gpt2
2025-11-11 23:56:14.553 32714-1432  llama-android           com.runanywhere.startup_hackathon20  I  llama_model_loader: - kv  16:                         tokenizer.ggml.pre str              = qwen2
2025-11-11 23:56:14.601 32714-1432  llama-android           com.runanywhere.startup_hackathon20  I  llama_model_loader: - kv  17:                      tokenizer.ggml.tokens arr[str,151936]  = ["!", "\"", "#", "$", "", "&", "'", ...
2025-11-11 23:56:14.614 32714-1432  llama-android           com.runanywhere.startup_hackathon20  I  llama_model_loader: - kv  18:                  tokenizer.ggml.token_type arr[i32,151936]  = [1, 1, 1, 1, 1, 1, 1, 1, 1, 1, 1, 1, ...
2025-11-11 23:56:14.660 32714-1432  llama-android           com.runanywhere.startup_hackathon20  I  llama_model_loader: - kv  19:                      tokenizer.ggml.merges arr[str,151387]  = [" ", " ", "i n", " t",...
2025-11-11 23:56:14.661 32714-1432  llama-android           com.runanywhere.startup_hackathon20  I  llama_model_loader: - kv  20:                tokenizer.ggml.eos_token_id u32              = 151645
2025-11-11 23:56:14.661 32714-1432  llama-android           com.runanywhere.startup_hackathon20  I  llama_model_loader: - kv  21:            tokenizer.ggml.padding_token_id u32              = 151643
2025-11-11 23:56:14.661 32714-1432  llama-android           com.runanywhere.startup_hackathon20  I  llama_model_loader: - kv  22:                tokenizer.ggml.bos_token_id u32              = 151643
2025-11-11 23:56:14.661 32714-1432  llama-android           com.runanywhere.startup_hackathon20  I  llama_model_loader: - kv  23:               tokenizer.ggml.add_bos_token bool             = false
2025-11-11 23:56:14.661 32714-1432  llama-android           com.runanywhere.startup_hackathon20  I  llama_model_loader: - kv  24:                    tokenizer.chat_template str              = { 0f tools }\n    {{- '<|im_start|>...
2025-11-11 23:56:14.661 32714-1432  llama-android           com.runanywhere.startup_hackathon20  I  llama_model_loader: - kv  25:               general.quantization_version u32              = 2
2025-11-11 23:56:14.661 32714-1432  llama-android           com.runanywhere.startup_hackathon20  I  llama_model_loader: - type  f32:  181 tensors
2025-11-11 23:56:14.661 32714-1432  llama-android           com.runanywhere.startup_hackathon20  I  llama_model_loader: - type q6_K:  254 tensors
2025-11-11 23:56:14.661 32714-1432  llama-android           com.runanywhere.startup_hackathon20  I  print_info: file format = GGUF V3 (latest)
2025-11-11 23:56:14.661 32714-1432  llama-android           com.runanywhere.startup_hackathon20  I  print_info: file type   = Q6_K
2025-11-11 23:56:14.661 32714-1432  llama-android           com.runanywhere.startup_hackathon20  I  print_info: file size   = 2.60 GiB (6.56 BPW)
2025-11-11 23:56:15.001 32714-1432  llama-android           com.runanywhere.startup_hackathon20  I  load: printing all EOG tokens:
2025-11-11 23:56:15.001 32714-1432  llama-android           com.runanywhere.startup_hackathon20  I  load:   - 151643 ('<|endoftext|>')
2025-11-11 23:56:15.001 32714-1432  llama-android           com.runanywhere.startup_hackathon20  I  load:   - 151645 ('<|im_end|>')
2025-11-11 23:56:15.001 32714-1432  llama-android           com.runanywhere.startup_hackathon20  I  load:   - 151662 ('<|fim_pad|>')
2025-11-11 23:56:15.001 32714-1432  llama-android           com.runanywhere.startup_hackathon20  I  load:   - 151663 ('<|repo_name|>')
2025-11-11 23:56:15.001 32714-1432  llama-android           com.runanywhere.startup_hackathon20  I  load:   - 151664 ('<|file_sep|>')
2025-11-11 23:56:15.001 32714-1432  llama-android           com.runanywhere.startup_hackathon20  I  load: special tokens cache size = 22
2025-11-11 23:56:15.107 32714-1432  llama-android           com.runanywhere.startup_hackathon20  I  load: token to piece cache size = 0.9310 MB
2025-11-11 23:56:15.107 32714-1432  llama-android           com.runanywhere.startup_hackathon20  I  print_info: arch             = qwen2
2025-11-11 23:56:15.107 32714-1432  llama-android           com.runanywhere.startup_hackathon20  I  print_info: vocab_only       = 0
2025-11-11 23:56:15.107 32714-1432  llama-android           com.runanywhere.startup_hackathon20  I  print_info: n_ctx_train      = 32768
2025-11-11 23:56:15.107 32714-1432  llama-android           com.runanywhere.startup_hackathon20  I  print_info: n_embd           = 2048
2025-11-11 23:56:15.107 32714-1432  llama-android           com.runanywhere.startup_hackathon20  I  print_info: n_layer          = 36
2025-11-11 23:56:15.107 32714-1432  llama-android           com.runanywhere.startup_hackathon20  I  print_info: n_head           = 16
2025-11-11 23:56:15.107 32714-1432  llama-android           com.runanywhere.startup_hackathon20  I  print_info: n_head_kv        = 2
2025-11-11 23:56:15.107 32714-1432  llama-android           com.runanywhere.startup_hackathon20  I  print_info: n_rot            = 128
2025-11-11 23:56:15.107 32714-1432  llama-android           com.runanywhere.startup_hackathon20  I  print_info: n_swa            = 0
2025-11-11 23:56:15.107 32714-1432  llama-android           com.runanywhere.startup_hackathon20  I  print_info: is_swa_any       = 0
2025-11-11 23:56:15.107 32714-1432  llama-android           com.runanywhere.startup_hackathon20  I  print_info: n_embd_head_k    = 128
2025-11-11 23:56:15.107 32714-1432  llama-android           com.runanywhere.startup_hackathon20  I  print_info: n_embd_head_v    = 128
2025-11-11 23:56:15.107 32714-1432  llama-android           com.runanywhere.startup_hackathon20  I  print_info: n_gqa            = 8
2025-11-11 23:56:15.107 32714-1432  llama-android           com.runanywhere.startup_hackathon20  I  print_info: n_embd_k_gqa     = 256
2025-11-11 23:56:15.107 32714-1432  llama-android           com.runanywhere.startup_hackathon20  I  print_info: n_embd_v_gqa     = 256
2025-11-11 23:56:15.107 32714-1432  llama-android           com.runanywhere.startup_hackathon20  I  print_info: f_norm_eps       = 0.0e+00
2025-11-11 23:56:15.107 32714-1432  llama-android           com.runanywhere.startup_hackathon20  I  print_info: f_norm_rms_eps   = 1.0e-06
2025-11-11 23:56:15.107 32714-1432  llama-android           com.runanywhere.startup_hackathon20  I  print_info: f_clamp_kqv      = 0.0e+00
2025-11-11 23:56:15.107 32714-1432  llama-android           com.runanywhere.startup_hackathon20  I  print_info: f_max_alibi_bias = 0.0e+00
2025-11-11 23:56:15.107 32714-1432  llama-android           com.runanywhere.startup_hackathon20  I  print_info: f_logit_scale    = 0.0e+00
2025-11-11 23:56:15.107 32714-1432  llama-android           com.runanywhere.startup_hackathon20  I  print_info: f_attn_scale     = 0.0e+00
2025-11-11 23:56:15.107 32714-1432  llama-android           com.runanywhere.startup_hackathon20  I  print_info: n_ff             = 11008
2025-11-11 23:56:15.107 32714-1432  llama-android           com.runanywhere.startup_hackathon20  I  print_info: n_expert         = 0
2025-11-11 23:56:15.107 32714-1432  llama-android           com.runanywhere.startup_hackathon20  I  print_info: n_expert_used    = 0
2025-11-11 23:56:15.107 32714-1432  llama-android           com.runanywhere.startup_hackathon20  I  print_info: causal attn      = 1
2025-11-11 23:56:15.107 32714-1432  llama-android           com.runanywhere.startup_hackathon20  I  print_info: pooling type     = -1
2025-11-11 23:56:15.107 32714-1432  llama-android           com.runanywhere.startup_hackathon20  I  print_info: rope type        = 2
2025-11-11 23:56:15.107 32714-1432  llama-android           com.runanywhere.startup_hackathon20  I  print_info: rope scaling     = linear
2025-11-11 23:56:15.107 32714-1432  llama-android           com.runanywhere.startup_hackathon20  I  print_info: freq_base_train  = 1000000.0
2025-11-11 23:56:15.107 32714-1432  llama-android           com.runanywhere.startup_hackathon20  I  print_info: freq_scale_train = 1
2025-11-11 23:56:15.107 32714-1432  llama-android           com.runanywhere.startup_hackathon20  I  print_info: n_ctx_orig_yarn  = 32768
2025-11-11 23:56:15.107 32714-1432  llama-android           com.runanywhere.startup_hackathon20  I  print_info: rope_finetuned   = unknown
2025-11-11 23:56:15.107 32714-1432  llama-android           com.runanywhere.startup_hackathon20  I  print_info: model type       = 3B
2025-11-11 23:56:15.107 32714-1432  llama-android           com.runanywhere.startup_hackathon20  I  print_info: model params     = 3.40 B
2025-11-11 23:56:15.107 32714-1432  llama-android           com.runanywhere.startup_hackathon20  I  print_info: general.name     = qwen2.5-3b-instruct
2025-11-11 23:56:15.107 32714-1432  llama-android           com.runanywhere.startup_hackathon20  I  print_info: vocab type       = BPE
2025-11-11 23:56:15.107 32714-1432  llama-android           com.runanywhere.startup_hackathon20  I  print_info: n_vocab          = 151936
2025-11-11 23:56:15.107 32714-1432  llama-android           com.runanywhere.startup_hackathon20  I  print_info: n_merges         = 151387
2025-11-11 23:56:15.107 32714-1432  llama-android           com.runanywhere.startup_hackathon20  I  print_info: BOS token        = 151643 '<|endoftext|>'
2025-11-11 23:56:15.107 32714-1432  llama-android           com.runanywhere.startup_hackathon20  I  print_info: EOS token        = 151645 '<|im_end|>'
2025-11-11 23:56:15.107 32714-1432  llama-android           com.runanywhere.startup_hackathon20  I  print_info: EOT token        = 151645 '<|im_end|>'
2025-11-11 23:56:15.107 32714-1432  llama-android           com.runanywhere.startup_hackathon20  I  print_info: PAD token        = 151643 '<|endoftext|>'
2025-11-11 23:56:15.107 32714-1432  llama-android           com.runanywhere.startup_hackathon20  I  print_info: LF token         = 198 ''
2025-11-11 23:56:15.107 32714-1432  llama-android           com.runanywhere.startup_hackathon20  I  print_info: FIM PRE token    = 151659 '<|fim_prefix|>'
2025-11-11 23:56:15.107 32714-1432  llama-android           com.runanywhere.startup_hackathon20  I  print_info: FIM SUF token    = 151661 '<|fim_suffix|>'
2025-11-11 23:56:15.107 32714-1432  llama-android           com.runanywhere.startup_hackathon20  I  print_info: FIM MID token    = 151660 '<|fim_middle|>'
2025-11-11 23:56:15.107 32714-1432  llama-android           com.runanywhere.startup_hackathon20  I  print_info: FIM PAD token    = 151662 '<|fim_pad|>'
2025-11-11 23:56:15.107 32714-1432  llama-android           com.runanywhere.startup_hackathon20  I  print_info: FIM REP token    = 151663 '<|repo_name|>'
2025-11-11 23:56:15.107 32714-1432  llama-android           com.runanywhere.startup_hackathon20  I  print_info: FIM SEP token    = 151664 '<|file_sep|>'
2025-11-11 23:56:15.107 32714-1432  llama-android           com.runanywhere.startup_hackathon20  I  print_info: EOG token        = 151643 '<|endoftext|>'
2025-11-11 23:56:15.107 32714-1432  llama-android           com.runanywhere.startup_hackathon20  I  print_info: EOG token        = 151645 '<|im_end|>'
2025-11-11 23:56:15.107 32714-1432  llama-android           com.runanywhere.startup_hackathon20  I  print_info: EOG token        = 151662 '<|fim_pad|>'
2025-11-11 23:56:15.107 32714-1432  llama-android           com.runanywhere.startup_hackathon20  I  print_info: EOG token        = 151663 '<|repo_name|>'
2025-11-11 23:56:15.107 32714-1432  llama-android           com.runanywhere.startup_hackathon20  I  print_info: EOG token        = 151664 '<|file_sep|>'
2025-11-11 23:56:15.107 32714-1432  llama-android           com.runanywhere.startup_hackathon20  I  print_info: max token length = 256
2025-11-11 23:56:15.107 32714-1432  llama-android           com.runanywhere.startup_hackathon20  I  load_tensors: loading model tensors, this can take a while... (mmap = true)
2025-11-11 23:56:16.393 32714-32714 FileUtils               com.runanywhere.startup_hackathon20  E  err write to mi_exception_log
2025-11-11 23:56:18.179 32714-32714 FileUtils               com.runanywhere.startup_hackathon20  E  err write to mi_exception_log
2025-11-11 23:56:18.254 32714-32714 FileUtils               com.runanywhere.startup_hackathon20  E  err write to mi_exception_log
2025-11-11 23:56:18.310 32714-32714 FileUtils               com.runanywhere.startup_hackathon20  E  err write to mi_exception_log
2025-11-11 23:56:18.671 32714-32714 FileUtils               com.runanywhere.startup_hackathon20  E  err write to mi_exception_log
2025-11-11 23:56:18.735 32714-32714 FileUtils               com.runanywhere.startup_hackathon20  E  err write to mi_exception_log
2025-11-11 23:56:19.975 32714-32714 FileUtils               com.runanywhere.startup_hackathon20  E  err write to mi_exception_log
2025-11-11 23:56:20.203 32714-32714 FileUtils               com.runanywhere.startup_hackathon20  E  err write to mi_exception_log
2025-11-11 23:56:20.320 32714-1432  llama-android           com.runanywhere.startup_hackathon20  I  load_tensors:   CPU_Mapped model buffer size =  2658.32 MiB
2025-11-11 23:56:20.328 32714-1432  llama-android           com.runanywhere.startup_hackathon20  I  Using 6 threads (context size: 4096)
2025-11-11 23:56:20.328 32714-1432  llama-android           com.runanywhere.startup_hackathon20  I  llama_context: constructing llama_context
2025-11-11 23:56:20.328 32714-1432  llama-android           com.runanywhere.startup_hackathon20  I  llama_context: n_seq_max     = 1
2025-11-11 23:56:20.328 32714-1432  llama-android           com.runanywhere.startup_hackathon20  I  llama_context: n_ctx         = 4096
2025-11-11 23:56:20.328 32714-1432  llama-android           com.runanywhere.startup_hackathon20  I  llama_context: n_ctx_per_seq = 4096
2025-11-11 23:56:20.328 32714-1432  llama-android           com.runanywhere.startup_hackathon20  I  llama_context: n_batch       = 4096
2025-11-11 23:56:20.328 32714-1432  llama-android           com.runanywhere.startup_hackathon20  I  llama_context: n_ubatch      = 512
2025-11-11 23:56:20.328 32714-1432  llama-android           com.runanywhere.startup_hackathon20  I  llama_context: causal_attn   = 1
2025-11-11 23:56:20.328 32714-1432  llama-android           com.runanywhere.startup_hackathon20  I  llama_context: flash_attn    = auto
2025-11-11 23:56:20.328 32714-1432  llama-android           com.runanywhere.startup_hackathon20  I  llama_context: kv_unified    = false
2025-11-11 23:56:20.328 32714-1432  llama-android           com.runanywhere.startup_hackathon20  I  llama_context: freq_base     = 1000000.0
2025-11-11 23:56:20.328 32714-1432  llama-android           com.runanywhere.startup_hackathon20  I  llama_context: freq_scale    = 1
2025-11-11 23:56:20.328 32714-1432  llama-android           com.runanywhere.startup_hackathon20  W  llama_context: n_ctx_per_seq (4096) < n_ctx_train (32768) -- the full capacity of the model will not be utilized
2025-11-11 23:56:20.328 32714-1432  llama-android           com.runanywhere.startup_hackathon20  I  llama_context:        CPU  output buffer size =     0.58 MiB
2025-11-11 23:56:20.329 32714-1432  llama-android           com.runanywhere.startup_hackathon20  I  llama_kv_cache:        CPU KV buffer size =   144.00 MiB
2025-11-11 23:56:20.401 32714-32732 tup_hackathon20         com.runanywhere.startup_hackathon20  W  Suspending all threads took: 7.391ms
2025-11-11 23:56:20.447 32714-1432  llama-android           com.runanywhere.startup_hackathon20  I  llama_kv_cache: size =  144.00 MiB (  4096 cells,  36 layers,  1/1 seqs), K (f16):   72.00 MiB, V (f16):   72.00 MiB
2025-11-11 23:56:20.450 32714-1432  llama-android           com.runanywhere.startup_hackathon20  I  llama_context: Flash Attention was auto, set to enabled
2025-11-11 23:56:20.456 32714-1432  llama-android           com.runanywhere.startup_hackathon20  I  llama_context:        CPU compute buffer size =   304.75 MiB
2025-11-11 23:56:20.456 32714-1432  llama-android           com.runanywhere.startup_hackathon20  I  llama_context: graph nodes  = 1231
2025-11-11 23:56:20.456 32714-1432  llama-android           com.runanywhere.startup_hackathon20  I  llama_context: graph splits = 1
2025-11-11 23:56:20.456 32714-1432  llama-android           com.runanywhere.startup_hackathon20  I  Created sampler: temp=0.70, min_p=0.05, top_k=40
2025-11-11 23:56:20.457 32714-1432  LLamaAndroid            com.runanywhere.startup_hackathon20  I  Model loaded successfully: /data/user/0/com.runanywhere.startup_hackathon20/files/models/llama_cpp/390496801/390496801.gguf
2025-11-11 23:56:20.459 32714-32766 LlamaCppService         com.runanywhere.startup_hackathon20  I   Initialized llama.cpp successfully
2025-11-11 23:56:20.461 32714-32766 ModelLoadingService     com.runanywhere.startup_hackathon20  I   LLM service initialized with model: 390496801
2025-11-11 23:56:20.463 32714-32766 ModelLoadingService     com.runanywhere.startup_hackathon20  I   Model loaded successfully: 390496801
2025-11-11 23:56:20.474 32714-32732 tup_hackathon20         com.runanywhere.startup_hackathon20  I  NativeAlloc concurrent mark compact GC freed 444KB AllocSpace bytes, 0(0B) LOS objects, 49% free, 11MB/22MB, paused 8.187ms,20.432ms total 134.782ms
2025-11-11 23:56:20.483 32714-32714 FileUtils               com.runanywhere.startup_hackathon20  E  err write to mi_exception_log
2025-11-11 23:56:20.499 32714-32714 StreamingService        com.runanywhere.startup_hackathon20  I  StreamingService: Model set to 390496801
2025-11-11 23:56:20.499 32714-32714 GenerationService       com.runanywhere.startup_hackathon20  I  Current model set to: 390496801
2025-11-11 23:56:20.499 32714-32714 RunAnywhere.Android     com.runanywhere.startup_hackathon20  I  Model 390496801 loaded successfully into LLM service
2025-11-11 23:56:20.644 32714-32714 FileUtils               com.runanywhere.startup_hackathon20  E  err write to mi_exception_log
2025-11-11 23:56:20.645 32714-32714 AIPracticeMode          com.runanywhere.startup_hackathon20  D   Model loaded, starting AI_BEGINNER
2025-11-11 23:56:20.664 32714-32714 WindowOnBackDispatcher  com.runanywhere.startup_hackathon20  W  sendCancelIfRunning: isInProgress=false callback=android.view.ViewRootImpl$$ExternalSyntheticLambda12@75cb5d4
2025-11-11 23:56:20.709 32714-32714 DecorViewImmersiveImpl  com.runanywhere.startup_hackathon20  D  onDetachedFromWindow
2025-11-11 23:56:20.783 32714-32714 FileUtils               com.runanywhere.startup_hackathon20  E  err write to mi_exception_log
2025-11-11 23:56:20.799 32714-32714 FileUtils               com.runanywhere.startup_hackathon20  E  err write to mi_exception_log
2025-11-11 23:56:20.841 32714-32714 HandWritingStubImpl     com.runanywhere.startup_hackathon20  I  refreshLastKeyboardType: 1
2025-11-11 23:56:20.842 32714-32714 HandWritingStubImpl     com.runanywhere.startup_hackathon20  I  getCurrentKeyboardType: 1
2025-11-11 23:56:20.959 32714-309   RenderInspector         com.runanywhere.startup_hackathon20  W  DequeueBuffer time out on com.runanywhere.startup_hackathon20/com.runanywhere.startup_hackathon20.MainActivity, count=4, avg=9 ms, max=13 ms.
2025-11-11 23:56:21.753  2849-3288  RTMode                  system_server                        E  pkgName: com.runanywhere.startup_hackathon20 has no permission
2025-11-11 23:56:21.757  2849-3288  RTMode                  system_server                        E  pkgName: com.runanywhere.startup_hackathon20 has no permission
2025-11-11 23:56:21.759  2849-3288  RTMode                  system_server                        E  pkgName: com.runanywhere.startup_hackathon20 has no permission
2025-11-11 23:56:21.759  2849-3288  RTMode                  system_server                        E  pkgName: com.runanywhere.startup_hackathon20 has no permission
2025-11-11 23:56:21.765 32714-32714 MIUIInput               com.runanywhere.startup_hackathon20  I  [MotionEvent] ViewRootImpl windowName 'com.runanywhere.startup_hackathon20/com.runanywhere.startup_hackathon20.MainActivity', { action=ACTION_DOWN, id[0]=0, pointerCount=1, eventTime=209863795, downTime=209863795, phoneEventTime=23:56:21.732 } moveCount:0
2025-11-11 23:56:21.765  2849-3288  RTMode                  system_server                        E  pkgName: com.runanywhere.startup_hackathon20 has no permission
2025-11-11 23:56:21.766  2849-3288  RTMode                  system_server                        E  pkgName: com.runanywhere.startup_hackathon20 has no permission
2025-11-11 23:56:21.770  2849-3288  RTMode                  system_server                        E  pkgName: com.runanywhere.startup_hackathon20 has no permission
2025-11-11 23:56:21.775  2849-3288  RTMode                  system_server                        E  pkgName: com.runanywhere.startup_hackathon20 has no permission
2025-11-11 23:56:21.779  2849-3288  RTMode                  system_server                        E  pkgName: com.runanywhere.startup_hackathon20 has no permission
2025-11-11 23:56:21.784  2849-3288  RTMode                  system_server                        E  pkgName: com.runanywhere.startup_hackathon20 has no permission
2025-11-11 23:56:21.788  2849-3288  RTMode                  system_server                        E  pkgName: com.runanywhere.startup_hackathon20 has no permission
2025-11-11 23:56:21.792  2849-3288  RTMode                  system_server                        E  pkgName: com.runanywhere.startup_hackathon20 has no permission
2025-11-11 23:56:21.796  2849-3288  RTMode                  system_server                        E  pkgName: com.runanywhere.startup_hackathon20 has no permission
2025-11-11 23:56:21.800  2849-3288  RTMode                  system_server                        E  pkgName: com.runanywhere.startup_hackathon20 has no permission
2025-11-11 23:56:21.806  2849-3288  RTMode                  system_server                        E  pkgName: com.runanywhere.startup_hackathon20 has no permission
2025-11-11 23:56:21.809  2849-3288  RTMode                  system_server                        E  pkgName: com.runanywhere.startup_hackathon20 has no permission
2025-11-11 23:56:21.813  2849-3288  RTMode                  system_server                        E  pkgName: com.runanywhere.startup_hackathon20 has no permission
2025-11-11 23:56:21.817  2849-3288  RTMode                  system_server                        E  pkgName: com.runanywhere.startup_hackathon20 has no permission
2025-11-11 23:56:21.821  2849-3288  RTMode                  system_server                        E  pkgName: com.runanywhere.startup_hackathon20 has no permission
2025-11-11 23:56:21.825  2849-3288  RTMode                  system_server                        E  pkgName: com.runanywhere.startup_hackathon20 has no permission
2025-11-11 23:56:21.829  2849-3288  RTMode                  system_server                        E  pkgName: com.runanywhere.startup_hackathon20 has no permission
2025-11-11 23:56:21.834  2849-3288  RTMode                  system_server                        E  pkgName: com.runanywhere.startup_hackathon20 has no permission
2025-11-11 23:56:21.839  2849-3288  RTMode                  system_server                        E  pkgName: com.runanywhere.startup_hackathon20 has no permission
2025-11-11 23:56:21.842  2849-3288  RTMode                  system_server                        E  pkgName: com.runanywhere.startup_hackathon20 has no permission
2025-11-11 23:56:21.846  2849-3288  RTMode                  system_server                        E  pkgName: com.runanywhere.startup_hackathon20 has no permission
2025-11-11 23:56:21.852  2849-3288  RTMode                  system_server                        E  pkgName: com.runanywhere.startup_hackathon20 has no permission
2025-11-11 23:56:21.855  2849-3288  RTMode                  system_server                        E  pkgName: com.runanywhere.startup_hackathon20 has no permission
2025-11-11 23:56:21.859  2849-3288  RTMode                  system_server                        E  pkgName: com.runanywhere.startup_hackathon20 has no permission
2025-11-11 23:56:21.863  2849-3288  RTMode                  system_server                        E  pkgName: com.runanywhere.startup_hackathon20 has no permission
2025-11-11 23:56:21.867  2849-3288  RTMode                  system_server                        E  pkgName: com.runanywhere.startup_hackathon20 has no permission
2025-11-11 23:56:21.871  2849-3288  RTMode                  system_server                        E  pkgName: com.runanywhere.startup_hackathon20 has no permission
2025-11-11 23:56:21.883 32714-32714 MIUIInput               com.runanywhere.startup_hackathon20  I  [MotionEvent] ViewRootImpl windowName 'com.runanywhere.startup_hackathon20/com.runanywhere.startup_hackathon20.MainActivity', { action=ACTION_UP, id[0]=0, pointerCount=1, eventTime=209863936, downTime=209863795, phoneEventTime=23:56:21.873 } moveCount:12
2025-11-11 23:56:22.213  2849-3288  RTMode                  system_server                        E  pkgName: com.runanywhere.startup_hackathon20 has no permission
2025-11-11 23:56:22.221 32714-32714 MIUIInput               com.runanywhere.startup_hackathon20  I  [MotionEvent] ViewRootImpl windowName 'com.runanywhere.startup_hackathon20/com.runanywhere.startup_hackathon20.MainActivity', { action=ACTION_DOWN, id[0]=0, pointerCount=1, eventTime=209864273, downTime=209864273, phoneEventTime=23:56:22.210 } moveCount:0
2025-11-11 23:56:22.242  2849-3288  RTMode                  system_server                        E  pkgName: com.runanywhere.startup_hackathon20 has no permission
2025-11-11 23:56:22.245  2849-3288  RTMode                  system_server                        E  pkgName: com.runanywhere.startup_hackathon20 has no permission
2025-11-11 23:56:22.250  2849-3288  RTMode                  system_server                        E  pkgName: com.runanywhere.startup_hackathon20 has no permission
2025-11-11 23:56:22.255  2849-3288  RTMode                  system_server                        E  pkgName: com.runanywhere.startup_hackathon20 has no permission
2025-11-11 23:56:22.258  2849-3288  RTMode                  system_server                        E  pkgName: com.runanywhere.startup_hackathon20 has no permission
2025-11-11 23:56:22.262  2849-3288  RTMode                  system_server                        E  pkgName: com.runanywhere.startup_hackathon20 has no permission
2025-11-11 23:56:22.267  2849-3288  RTMode                  system_server                        E  pkgName: com.runanywhere.startup_hackathon20 has no permission
2025-11-11 23:56:22.268  2849-3288  RTMode                  system_server                        E  pkgName: com.runanywhere.startup_hackathon20 has no permission
2025-11-11 23:56:22.271  2849-3288  RTMode                  system_server                        E  pkgName: com.runanywhere.startup_hackathon20 has no permission
2025-11-11 23:56:22.275  2849-3288  RTMode                  system_server                        E  pkgName: com.runanywhere.startup_hackathon20 has no permission
2025-11-11 23:56:22.280  2849-3288  RTMode                  system_server                        E  pkgName: com.runanywhere.startup_hackathon20 has no permission
2025-11-11 23:56:22.283  2849-3288  RTMode                  system_server                        E  pkgName: com.runanywhere.startup_hackathon20 has no permission
2025-11-11 23:56:22.288  2849-3288  RTMode                  system_server                        E  pkgName: com.runanywhere.startup_hackathon20 has no permission
2025-11-11 23:56:22.293  2849-3288  RTMode                  system_server                        E  pkgName: com.runanywhere.startup_hackathon20 has no permission
2025-11-11 23:56:22.296  2849-3288  RTMode                  system_server                        E  pkgName: com.runanywhere.startup_hackathon20 has no permission
2025-11-11 23:56:22.300  2849-3288  RTMode                  system_server                        E  pkgName: com.runanywhere.startup_hackathon20 has no permission
2025-11-11 23:56:22.305  2849-3288  RTMode                  system_server                        E  pkgName: com.runanywhere.startup_hackathon20 has no permission
2025-11-11 23:56:22.309  2849-3288  RTMode                  system_server                        E  pkgName: com.runanywhere.startup_hackathon20 has no permission
2025-11-11 23:56:22.312  2849-3288  RTMode                  system_server                        E  pkgName: com.runanywhere.startup_hackathon20 has no permission
2025-11-11 23:56:22.317  2849-3288  RTMode                  system_server                        E  pkgName: com.runanywhere.startup_hackathon20 has no permission
2025-11-11 23:56:22.321  2849-3288  RTMode                  system_server                        E  pkgName: com.runanywhere.startup_hackathon20 has no permission
2025-11-11 23:56:22.325  2849-3288  RTMode                  system_server                        E  pkgName: com.runanywhere.startup_hackathon20 has no permission
2025-11-11 23:56:22.326 32714-309   RenderInspector         com.runanywhere.startup_hackathon20  W  QueueBuffer time out on com.runanywhere.startup_hackathon20/com.runanywhere.startup_hackathon20.MainActivity, count=1, avg=11 ms, max=11 ms.
2025-11-11 23:56:22.331  2849-3288  RTMode                  system_server                        E  pkgName: com.runanywhere.startup_hackathon20 has no permission
2025-11-11 23:56:22.333  2849-3288  RTMode                  system_server                        E  pkgName: com.runanywhere.startup_hackathon20 has no permission
2025-11-11 23:56:22.337  2849-3288  RTMode                  system_server                        E  pkgName: com.runanywhere.startup_hackathon20 has no permission
2025-11-11 23:56:22.343  2849-3288  RTMode                  system_server                        E  pkgName: com.runanywhere.startup_hackathon20 has no permission
2025-11-11 23:56:22.346  2849-3288  RTMode                  system_server                        E  pkgName: com.runanywhere.startup_hackathon20 has no permission
2025-11-11 23:56:22.350  2849-3288  RTMode                  system_server                        E  pkgName: com.runanywhere.startup_hackathon20 has no permission
2025-11-11 23:56:22.355  2849-3288  RTMode                  system_server                        E  pkgName: com.runanywhere.startup_hackathon20 has no permission
2025-11-11 23:56:22.359  2849-3288  RTMode                  system_server                        E  pkgName: com.runanywhere.startup_hackathon20 has no permission
2025-11-11 23:56:22.363  2849-3288  RTMode                  system_server                        E  pkgName: com.runanywhere.startup_hackathon20 has no permission
2025-11-11 23:56:22.368  2849-3288  RTMode                  system_server                        E  pkgName: com.runanywhere.startup_hackathon20 has no permission
2025-11-11 23:56:22.372  2849-3288  RTMode                  system_server                        E  pkgName: com.runanywhere.startup_hackathon20 has no permission
2025-11-11 23:56:22.376  2849-3288  RTMode                  system_server                        E  pkgName: com.runanywhere.startup_hackathon20 has no permission
2025-11-11 23:56:22.380  2849-3288  RTMode                  system_server                        E  pkgName: com.runanywhere.startup_hackathon20 has no permission
2025-11-11 23:56:22.385  2849-3288  RTMode                  system_server                        E  pkgName: com.runanywhere.startup_hackathon20 has no permission
2025-11-11 23:56:22.388  2849-3288  RTMode                  system_server                        E  pkgName: com.runanywhere.startup_hackathon20 has no permission
2025-11-11 23:56:22.392  2849-3288  RTMode                  system_server                        E  pkgName: com.runanywhere.startup_hackathon20 has no permission
2025-11-11 23:56:22.396  2849-3288  RTMode                  system_server                        E  pkgName: com.runanywhere.startup_hackathon20 has no permission
2025-11-11 23:56:22.400  2849-3288  RTMode                  system_server                        E  pkgName: com.runanywhere.startup_hackathon20 has no permission
2025-11-11 23:56:22.406  2849-3288  RTMode                  system_server                        E  pkgName: com.runanywhere.startup_hackathon20 has no permission
2025-11-11 23:56:22.410  2849-3288  RTMode                  system_server                        E  pkgName: com.runanywhere.startup_hackathon20 has no permission
2025-11-11 23:56:22.412  2849-3288  RTMode                  system_server                        E  pkgName: com.runanywhere.startup_hackathon20 has no permission
2025-11-11 23:56:22.418  2849-3288  RTMode                  system_server                        E  pkgName: com.runanywhere.startup_hackathon20 has no permission
2025-11-11 23:56:22.421  2849-3288  RTMode                  system_server                        E  pkgName: com.runanywhere.startup_hackathon20 has no permission
2025-11-11 23:56:22.426  2849-3288  RTMode                  system_server                        E  pkgName: com.runanywhere.startup_hackathon20 has no permission
2025-11-11 23:56:22.431  2849-3288  RTMode                  system_server                        E  pkgName: com.runanywhere.startup_hackathon20 has no permission
2025-11-11 23:56:22.434  2849-3288  RTMode                  system_server                        E  pkgName: com.runanywhere.startup_hackathon20 has no permission
2025-11-11 23:56:22.441  2849-3288  RTMode                  system_server                        E  pkgName: com.runanywhere.startup_hackathon20 has no permission
2025-11-11 23:56:22.443  2849-3288  RTMode                  system_server                        E  pkgName: com.runanywhere.startup_hackathon20 has no permission
2025-11-11 23:56:22.448  2849-3288  RTMode                  system_server                        E  pkgName: com.runanywhere.startup_hackathon20 has no permission
2025-11-11 23:56:22.450  2849-3288  RTMode                  system_server                        E  pkgName: com.runanywhere.startup_hackathon20 has no permission
2025-11-11 23:56:22.455  2849-3288  RTMode                  system_server                        E  pkgName: com.runanywhere.startup_hackathon20 has no permission
2025-11-11 23:56:22.458  2849-3288  RTMode                  system_server                        E  pkgName: com.runanywhere.startup_hackathon20 has no permission
2025-11-11 23:56:22.464  2849-3288  RTMode                  system_server                        E  pkgName: com.runanywhere.startup_hackathon20 has no permission
2025-11-11 23:56:22.467  2849-3288  RTMode                  system_server                        E  pkgName: com.runanywhere.startup_hackathon20 has no permission
2025-11-11 23:56:22.471  2849-3288  RTMode                  system_server                        E  pkgName: com.runanywhere.startup_hackathon20 has no permission
