2025-11-11 23:32:04.354 16636-16647 tup_hackathon20         com.runanywhere.startup_hackathon20  I  NativeAlloc concurrent mark compact GC freed 4601KB AllocSpace bytes, 0(0B) LOS objects, 49% free, 10MB/21MB, paused 381us,3.006ms total 115.835ms
2025-11-11 23:32:08.770 16636-17200 llama-android           com.runanywhere.startup_hackathon20  I  load_tensors:   CPU_Mapped model buffer size =  2658.32 MiB
2025-11-11 23:32:08.784 16636-17200 llama-android           com.runanywhere.startup_hackathon20  I  Using 6 threads (context size: 4096)
2025-11-11 23:32:08.784 16636-17200 llama-android           com.runanywhere.startup_hackathon20  I  llama_context: constructing llama_context
2025-11-11 23:32:08.784 16636-17200 llama-android           com.runanywhere.startup_hackathon20  I  llama_context: n_seq_max     = 1
2025-11-11 23:32:08.784 16636-17200 llama-android           com.runanywhere.startup_hackathon20  I  llama_context: n_ctx         = 4096
2025-11-11 23:32:08.784 16636-17200 llama-android           com.runanywhere.startup_hackathon20  I  llama_context: n_ctx_per_seq = 4096
2025-11-11 23:32:08.784 16636-17200 llama-android           com.runanywhere.startup_hackathon20  I  llama_context: n_batch       = 4096
2025-11-11 23:32:08.784 16636-17200 llama-android           com.runanywhere.startup_hackathon20  I  llama_context: n_ubatch      = 512
2025-11-11 23:32:08.784 16636-17200 llama-android           com.runanywhere.startup_hackathon20  I  llama_context: causal_attn   = 1
2025-11-11 23:32:08.784 16636-17200 llama-android           com.runanywhere.startup_hackathon20  I  llama_context: flash_attn    = auto
2025-11-11 23:32:08.784 16636-17200 llama-android           com.runanywhere.startup_hackathon20  I  llama_context: kv_unified    = false
2025-11-11 23:32:08.784 16636-17200 llama-android           com.runanywhere.startup_hackathon20  I  llama_context: freq_base     = 1000000.0
2025-11-11 23:32:08.785 16636-17200 llama-android           com.runanywhere.startup_hackathon20  I  llama_context: freq_scale    = 1
2025-11-11 23:32:08.785 16636-17200 llama-android           com.runanywhere.startup_hackathon20  W  llama_context: n_ctx_per_seq (4096) < n_ctx_train (32768) -- the full capacity of the model will not be utilized
2025-11-11 23:32:08.785 16636-17200 llama-android           com.runanywhere.startup_hackathon20  I  llama_context:        CPU  output buffer size =     0.58 MiB
2025-11-11 23:32:08.785 16636-17200 llama-android           com.runanywhere.startup_hackathon20  I  llama_kv_cache:        CPU KV buffer size =   144.00 MiB
2025-11-11 23:32:08.919 16636-17200 llama-android           com.runanywhere.startup_hackathon20  I  llama_kv_cache: size =  144.00 MiB (  4096 cells,  36 layers,  1/1 seqs), K (f16):   72.00 MiB, V (f16):   72.00 MiB
2025-11-11 23:32:08.930 16636-17200 llama-android           com.runanywhere.startup_hackathon20  I  llama_context: Flash Attention was auto, set to enabled
2025-11-11 23:32:08.934 16636-17200 llama-android           com.runanywhere.startup_hackathon20  I  llama_context:        CPU compute buffer size =   304.75 MiB
2025-11-11 23:32:08.934 16636-17200 llama-android           com.runanywhere.startup_hackathon20  I  llama_context: graph nodes  = 1231
2025-11-11 23:32:08.934 16636-17200 llama-android           com.runanywhere.startup_hackathon20  I  llama_context: graph splits = 1
2025-11-11 23:32:08.935 16636-17200 llama-android           com.runanywhere.startup_hackathon20  I  Created sampler: temp=0.70, min_p=0.05, top_k=40
2025-11-11 23:32:08.945 16636-17200 LLamaAndroid            com.runanywhere.startup_hackathon20  I  Model loaded successfully: /data/user/0/com.runanywhere.startup_hackathon20/files/models/llama_cpp/390496801/390496801.gguf
2025-11-11 23:32:08.947 16636-16697 LlamaCppService         com.runanywhere.startup_hackathon20  I  âœ… Initialized llama.cpp successfully
2025-11-11 23:32:08.949 16636-16697 LlamaCppServiceProvider com.runanywhere.startup_hackathon20  I  LlamaCpp service created successfully
2025-11-11 23:32:08.961 16636-16697 LlamaCppService         com.runanywhere.startup_hackathon20  I  Already initialized, unloading previous model
2025-11-11 23:32:08.965 16636-16697 LlamaCppService         com.runanywhere.startup_hackathon20  I  Cleaning up llama.cpp context
2025-11-11 23:32:08.969 16636-17200 LLamaAndroid            com.runanywhere.startup_hackathon20  I  Unloading model
2025-11-11 23:32:09.098 16636-16647 tup_hackathon20         com.runanywhere.startup_hackathon20  I  NativeAlloc concurrent mark compact GC freed 8448KB AllocSpace bytes, 0(0B) LOS objects, 49% free, 10MB/21MB, paused 571us,2.615ms total 217.402ms
2025-11-11 23:32:09.107 16636-16636 FileUtils               com.runanywhere.startup_hackathon20  E  err write to mi_exception_log
2025-11-11 23:32:09.164 16636-17200 LLamaAndroid            com.runanywhere.startup_hackathon20  I  Model unloaded successfully
2025-11-11 23:32:09.164 16636-16697 LlamaCppService         com.runanywhere.startup_hackathon20  I  Cleaned up llama.cpp context
2025-11-11 23:32:09.165 16636-16697 LlamaCppService         com.runanywhere.startup_hackathon20  I  Initializing llama.cpp with model: /data/user/0/com.runanywhere.startup_hackathon20/files/models/llama_cpp/390496801/390496801.gguf
2025-11-11 23:32:09.165 16636-17200 LLamaAndroid            com.runanywhere.startup_hackathon20  I  Loading model from: /data/user/0/com.runanywhere.startup_hackathon20/files/models/llama_cpp/390496801/390496801.gguf
2025-11-11 23:32:09.165 16636-17200 LLamaAndroid            com.runanywhere.startup_hackathon20  I  Config: contextSize=4096, threads=0, temp=0.7, minP=0.05, topK=40
2025-11-11 23:32:09.165 16636-17200 llama-android           com.runanywhere.startup_hackathon20  I  Loading model from /data/user/0/com.runanywhere.startup_hackathon20/files/models/llama_cpp/390496801/390496801.gguf
2025-11-11 23:32:09.229 16636-17200 llama-android           com.runanywhere.startup_hackathon20  I  llama_model_loader: loaded meta data with 26 key-value pairs and 435 tensors from /data/user/0/com.runanywhere.startup_hackathon20/files/models/llama_cpp/390496801/390496801.gguf (version GGUF V3 (latest))
2025-11-11 23:32:09.229 16636-17200 llama-android           com.runanywhere.startup_hackathon20  I  llama_model_loader: Dumping metadata keys/values. Note: KV overrides do not apply in this output.
2025-11-11 23:32:09.229 16636-17200 llama-android           com.runanywhere.startup_hackathon20  I  llama_model_loader: - kv   0:                       general.architecture str              = qwen2
2025-11-11 23:32:09.229 16636-17200 llama-android           com.runanywhere.startup_hackathon20  I  llama_model_loader: - kv   1:                               general.type str              = model
2025-11-11 23:32:09.229 16636-17200 llama-android           com.runanywhere.startup_hackathon20  I  llama_model_loader: - kv   2:                               general.name str              = qwen2.5-3b-instruct
2025-11-11 23:32:09.229 16636-17200 llama-android           com.runanywhere.startup_hackathon20  I  llama_model_loader: - kv   3:                            general.version str              = v0.1-v0.1
2025-11-11 23:32:09.229 16636-17200 llama-android           com.runanywhere.startup_hackathon20  I  llama_model_loader: - kv   4:                           general.finetune str              = qwen2.5-3b-instruct
2025-11-11 23:32:09.229 16636-17200 llama-android           com.runanywhere.startup_hackathon20  I  llama_model_loader: - kv   5:                         general.size_label str              = 3.4B
2025-11-11 23:32:09.229 16636-17200 llama-android           com.runanywhere.startup_hackathon20  I  llama_model_loader: - kv   6:                          qwen2.block_count u32              = 36
2025-11-11 23:32:09.229 16636-17200 llama-android           com.runanywhere.startup_hackathon20  I  llama_model_loader: - kv   7:                       qwen2.context_length u32              = 32768
2025-11-11 23:32:09.229 16636-17200 llama-android           com.runanywhere.startup_hackathon20  I  llama_model_loader: - kv   8:                     qwen2.embedding_length u32              = 2048
2025-11-11 23:32:09.229 16636-17200 llama-android           com.runanywhere.startup_hackathon20  I  llama_model_loader: - kv   9:                  qwen2.feed_forward_length u32              = 11008
2025-11-11 23:32:09.229 16636-17200 llama-android           com.runanywhere.startup_hackathon20  I  llama_model_loader: - kv  10:                 qwen2.attention.head_count u32              = 16
2025-11-11 23:32:09.229 16636-17200 llama-android           com.runanywhere.startup_hackathon20  I  llama_model_loader: - kv  11:              qwen2.attention.head_count_kv u32              = 2
2025-11-11 23:32:09.229 16636-17200 llama-android           com.runanywhere.startup_hackathon20  I  llama_model_loader: - kv  12:                       qwen2.rope.freq_base f32              = 1000000.000000
2025-11-11 23:32:09.229 16636-17200 llama-android           com.runanywhere.startup_hackathon20  I  llama_model_loader: - kv  13:     qwen2.attention.layer_norm_rms_epsilon f32              = 0.000001
2025-11-11 23:32:09.229 16636-17200 llama-android           com.runanywhere.startup_hackathon20  I  llama_model_loader: - kv  14:                          general.file_type u32              = 18
2025-11-11 23:32:09.229 16636-17200 llama-android           com.runanywhere.startup_hackathon20  I  llama_model_loader: - kv  15:                       tokenizer.ggml.model str              = gpt2
2025-11-11 23:32:09.229 16636-17200 llama-android           com.runanywhere.startup_hackathon20  I  llama_model_loader: - kv  16:                         tokenizer.ggml.pre str              = qwen2
2025-11-11 23:32:09.272 16636-17200 llama-android           com.runanywhere.startup_hackathon20  I  llama_model_loader: - kv  17:                      tokenizer.ggml.tokens arr[str,151936]  = ["!", "\"", "#", "$", "", "&", "'", ...
2025-11-11 23:32:09.283 16636-17200 llama-android           com.runanywhere.startup_hackathon20  I  llama_model_loader: - kv  18:                  tokenizer.ggml.token_type arr[i32,151936]  = [1, 1, 1, 1, 1, 1, 1, 1, 1, 1, 1, 1, ...
2025-11-11 23:32:09.324 16636-17200 llama-android           com.runanywhere.startup_hackathon20  I  llama_model_loader: - kv  19:                      tokenizer.ggml.merges arr[str,151387]  = ["Ä  Ä ", "Ä Ä  Ä Ä ", "i n", "Ä  t",...
2025-11-11 23:32:09.324 16636-17200 llama-android           com.runanywhere.startup_hackathon20  I  llama_model_loader: - kv  20:                tokenizer.ggml.eos_token_id u32              = 151645
2025-11-11 23:32:09.324 16636-17200 llama-android           com.runanywhere.startup_hackathon20  I  llama_model_loader: - kv  21:            tokenizer.ggml.padding_token_id u32              = 151643
2025-11-11 23:32:09.324 16636-17200 llama-android           com.runanywhere.startup_hackathon20  I  llama_model_loader: - kv  22:                tokenizer.ggml.bos_token_id u32              = 151643
2025-11-11 23:32:09.324 16636-17200 llama-android           com.runanywhere.startup_hackathon20  I  llama_model_loader: - kv  23:               tokenizer.ggml.add_bos_token bool             = false
2025-11-11 23:32:09.324 16636-17200 llama-android           com.runanywhere.startup_hackathon20  I  llama_model_loader: - kv  24:                    tokenizer.chat_template str              = { 0f tools }\n    {{- '<|im_start|>...
2025-11-11 23:32:09.324 16636-17200 llama-android           com.runanywhere.startup_hackathon20  I  llama_model_loader: - kv  25:               general.quantization_version u32              = 2
2025-11-11 23:32:09.324 16636-17200 llama-android           com.runanywhere.startup_hackathon20  I  llama_model_loader: - type  f32:  181 tensors
2025-11-11 23:32:09.324 16636-17200 llama-android           com.runanywhere.startup_hackathon20  I  llama_model_loader: - type q6_K:  254 tensors
2025-11-11 23:32:09.324 16636-17200 llama-android           com.runanywhere.startup_hackathon20  I  print_info: file format = GGUF V3 (latest)
2025-11-11 23:32:09.324 16636-17200 llama-android           com.runanywhere.startup_hackathon20  I  print_info: file type   = Q6_K
2025-11-11 23:32:09.324 16636-17200 llama-android           com.runanywhere.startup_hackathon20  I  print_info: file size   = 2.60 GiB (6.56 BPW)
2025-11-11 23:32:09.614 16636-17200 llama-android           com.runanywhere.startup_hackathon20  I  load: printing all EOG tokens:
2025-11-11 23:32:09.614 16636-17200 llama-android           com.runanywhere.startup_hackathon20  I  load:   - 151643 ('<|endoftext|>')
2025-11-11 23:32:09.614 16636-17200 llama-android           com.runanywhere.startup_hackathon20  I  load:   - 151645 ('<|im_end|>')
2025-11-11 23:32:09.614 16636-17200 llama-android           com.runanywhere.startup_hackathon20  I  load:   - 151662 ('<|fim_pad|>')
2025-11-11 23:32:09.614 16636-17200 llama-android           com.runanywhere.startup_hackathon20  I  load:   - 151663 ('<|repo_name|>')
2025-11-11 23:32:09.614 16636-17200 llama-android           com.runanywhere.startup_hackathon20  I  load:   - 151664 ('<|file_sep|>')
2025-11-11 23:32:09.614 16636-17200 llama-android           com.runanywhere.startup_hackathon20  I  load: special tokens cache size = 22
2025-11-11 23:32:09.708 16636-17200 llama-android           com.runanywhere.startup_hackathon20  I  load: token to piece cache size = 0.9310 MB
2025-11-11 23:32:09.708 16636-17200 llama-android           com.runanywhere.startup_hackathon20  I  print_info: arch             = qwen2
2025-11-11 23:32:09.708 16636-17200 llama-android           com.runanywhere.startup_hackathon20  I  print_info: vocab_only       = 0
2025-11-11 23:32:09.708 16636-17200 llama-android           com.runanywhere.startup_hackathon20  I  print_info: n_ctx_train      = 32768
2025-11-11 23:32:09.708 16636-17200 llama-android           com.runanywhere.startup_hackathon20  I  print_info: n_embd           = 2048
2025-11-11 23:32:09.708 16636-17200 llama-android           com.runanywhere.startup_hackathon20  I  print_info: n_layer          = 36
2025-11-11 23:32:09.708 16636-17200 llama-android           com.runanywhere.startup_hackathon20  I  print_info: n_head           = 16
2025-11-11 23:32:09.708 16636-17200 llama-android           com.runanywhere.startup_hackathon20  I  print_info: n_head_kv        = 2
2025-11-11 23:32:09.708 16636-17200 llama-android           com.runanywhere.startup_hackathon20  I  print_info: n_rot            = 128
2025-11-11 23:32:09.708 16636-17200 llama-android           com.runanywhere.startup_hackathon20  I  print_info: n_swa            = 0
2025-11-11 23:32:09.708 16636-17200 llama-android           com.runanywhere.startup_hackathon20  I  print_info: is_swa_any       = 0
2025-11-11 23:32:09.708 16636-17200 llama-android           com.runanywhere.startup_hackathon20  I  print_info: n_embd_head_k    = 128
2025-11-11 23:32:09.708 16636-17200 llama-android           com.runanywhere.startup_hackathon20  I  print_info: n_embd_head_v    = 128
2025-11-11 23:32:09.708 16636-17200 llama-android           com.runanywhere.startup_hackathon20  I  print_info: n_gqa            = 8
2025-11-11 23:32:09.708 16636-17200 llama-android           com.runanywhere.startup_hackathon20  I  print_info: n_embd_k_gqa     = 256
2025-11-11 23:32:09.708 16636-17200 llama-android           com.runanywhere.startup_hackathon20  I  print_info: n_embd_v_gqa     = 256
2025-11-11 23:32:09.708 16636-17200 llama-android           com.runanywhere.startup_hackathon20  I  print_info: f_norm_eps       = 0.0e+00
2025-11-11 23:32:09.708 16636-17200 llama-android           com.runanywhere.startup_hackathon20  I  print_info: f_norm_rms_eps   = 1.0e-06
2025-11-11 23:32:09.708 16636-17200 llama-android           com.runanywhere.startup_hackathon20  I  print_info: f_clamp_kqv      = 0.0e+00
2025-11-11 23:32:09.708 16636-17200 llama-android           com.runanywhere.startup_hackathon20  I  print_info: f_max_alibi_bias = 0.0e+00
2025-11-11 23:32:09.708 16636-17200 llama-android           com.runanywhere.startup_hackathon20  I  print_info: f_logit_scale    = 0.0e+00
2025-11-11 23:32:09.708 16636-17200 llama-android           com.runanywhere.startup_hackathon20  I  print_info: f_attn_scale     = 0.0e+00
2025-11-11 23:32:09.708 16636-17200 llama-android           com.runanywhere.startup_hackathon20  I  print_info: n_ff             = 11008
2025-11-11 23:32:09.708 16636-17200 llama-android           com.runanywhere.startup_hackathon20  I  print_info: n_expert         = 0
2025-11-11 23:32:09.708 16636-17200 llama-android           com.runanywhere.startup_hackathon20  I  print_info: n_expert_used    = 0
2025-11-11 23:32:09.708 16636-17200 llama-android           com.runanywhere.startup_hackathon20  I  print_info: causal attn      = 1
2025-11-11 23:32:09.708 16636-17200 llama-android           com.runanywhere.startup_hackathon20  I  print_info: pooling type     = -1
2025-11-11 23:32:09.708 16636-17200 llama-android           com.runanywhere.startup_hackathon20  I  print_info: rope type        = 2
2025-11-11 23:32:09.708 16636-17200 llama-android           com.runanywhere.startup_hackathon20  I  print_info: rope scaling     = linear
2025-11-11 23:32:09.709 16636-17200 llama-android           com.runanywhere.startup_hackathon20  I  print_info: freq_base_train  = 1000000.0
2025-11-11 23:32:09.709 16636-17200 llama-android           com.runanywhere.startup_hackathon20  I  print_info: freq_scale_train = 1
2025-11-11 23:32:09.709 16636-17200 llama-android           com.runanywhere.startup_hackathon20  I  print_info: n_ctx_orig_yarn  = 32768
2025-11-11 23:32:09.709 16636-17200 llama-android           com.runanywhere.startup_hackathon20  I  print_info: rope_finetuned   = unknown
2025-11-11 23:32:09.709 16636-17200 llama-android           com.runanywhere.startup_hackathon20  I  print_info: model type       = 3B
2025-11-11 23:32:09.709 16636-17200 llama-android           com.runanywhere.startup_hackathon20  I  print_info: model params     = 3.40 B
2025-11-11 23:32:09.709 16636-17200 llama-android           com.runanywhere.startup_hackathon20  I  print_info: general.name     = qwen2.5-3b-instruct
2025-11-11 23:32:09.709 16636-17200 llama-android           com.runanywhere.startup_hackathon20  I  print_info: vocab type       = BPE
2025-11-11 23:32:09.709 16636-17200 llama-android           com.runanywhere.startup_hackathon20  I  print_info: n_vocab          = 151936
2025-11-11 23:32:09.709 16636-17200 llama-android           com.runanywhere.startup_hackathon20  I  print_info: n_merges         = 151387
2025-11-11 23:32:09.709 16636-17200 llama-android           com.runanywhere.startup_hackathon20  I  print_info: BOS token        = 151643 '<|endoftext|>'
2025-11-11 23:32:09.709 16636-17200 llama-android           com.runanywhere.startup_hackathon20  I  print_info: EOS token        = 151645 '<|im_end|>'
2025-11-11 23:32:09.709 16636-17200 llama-android           com.runanywhere.startup_hackathon20  I  print_info: EOT token        = 151645 '<|im_end|>'
2025-11-11 23:32:09.709 16636-17200 llama-android           com.runanywhere.startup_hackathon20  I  print_info: PAD token        = 151643 '<|endoftext|>'
2025-11-11 23:32:09.709 16636-17200 llama-android           com.runanywhere.startup_hackathon20  I  print_info: LF token         = 198 'ÄŠ'
2025-11-11 23:32:09.709 16636-17200 llama-android           com.runanywhere.startup_hackathon20  I  print_info: FIM PRE token    = 151659 '<|fim_prefix|>'
2025-11-11 23:32:09.709 16636-17200 llama-android           com.runanywhere.startup_hackathon20  I  print_info: FIM SUF token    = 151661 '<|fim_suffix|>'
2025-11-11 23:32:09.709 16636-17200 llama-android           com.runanywhere.startup_hackathon20  I  print_info: FIM MID token    = 151660 '<|fim_middle|>'
2025-11-11 23:32:09.709 16636-17200 llama-android           com.runanywhere.startup_hackathon20  I  print_info: FIM PAD token    = 151662 '<|fim_pad|>'
2025-11-11 23:32:09.709 16636-17200 llama-android           com.runanywhere.startup_hackathon20  I  print_info: FIM REP token    = 151663 '<|repo_name|>'
2025-11-11 23:32:09.709 16636-17200 llama-android           com.runanywhere.startup_hackathon20  I  print_info: FIM SEP token    = 151664 '<|file_sep|>'
2025-11-11 23:32:09.709 16636-17200 llama-android           com.runanywhere.startup_hackathon20  I  print_info: EOG token        = 151643 '<|endoftext|>'
2025-11-11 23:32:09.709 16636-17200 llama-android           com.runanywhere.startup_hackathon20  I  print_info: EOG token        = 151645 '<|im_end|>'
2025-11-11 23:32:09.709 16636-17200 llama-android           com.runanywhere.startup_hackathon20  I  print_info: EOG token        = 151662 '<|fim_pad|>'
2025-11-11 23:32:09.709 16636-17200 llama-android           com.runanywhere.startup_hackathon20  I  print_info: EOG token        = 151663 '<|repo_name|>'
2025-11-11 23:32:09.709 16636-17200 llama-android           com.runanywhere.startup_hackathon20  I  print_info: EOG token        = 151664 '<|file_sep|>'
2025-11-11 23:32:09.709 16636-17200 llama-android           com.runanywhere.startup_hackathon20  I  print_info: max token length = 256
2025-11-11 23:32:09.709 16636-17200 llama-android           com.runanywhere.startup_hackathon20  I  load_tensors: loading model tensors, this can take a while... (mmap = true)
2025-11-11 23:32:13.542 16636-16647 tup_hackathon20         com.runanywhere.startup_hackathon20  I  NativeAlloc concurrent mark compact GC freed 8572KB AllocSpace bytes, 0(0B) LOS objects, 49% free, 10MB/21MB, paused 900us,2.862ms total 100.707ms
2025-11-11 23:32:14.659 16636-17200 llama-android           com.runanywhere.startup_hackathon20  I  load_tensors:   CPU_Mapped model buffer size =  2658.32 MiB
2025-11-11 23:32:14.662 16636-17200 llama-android           com.runanywhere.startup_hackathon20  I  Using 6 threads (context size: 4096)
2025-11-11 23:32:14.662 16636-17200 llama-android           com.runanywhere.startup_hackathon20  I  llama_context: constructing llama_context
2025-11-11 23:32:14.662 16636-17200 llama-android           com.runanywhere.startup_hackathon20  I  llama_context: n_seq_max     = 1
2025-11-11 23:32:14.662 16636-17200 llama-android           com.runanywhere.startup_hackathon20  I  llama_context: n_ctx         = 4096
2025-11-11 23:32:14.662 16636-17200 llama-android           com.runanywhere.startup_hackathon20  I  llama_context: n_ctx_per_seq = 4096
2025-11-11 23:32:14.662 16636-17200 llama-android           com.runanywhere.startup_hackathon20  I  llama_context: n_batch       = 4096
2025-11-11 23:32:14.662 16636-17200 llama-android           com.runanywhere.startup_hackathon20  I  llama_context: n_ubatch      = 512
2025-11-11 23:32:14.662 16636-17200 llama-android           com.runanywhere.startup_hackathon20  I  llama_context: causal_attn   = 1
2025-11-11 23:32:14.662 16636-17200 llama-android           com.runanywhere.startup_hackathon20  I  llama_context: flash_attn    = auto
2025-11-11 23:32:14.662 16636-17200 llama-android           com.runanywhere.startup_hackathon20  I  llama_context: kv_unified    = false
2025-11-11 23:32:14.662 16636-17200 llama-android           com.runanywhere.startup_hackathon20  I  llama_context: freq_base     = 1000000.0
2025-11-11 23:32:14.663 16636-17200 llama-android           com.runanywhere.startup_hackathon20  I  llama_context: freq_scale    = 1
2025-11-11 23:32:14.663 16636-17200 llama-android           com.runanywhere.startup_hackathon20  W  llama_context: n_ctx_per_seq (4096) < n_ctx_train (32768) -- the full capacity of the model will not be utilized
2025-11-11 23:32:14.663 16636-17200 llama-android           com.runanywhere.startup_hackathon20  I  llama_context:        CPU  output buffer size =     0.58 MiB
2025-11-11 23:32:14.663 16636-17200 llama-android           com.runanywhere.startup_hackathon20  I  llama_kv_cache:        CPU KV buffer size =   144.00 MiB
2025-11-11 23:32:14.807 16636-17200 llama-android           com.runanywhere.startup_hackathon20  I  llama_kv_cache: size =  144.00 MiB (  4096 cells,  36 layers,  1/1 seqs), K (f16):   72.00 MiB, V (f16):   72.00 MiB
2025-11-11 23:32:14.819 16636-17200 llama-android           com.runanywhere.startup_hackathon20  I  llama_context: Flash Attention was auto, set to enabled
2025-11-11 23:32:14.828 16636-17200 llama-android           com.runanywhere.startup_hackathon20  I  llama_context:        CPU compute buffer size =   304.75 MiB
2025-11-11 23:32:14.828 16636-17200 llama-android           com.runanywhere.startup_hackathon20  I  llama_context: graph nodes  = 1231
2025-11-11 23:32:14.828 16636-17200 llama-android           com.runanywhere.startup_hackathon20  I  llama_context: graph splits = 1
2025-11-11 23:32:14.829 16636-17200 llama-android           com.runanywhere.startup_hackathon20  I  Created sampler: temp=0.70, min_p=0.05, top_k=40
2025-11-11 23:32:14.829 16636-17200 LLamaAndroid            com.runanywhere.startup_hackathon20  I  Model loaded successfully: /data/user/0/com.runanywhere.startup_hackathon20/files/models/llama_cpp/390496801/390496801.gguf
2025-11-11 23:32:14.830 16636-16697 LlamaCppService         com.runanywhere.startup_hackathon20  I  âœ… Initialized llama.cpp successfully
2025-11-11 23:32:14.830 16636-16697 ModelLoadingService     com.runanywhere.startup_hackathon20  I  âœ… LLM service initialized with model: 390496801
2025-11-11 23:32:14.830 16636-16697 ModelLoadingService     com.runanywhere.startup_hackathon20  I  âœ… Model loaded successfully: 390496801
2025-11-11 23:32:14.842 16636-16636 StreamingService        com.runanywhere.startup_hackathon20  I  StreamingService: Model set to 390496801
2025-11-11 23:32:14.842 16636-16636 GenerationService       com.runanywhere.startup_hackathon20  I  Current model set to: 390496801
2025-11-11 23:32:14.842 16636-16636 RunAnywhere.Android     com.runanywhere.startup_hackathon20  I  Model 390496801 loaded successfully into LLM service
2025-11-11 23:32:14.974 16636-16636 FileUtils               com.runanywhere.startup_hackathon20  E  err write to mi_exception_log
2025-11-11 23:32:14.976 16636-16636 AIPracticeMode          com.runanywhere.startup_hackathon20  D  âœ… Model loaded, starting AI_BEGINNER
2025-11-11 23:32:15.031 16636-16636 WindowOnBackDispatcher  com.runanywhere.startup_hackathon20  W  sendCancelIfRunning: isInProgress=false callback=android.view.ViewRootImpl$$ExternalSyntheticLambda12@e1a6c10
2025-11-11 23:32:15.095 16636-16636 DecorViewImmersiveImpl  com.runanywhere.startup_hackathon20  D  onDetachedFromWindow
2025-11-11 23:32:15.103 16636-16647 tup_hackathon20         com.runanywhere.startup_hackathon20  I  NativeAlloc concurrent mark compact GC freed 436KB AllocSpace bytes, 0(0B) LOS objects, 49% free, 10MB/21MB, paused 1.625ms,11.553ms total 157.365ms
2025-11-11 23:32:15.155 16636-16636 BinderMonitor           com.runanywhere.startup_hackathon20  E  err open binder_delay errno=2
2025-11-11 23:32:15.156 16636-16636 FileUtils               com.runanywhere.startup_hackathon20  E  err write to mi_exception_log
2025-11-11 23:32:15.165 16636-16636 FileUtils               com.runanywhere.startup_hackathon20  E  err write to mi_exception_log
2025-11-11 23:32:15.173 16636-16636 UserSceneDetector       com.runanywhere.startup_hackathon20  D  invoke error.
2025-11-11 23:32:15.190 16636-16636 HandWritingStubImpl     com.runanywhere.startup_hackathon20  I  refreshLastKeyboardType: 1
2025-11-11 23:32:15.191 16636-16636 HandWritingStubImpl     com.runanywhere.startup_hackathon20  I  getCurrentKeyboardType: 1
2025-11-11 23:32:17.021 16636-16636 MIUIInput               com.runanywhere.startup_hackathon20  I  [MotionEvent] ViewRootImpl windowName 'com.runanywhere.startup_hackathon20/com.runanywhere.startup_hackathon20.MainActivity', { action=ACTION_DOWN, id[0]=0, pointerCount=1, eventTime=208419080, downTime=208419080, phoneEventTime=23:32:17.017 } moveCount:0
2025-11-11 23:32:17.022  2849-3288  RTMode                  system_server                        E  pkgName: com.runanywhere.startup_hackathon20 has no permission
2025-11-11 23:32:17.033  2849-3288  RTMode                  system_server                        E  pkgName: com.runanywhere.startup_hackathon20 has no permission
2025-11-11 23:32:17.036  2849-3288  RTMode                  system_server                        E  pkgName: com.runanywhere.startup_hackathon20 has no permission
2025-11-11 23:32:17.042  2849-3288  RTMode                  system_server                        E  pkgName: com.runanywhere.startup_hackathon20 has no permission
2025-11-11 23:32:17.046  2849-3288  RTMode                  system_server                        E  pkgName: com.runanywhere.startup_hackathon20 has no permission
2025-11-11 23:32:17.050  2849-3288  RTMode                  system_server                        E  pkgName: com.runanywhere.startup_hackathon20 has no permission
2025-11-11 23:32:17.054  2849-3288  RTMode                  system_server                        E  pkgName: com.runanywhere.startup_hackathon20 has no permission
2025-11-11 23:32:17.058  2849-3288  RTMode                  system_server                        E  pkgName: com.runanywhere.startup_hackathon20 has no permission
2025-11-11 23:32:17.058  2849-3288  RTMode                  system_server                        E  pkgName: com.runanywhere.startup_hackathon20 has no permission
2025-11-11 23:32:17.062  2849-3288  RTMode                  system_server                        E  pkgName: com.runanywhere.startup_hackathon20 has no permission
2025-11-11 23:32:17.066  2849-3288  RTMode                  system_server                        E  pkgName: com.runanywhere.startup_hackathon20 has no permission
2025-11-11 23:32:17.071  2849-3288  RTMode                  system_server                        E  pkgName: com.runanywhere.startup_hackathon20 has no permission
2025-11-11 23:32:17.074  2849-3288  RTMode                  system_server                        E  pkgName: com.runanywhere.startup_hackathon20 has no permission
2025-11-11 23:32:17.080  2849-3288  RTMode                  system_server                        E  pkgName: com.runanywhere.startup_hackathon20 has no permission
2025-11-11 23:32:17.083  2849-3288  RTMode                  system_server                        E  pkgName: com.runanywhere.startup_hackathon20 has no permission
2025-11-11 23:32:17.087  2849-3288  RTMode                  system_server                        E  pkgName: com.runanywhere.startup_hackathon20 has no permission
2025-11-11 23:32:17.091  2849-3288  RTMode                  system_server                        E  pkgName: com.runanywhere.startup_hackathon20 has no permission
2025-11-11 23:32:17.095  2849-3288  RTMode                  system_server                        E  pkgName: com.runanywhere.startup_hackathon20 has no permission
2025-11-11 23:32:17.099  2849-3288  RTMode                  system_server                        E  pkgName: com.runanywhere.startup_hackathon20 has no permission
2025-11-11 23:32:17.105  2849-3288  RTMode                  system_server                        E  pkgName: com.runanywhere.startup_hackathon20 has no permission
2025-11-11 23:32:17.107  2849-3288  RTMode                  system_server                        E  pkgName: com.runanywhere.startup_hackathon20 has no permission
2025-11-11 23:32:17.112  2849-3288  RTMode                  system_server                        E  pkgName: com.runanywhere.startup_hackathon20 has no permission
2025-11-11 23:32:17.116  2849-3288  RTMode                  system_server                        E  pkgName: com.runanywhere.startup_hackathon20 has no permission
2025-11-11 23:32:17.120  2849-3288  RTMode                  system_server                        E  pkgName: com.runanywhere.startup_hackathon20 has no permission
2025-11-11 23:32:17.124  2849-3288  RTMode                  system_server                        E  pkgName: com.runanywhere.startup_hackathon20 has no permission
2025-11-11 23:32:17.128  2849-3288  RTMode                  system_server                        E  pkgName: com.runanywhere.startup_hackathon20 has no permission
2025-11-11 23:32:17.133  2849-3288  RTMode                  system_server                        E  pkgName: com.runanywhere.startup_hackathon20 has no permission
2025-11-11 23:32:17.137  2849-3288  RTMode                  system_server                        E  pkgName: com.runanywhere.startup_hackathon20 has no permission
2025-11-11 23:32:17.141  2849-3288  RTMode                  system_server                        E  pkgName: com.runanywhere.startup_hackathon20 has no permission
2025-11-11 23:32:17.145  2849-3288  RTMode                  system_server                        E  pkgName: com.runanywhere.startup_hackathon20 has no permission
2025-11-11 23:32:17.150  2849-3288  RTMode                  system_server                        E  pkgName: com.runanywhere.startup_hackathon20 has no permission
2025-11-11 23:32:17.154  2849-3288  RTMode                  system_server                        E  pkgName: com.runanywhere.startup_hackathon20 has no permission
2025-11-11 23:32:17.165 16636-16636 MIUIInput               com.runanywhere.startup_hackathon20  I  [MotionEvent] ViewRootImpl windowName 'com.runanywhere.startup_hackathon20/com.runanywhere.startup_hackathon20.MainActivity', { action=ACTION_UP, id[0]=0, pointerCount=1, eventTime=208419218, downTime=208419080, phoneEventTime=23:32:17.155 } moveCount:12
2025-11-11 23:32:17.535  2849-3288  RTMode                  system_server                        E  pkgName: com.runanywhere.startup_hackathon20 has no permission
2025-11-11 23:32:17.545 16636-16636 MIUIInput               com.runanywhere.startup_hackathon20  I  [MotionEvent] ViewRootImpl windowName 'com.runanywhere.startup_hackathon20/com.runanywhere.startup_hackathon20.MainActivity', { action=ACTION_DOWN, id[0]=0, pointerCount=1, eventTime=208419596, downTime=208419596, phoneEventTime=23:32:17.533 } moveCount:0
2025-11-11 23:32:17.546  2849-3288  RTMode                  system_server                        E  pkgName: com.runanywhere.startup_hackathon20 has no permission
2025-11-11 23:32:17.550  2849-3288  RTMode                  system_server                        E  pkgName: com.runanywhere.startup_hackathon20 has no permission
2025-11-11 23:32:17.554  2849-3288  RTMode                  system_server                        E  pkgName: com.runanywhere.startup_hackathon20 has no permission
2025-11-11 23:32:17.558  2849-3288  RTMode                  system_server                        E  pkgName: com.runanywhere.startup_hackathon20 has no permission
2025-11-11 23:32:17.563  2849-3288  RTMode                  system_server                        E  pkgName: com.runanywhere.startup_hackathon20 has no permission
2025-11-11 23:32:17.564  2849-3288  RTMode                  system_server                        E  pkgName: com.runanywhere.startup_hackathon20 has no permission
2025-11-11 23:32:17.567  2849-3288  RTMode                  system_server                        E  pkgName: com.runanywhere.startup_hackathon20 has no permission
2025-11-11 23:32:17.572  2849-3288  RTMode                  system_server                        E  pkgName: com.runanywhere.startup_hackathon20 has no permission
2025-11-11 23:32:17.575  2849-3288  RTMode                  system_server                        E  pkgName: com.runanywhere.startup_hackathon20 has no permission
2025-11-11 23:32:17.580  2849-3288  RTMode                  system_server                        E  pkgName: com.runanywhere.startup_hackathon20 has no permission
2025-11-11 23:32:17.584  2849-3288  RTMode                  system_server                        E  pkgName: com.runanywhere.startup_hackathon20 has no permission
2025-11-11 23:32:17.588  2849-3288  RTMode                  system_server                        E  pkgName: com.runanywhere.startup_hackathon20 has no permission
2025-11-11 23:32:17.592  2849-3288  RTMode                  system_server                        E  pkgName: com.runanywhere.startup_hackathon20 has no permission
2025-11-11 23:32:17.596  2849-3288  RTMode                  system_server                        E  pkgName: com.runanywhere.startup_hackathon20 has no permission
2025-11-11 23:32:17.601  2849-3288  RTMode                  system_server                        E  pkgName: com.runanywhere.startup_hackathon20 has no permission
2025-11-11 23:32:17.605  2849-3288  RTMode                  system_server                        E  pkgName: com.runanywhere.startup_hackathon20 has no permission
2025-11-11 23:32:17.609  2849-3288  RTMode                  system_server                        E  pkgName: com.runanywhere.startup_hackathon20 has no permission
2025-11-11 23:32:17.613  2849-3288  RTMode                  system_server                        E  pkgName: com.runanywhere.startup_hackathon20 has no permission
2025-11-11 23:32:17.617  2849-3288  RTMode                  system_server                        E  pkgName: com.runanywhere.startup_hackathon20 has no permission
2025-11-11 23:32:17.622  2849-3288  RTMode                  system_server                        E  pkgName: com.runanywhere.startup_hackathon20 has no permission
2025-11-11 23:32:17.626  2849-3288  RTMode                  system_server                        E  pkgName: com.runanywhere.startup_hackathon20 has no permission
2025-11-11 23:32:17.630  2849-3288  RTMode                  system_server                        E  pkgName: com.runanywhere.startup_hackathon20 has no permission
2025-11-11 23:32:17.637 16636-16636 MIUIInput               com.runanywhere.startup_hackathon20  I  [MotionEvent] ViewRootImpl windowName 'com.runanywhere.startup_hackathon20/com.runanywhere.startup_hackathon20.MainActivity', { action=ACTION_UP, id[0]=0, pointerCount=1, eventTime=208419695, downTime=208419596, phoneEventTime=23:32:17.632 } moveCount:9
2025-11-11 23:32:18.567 16636-16636 MIUIInput               com.runanywhere.startup_hackathon20  I  [MotionEvent] ViewRootImpl windowName 'com.runanywhere.startup_hackathon20/com.runanywhere.startup_hackathon20.MainActivity', { action=ACTION_DOWN, id[0]=0, pointerCount=1, eventTime=208420628, downTime=208420628, phoneEventTime=23:32:18.565 } moveCount:0
2025-11-11 23:32:18.568  2849-3288  RTMode                  system_server                        E  pkgName: com.runanywhere.startup_hackathon20 has no permission
2025-11-11 23:32:18.663 16636-16636 MIUIInput               com.runanywhere.startup_hackathon20  I  [MotionEvent] ViewRootImpl windowName 'com.runanywhere.startup_hackathon20/com.runanywhere.startup_hackathon20.MainActivity', { action=ACTION_UP, id[0]=0, pointerCount=1, eventTime=208420722, downTime=208420628, phoneEventTime=23:32:18.659 } moveCount:0
2025-11-11 23:32:18.665 16636-16636 AIPracticeMode          com.runanywhere.startup_hackathon20  D  ðŸŽ® Intermediate clicked
2025-11-11 23:32:18.665 16636-16636 AIPracticeMode          com.runanywhere.startup_hackathon20  D  âœ… Model ready, starting AI_INTERMEDIATE
2025-11-11 23:32:18.665 16636-16636 MainActivity            com.runanywhere.startup_hackathon20  D  ðŸŽ¯ onDifficultySelected called with mode: AI_INTERMEDIATE
2025-11-11 23:32:18.665 16636-16636 DebateViewModel         com.runanywhere.startup_hackathon20  D  ðŸš€ startDebate called with mode: AI_INTERMEDIATE, user: mark wood
2025-11-11 23:32:18.667 16636-16636 DebateViewModel         com.runanywhere.startup_hackathon20  D  ðŸ“ Status set to: Preparing debate...
2025-11-11 23:32:18.667 16636-16636 DebateViewModel         com.runanywhere.startup_hackathon20  D  ðŸ“ Checking available models...
2025-11-11 23:32:18.667 16636-16636 MainActivity            com.runanywhere.startup_hackathon20  D  ðŸŽ¯ startDebate() called, waiting for session to be created...
2025-11-11 23:32:18.669 16636-16636 DebateViewModel         com.runanywhere.startup_hackathon20  D  Found 1 models: [Qwen 2.5 3B Instruct Q6_K]
2025-11-11 23:32:18.670 16636-16636 DebateViewModel         com.runanywhere.startup_hackathon20  D  ðŸ” Looking for model: Qwen 2.5 3B Instruct Q6_K
2025-11-11 23:32:18.670 16636-16636 DebateViewModel         com.runanywhere.startup_hackathon20  D  âœ… Model found: Qwen 2.5 3B Instruct Q6_K, isDownloaded: true
2025-11-11 23:32:18.670 16636-16636 DebateViewModel         com.runanywhere.startup_hackathon20  D  ðŸ”„ Loading model: Qwen 2.5 3B Instruct Q6_K
2025-11-11 23:32:18.670 16636-16636 DebateViewModel         com.runanywhere.startup_hackathon20  D  âœ… Model already loaded with ID: 390496801
2025-11-11 23:32:21.670 16636-16636 DebateViewModel         com.runanywhere.startup_hackathon20  D  ðŸ§ª Testing model with simple prompt...
2025-11-11 23:32:21.670 16636-16636 ModelInfoRepositoryImpl com.runanywhere.startup_hackathon20  I  ðŸ” Scanning for downloaded models in: /data/user/0/com.runanywhere.startup_hackathon20/files/models
2025-11-11 23:32:21.671 16636-16636 ModelInfoRepositoryImpl com.runanywhere.startup_hackathon20  D  Checking path for whisper-base: /data/user/0/com.runanywhere.startup_hackathon20/files/models/WhisperKit/whisper-base/whisper-base.ggml
2025-11-11 23:32:21.673 16636-16636 ModelInfoRepositoryImpl com.runanywhere.startup_hackathon20  D  Checking path for whisper-base: /data/user/0/com.runanywhere.startup_hackathon20/files/models/llama_cpp/whisper-base/whisper-base.ggml
2025-11-11 23:32:21.677 16636-16636 ModelInfoRepositoryImpl com.runanywhere.startup_hackathon20  D  Checking path for whisper-base: /data/user/0/com.runanywhere.startup_hackathon20/files/models/whisperkit/whisper-base/whisper-base.ggml
2025-11-11 23:32:21.677 16636-16636 ModelInfoRepositoryImpl com.runanywhere.startup_hackathon20  D  Model file not found for whisper-base in any expected location
2025-11-11 23:32:21.678 16636-16636 ModelInfoRepositoryImpl com.runanywhere.startup_hackathon20  D  Checking path for whisper-tiny: /data/user/0/com.runanywhere.startup_hackathon20/files/models/WhisperKit/whisper-tiny/whisper-tiny.ggml
2025-11-11 23:32:21.678 16636-16636 ModelInfoRepositoryImpl com.runanywhere.startup_hackathon20  D  Checking path for whisper-tiny: /data/user/0/com.runanywhere.startup_hackathon20/files/models/llama_cpp/whisper-tiny/whisper-tiny.ggml
2025-11-11 23:32:21.679 16636-16636 ModelInfoRepositoryImpl com.runanywhere.startup_hackathon20  D  Checking path for whisper-tiny: /data/user/0/com.runanywhere.startup_hackathon20/files/models/whisperkit/whisper-tiny/whisper-tiny.ggml
2025-11-11 23:32:21.679 16636-16636 ModelInfoRepositoryImpl com.runanywhere.startup_hackathon20  D  Model file not found for whisper-tiny in any expected location
2025-11-11 23:32:21.679 16636-16636 ModelInfoRepositoryImpl com.runanywhere.startup_hackathon20  D  Model 390496801 already has localPath: /data/user/0/com.runanywhere.startup_hackathon20/files/models/llama_cpp/390496801/390496801.gguf
2025-11-11 23:32:21.679 16636-16636 ModelInfoRepositoryImpl com.runanywhere.startup_hackathon20  I  âœ… Scan complete. Found 0 downloaded models
2025-11-11 23:32:21.679 16636-16636 RunAnywhere.Android     com.runanywhere.startup_hackathon20  I  ðŸ” Scanned file system for downloaded models at: /data/user/0/com.runanywhere.startup_hackathon20/files/models
2025-11-11 23:32:22.685 16636-16636 DebateViewModel         com.runanywhere.startup_hackathon20  D  ðŸ”„ Re-scanned models as workaround
2025-11-11 23:32:22.685 16636-16636 DebateViewModel         com.runanywhere.startup_hackathon20  D  ðŸ§ª Test attempt 1/3...
2025-11-11 23:32:22.686 16636-16636 RunAnywhere.Android     com.runanywhere.startup_hackathon20  I  Starting streaming generation for prompt: Say 'ready'...
2025-11-11 23:32:22.687 16636-16636 StreamingService        com.runanywhere.startup_hackathon20  I  ðŸš€ Starting streaming with model: 390496801
2025-11-11 23:32:22.687 16636-16636 StreamingService        com.runanywhere.startup_hackathon20  I  ðŸ“ User prompt: Say 'ready'
2025-11-11 23:32:22.689 16636-16636 StreamingService        com.runanywhere.startup_hackathon20  I  âœ… Streaming with automatic chat template support
2025-11-11 23:32:22.690 16636-16673 LlamaCppService         com.runanywhere.startup_hackathon20  I  ðŸš€ streamGenerate called
2025-11-11 23:32:22.691 16636-16673 LlamaCppService         com.runanywhere.startup_hackathon20  I  ðŸŽ¯ buildPrompt() called with 1 messages, systemPrompt=false
2025-11-11 23:32:22.692 16636-16673 LlamaCppService         com.runanywhere.startup_hackathon20  I  ðŸ“ Total messages for template: 1
2025-11-11 23:32:22.692 16636-16673 LlamaCppService         com.runanywhere.startup_hackathon20  I    Message 0: USER - Say 'ready'
2025-11-11 23:32:22.692 16636-16673 LlamaCppService         com.runanywhere.startup_hackathon20  I  ðŸ”§ Applying llama.cpp chat template (model-specific, automatic)
2025-11-11 23:32:22.693 16636-17200 LLamaAndroid            com.runanywhere.startup_hackathon20  I  Applying chat template for 1 messages
2025-11-11 23:32:22.703 16636-17200 llama-android           com.runanywhere.startup_hackathon20  I  Using model's chat template (length: 2509)
2025-11-11 23:32:22.709 16636-17200 llama-android           com.runanywhere.startup_hackathon20  I  Applied chat template, result length: 61
2025-11-11 23:32:22.709 16636-17200 llama-android           com.runanywhere.startup_hackathon20  I  Formatted prompt (first 500 chars): <|im_start|>user
                                                                                                    Say 'ready'<|im_end|>
                                                                                                    <|im_start|>assistant
2025-11-11 23:32:22.709 16636-17200 LLamaAndroid            com.runanywhere.startup_hackathon20  I  Chat template applied, prompt length: 61
2025-11-11 23:32:22.709 16636-16673 LlamaCppService         com.runanywhere.startup_hackathon20  I  âœ… Final prompt length: 61 chars
2025-11-11 23:32:22.709 16636-16673 LlamaCppService         com.runanywhere.startup_hackathon20  I  ðŸ“„ Prompt preview (first 500 chars):
                                                                                                    <|im_start|>user
                                                                                                    Say 'ready'<|im_end|>
                                                                                                    <|im_start|>assistant
2025-11-11 23:32:22.709 16636-16673 LlamaCppService         com.runanywhere.startup_hackathon20  I  ðŸ“„ Prompt preview (last 200 chars):
                                                                                                    ...<|im_start|>user
                                                                                                    Say 'ready'<|im_end|>
                                                                                                    <|im_start|>assistant
2025-11-11 23:32:22.713 16636-17200 llama-android           com.runanywhere.startup_hackathon20  I  n_len = 256, n_ctx = 4096, n_kv_req = 268
2025-11-11 23:32:32.473 16636-16636 FileUtils               com.runanywhere.startup_hackathon20  E  err write to mi_exception_log
2025-11-11 23:32:35.805 16636-16636 FileUtils               com.runanywhere.startup_hackathon20  E  err write to mi_exception_log
2025-11-11 23:32:36.412 16636-16694 LlamaCppService         com.runanywhere.startup_hackathon20  I  âœ… streamGenerate completed with 2 tokens
2025-11-11 23:32:36.435 16636-16636 StreamingService        com.runanywhere.startup_hackathon20  D  ðŸ“Š Submitting stream analytics: generationId=gen_1762884142687_5227, modelName=Qwen 2.5 3B Instruct Q6_K, success=true, timeToFirstToken=11442.0ms
2025-11-11 23:32:36.436 16636-16636 DebateViewModel         com.runanywhere.startup_hackathon20  D  âœ… Model test successful (streaming): Ready!
2025-11-11 23:32:36.437 16636-16636 DebateViewModel         com.runanywhere.startup_hackathon20  D  ðŸŽ² Generating topic...
2025-11-11 23:32:36.458 16636-16673 TopicGenerator          com.runanywhere.startup_hackathon20  D  Selected topic: AI makes people overdependent on technology
2025-11-11 23:32:36.458 16636-16673 TopicGenerator          com.runanywhere.startup_hackathon20  D  Sector: AI & Automation
2025-11-11 23:32:36.458 16636-16673 TopicGenerator          com.runanywhere.startup_hackathon20  D  Difficulty: INTERMEDIATE
2025-11-11 23:32:36.458 16636-16673 TopicGenerator          com.runanywhere.startup_hackathon20  D  Player assigned: AGAINST side
2025-11-11 23:32:36.474 16636-16636 DebateViewModel         com.runanywhere.startup_hackathon20  D  âœ… Topic generated: AI makes people overdependent on technology
2025-11-11 23:32:36.475 16636-16636 DebateViewModel         com.runanywhere.startup_hackathon20  D  âœ… AI opponent created with IQ: 78
2025-11-11 23:32:36.482 16636-16636 DebateViewModel         com.runanywhere.startup_hackathon20  D  ðŸŽ® Session created with ID: 5de5f5a4-ae70-44e1-9fac-b0528f529f88
2025-11-11 23:32:36.482 16636-16636 DebateViewModel         com.runanywhere.startup_hackathon20  D  âœ… Session set to StateFlow, status: PREP_TIME
2025-11-11 23:32:36.482 16636-16636 DebateViewModel         com.runanywhere.startup_hackathon20  D   Starting prep timer...
2025-11-11 23:32:36.506 16636-16636 MainActivity            com.runanywhere.startup_hackathon20  D   LaunchedEffect triggered - Session: PREP_TIME, CurrentScreen: com.runanywhere.startup_hackathon20.Screen$AIModeSelection@dbf5258
2025-11-11 23:32:36.506 16636-16636 MainActivity            com.runanywhere.startup_hackathon20  D   Navigating to DebatePreparation
2025-11-11 23:32:36.526 16636-16694 StreamingService        com.runanywhere.startup_hackathon20  D  âœ… Analytics submitted successfully for generation: gen_1762884142687_5227
