2025-11-11 23:30:58.158 16636-16671 ModelInfoRepositoryImpl com.runanywhere.startup_hackathon20  D    - Whisper Tiny: localPath=null, isDownloaded=false
2025-11-11 23:30:58.158 16636-16671 ServiceContainer        com.runanywhere.startup_hackathon20  I  âœ… Total models in ModelInfoService: 2
2025-11-11 23:30:58.158 16636-16671 ModelInfoService        com.runanywhere.startup_hackathon20  D  Getting model: whisper-base
2025-11-11 23:30:58.158 16636-16681 WM-PackageManagerHelper com.runanywhere.startup_hackathon20  D  Skipping component enablement for androidx.work.impl.background.systemalarm.RescheduleReceiver
2025-11-11 23:30:58.159 16636-16671 ModelInfoService        com.runanywhere.startup_hackathon20  D  Model loaded from repository: whisper-base
2025-11-11 23:30:58.159 16636-16671 ServiceContainer        com.runanywhere.startup_hackathon20  I  âœ… Whisper Base model verified: Whisper Base (74MB)
2025-11-11 23:30:58.159 16636-16636 DecorViewImmersiveImpl  com.runanywhere.startup_hackathon20  D  onAttachedToWindow:com.runanywhere.startup_hackathon20/com.runanywhere.startup_hackathon20.MainActivity
2025-11-11 23:30:58.163 16636-16671 ModelInfoRepositoryImpl com.runanywhere.startup_hackathon20  I  ðŸ” Scanning for downloaded models in: /data/user/0/com.runanywhere.startup_hackathon20/files/models
2025-11-11 23:30:58.163 16636-16671 ModelInfoRepositoryImpl com.runanywhere.startup_hackathon20  D  Checking path for whisper-base: /data/user/0/com.runanywhere.startup_hackathon20/files/models/WhisperKit/whisper-base/whisper-base.ggml
2025-11-11 23:30:58.169 16636-16671 ModelInfoRepositoryImpl com.runanywhere.startup_hackathon20  D  Checking path for whisper-base: /data/user/0/com.runanywhere.startup_hackathon20/files/models/llama_cpp/whisper-base/whisper-base.ggml
2025-11-11 23:30:58.172 16636-16671 ModelInfoRepositoryImpl com.runanywhere.startup_hackathon20  D  Checking path for whisper-base: /data/user/0/com.runanywhere.startup_hackathon20/files/models/whisperkit/whisper-base/whisper-base.ggml
2025-11-11 23:30:58.176 16636-16671 ModelInfoRepositoryImpl com.runanywhere.startup_hackathon20  D  Model file not found for whisper-base in any expected location
2025-11-11 23:30:58.176 16636-16671 ModelInfoRepositoryImpl com.runanywhere.startup_hackathon20  D  Checking path for whisper-tiny: /data/user/0/com.runanywhere.startup_hackathon20/files/models/WhisperKit/whisper-tiny/whisper-tiny.ggml
2025-11-11 23:30:58.179 16636-16671 ModelInfoRepositoryImpl com.runanywhere.startup_hackathon20  D  Checking path for whisper-tiny: /data/user/0/com.runanywhere.startup_hackathon20/files/models/llama_cpp/whisper-tiny/whisper-tiny.ggml
2025-11-11 23:30:58.191 16636-16671 ModelInfoRepositoryImpl com.runanywhere.startup_hackathon20  D  Checking path for whisper-tiny: /data/user/0/com.runanywhere.startup_hackathon20/files/models/whisperkit/whisper-tiny/whisper-tiny.ggml
2025-11-11 23:30:58.194 16636-16671 ModelInfoRepositoryImpl com.runanywhere.startup_hackathon20  D  Model file not found for whisper-tiny in any expected location
2025-11-11 23:30:58.194 16636-16671 ModelInfoRepositoryImpl com.runanywhere.startup_hackathon20  I  âœ… Scan complete. Found 0 downloaded models
2025-11-11 23:30:58.194 16636-16671 ServiceContainer        com.runanywhere.startup_hackathon20  I  ðŸ” Scanned file system for downloaded models at: /data/user/0/com.runanywhere.startup_hackathon20/files/models
2025-11-11 23:30:58.194 16636-16671 ModelInfoService        com.runanywhere.startup_hackathon20  D  Getting all models
2025-11-11 23:30:58.195 16636-16671 ModelInfoRepositoryImpl com.runanywhere.startup_hackathon20  D  Fetching all models. Count: 2
2025-11-11 23:30:58.195 16636-16671 ModelInfoRepositoryImpl com.runanywhere.startup_hackathon20  D    - Whisper Base: localPath=null, isDownloaded=false
2025-11-11 23:30:58.195 16636-16671 ModelInfoRepositoryImpl com.runanywhere.startup_hackathon20  D    - Whisper Tiny: localPath=null, isDownloaded=false
2025-11-11 23:30:58.196 16636-16671 ServiceContainer        com.runanywhere.startup_hackathon20  I  âœ… Step 4 completed (2 models)
2025-11-11 23:30:58.196 16636-16671 ServiceContainer        com.runanywhere.startup_hackathon20  I  ðŸ”§ Step 5: Analytics service setup (dev mode with Supabase)...
2025-11-11 23:30:58.200 16636-16671 NetworkServiceFactory   com.runanywhere.startup_hackathon20  I  Creating NetworkService for environment: DEVELOPMENT
2025-11-11 23:30:58.201 16636-16671 NetworkServiceFactory   com.runanywhere.startup_hackathon20  I  ðŸ”§ Creating MockNetworkService for DEVELOPMENT environment
2025-11-11 23:30:58.201 16636-16671 MockNetworkService      com.runanywhere.startup_hackathon20  I  MockNetworkService initialized - all network calls will return mock data
2025-11-11 23:30:58.206 16636-16671 AnalyticsService        com.runanywhere.startup_hackathon20  I  Initializing AnalyticsService
2025-11-11 23:30:58.211 16636-16671 AnalyticsService        com.runanywhere.startup_hackathon20  I  AnalyticsService initialized successfully
2025-11-11 23:30:58.211 16636-16671 ServiceContainer        com.runanywhere.startup_hackathon20  I  âœ… Analytics service initialized with Supabase support
2025-11-11 23:30:58.211 16636-16671 ServiceContainer        com.runanywhere.startup_hackathon20  I  âœ… Step 5 completed
2025-11-11 23:30:58.212 16636-16671 ServiceContainer        com.runanywhere.startup_hackathon20  I  ðŸ”§ Step 6: Component initialization...
2025-11-11 23:30:58.212 16636-16671 ServiceContainer        com.runanywhere.startup_hackathon20  I  Registering default modules
2025-11-11 23:30:58.212 16636-16671 ServiceContainer        com.runanywhere.startup_hackathon20  I  â„¹ï¸ WhisperKit provider should be registered by consuming application
2025-11-11 23:30:58.214 16636-16671 ModuleRegistry          com.runanywhere.startup_hackathon20  I  Registered VAD provider: SimpleEnergyVAD
2025-11-11 23:30:58.214 16636-16671 ServiceContainer        com.runanywhere.startup_hackathon20  I  âœ… VAD providers registered
2025-11-11 23:30:58.214 16636-16671 ServiceContainer        com.runanywhere.startup_hackathon20  D  LlamaCpp module will auto-register if available on classpath
2025-11-11 23:30:58.214 16636-16671 ServiceContainer        com.runanywhere.startup_hackathon20  I  âœ… LLM providers registered
2025-11-11 23:30:58.216 16636-16671 ServiceContainer        com.runanywhere.startup_hackathon20  I  Module registration completed. Registered modules: [VAD]
2025-11-11 23:30:58.216 16636-16671 ServiceContainer        com.runanywhere.startup_hackathon20  I  Initializing SDK components
2025-11-11 23:30:58.224 16636-16671 SimpleEnergyVAD         com.runanywhere.startup_hackathon20  I  SimpleEnergyVAD initialized - frameLength: 0.1, threshold: 0.022
2025-11-11 23:30:58.225 16636-16671 ServiceContainer        com.runanywhere.startup_hackathon20  I  âœ… VAD component initialized
2025-11-11 23:30:58.225 16636-16671 ServiceContainer        com.runanywhere.startup_hackathon20  I  â„¹ï¸ STT component skipped - no provider registered yet
2025-11-11 23:30:58.225 16636-16671 ServiceContainer        com.runanywhere.startup_hackathon20  I  â„¹ï¸ LLM component skipped - no provider registered yet
2025-11-11 23:30:58.225 16636-16671 ServiceContainer        com.runanywhere.startup_hackathon20  I  Component initialization completed
2025-11-11 23:30:58.226 16636-16671 ServiceContainer        com.runanywhere.startup_hackathon20  I  âœ… Step 6 completed
2025-11-11 23:30:58.226 16636-16671 ServiceContainer        com.runanywhere.startup_hackathon20  I  ðŸ”§ Step 7: Cache warmup (dev mode)...
2025-11-11 23:30:58.226 16636-16671 ServiceContainer        com.runanywhere.startup_hackathon20  I     Cache warmup minimal for dev mode
2025-11-11 23:30:58.226 16636-16671 ServiceContainer        com.runanywhere.startup_hackathon20  I  âœ… Step 7 completed
2025-11-11 23:30:58.226 16636-16671 ServiceContainer        com.runanywhere.startup_hackathon20  I  ðŸ”§ Step 8: Health check (dev mode)...
2025-11-11 23:30:58.226 16636-16671 ServiceContainer        com.runanywhere.startup_hackathon20  I     Basic health check passed
2025-11-11 23:30:58.226 16636-16671 ServiceContainer        com.runanywhere.startup_hackathon20  I  âœ… Step 8 completed
2025-11-11 23:30:58.226 16636-16671 ServiceContainer        com.runanywhere.startup_hackathon20  I  ðŸŽ‰ 8-step bootstrap process completed successfully (Development Mode)
2025-11-11 23:30:58.226 16636-16671 RunAnywhere.Init        com.runanywhere.startup_hackathon20  I  âœ… SDK initialization completed successfully (DEVELOPMENT mode)
2025-11-11 23:30:58.226 16636-16671 RunAnywher...gistration com.runanywhere.startup_hackathon20  D  Development mode - triggering device registration!
2025-11-11 23:30:58.229 16636-16673 RunAnywhere.Android     com.runanywhere.startup_hackathon20  D  Getting stored device ID from secure storage
2025-11-11 23:30:58.318 16636-16636 tup_hackathon20         com.runanywhere.startup_hackathon20  I  hiddenapi: Accessing hidden method Landroid/os/SystemProperties;->addChangeCallback(Ljava/lang/Runnable;)V (runtime_flags=0, domain=platform, api=unsupported) from Landroidx/compose/ui/platform/AndroidComposeView$Companion; (domain=app) using reflection: allowed
2025-11-11 23:30:58.382 16636-16636 Supabase-Core           com.runanywhere.startup_hackathon20  I  SupabaseClient created! Please report any bugs you find.
2025-11-11 23:30:58.487 16636-16636 tup_hackathon20         com.runanywhere.startup_hackathon20  I  Waiting for a blocking GC ClassLinker
2025-11-11 23:30:58.491 16636-16636 System.err              com.runanywhere.startup_hackathon20  W  SLF4J(W): No SLF4J providers were found.
2025-11-11 23:30:58.491 16636-16636 System.err              com.runanywhere.startup_hackathon20  W  SLF4J(W): Defaulting to no-operation (NOP) logger implementation
2025-11-11 23:30:58.491 16636-16636 System.err              com.runanywhere.startup_hackathon20  W  SLF4J(W): See https://www.slf4j.org/codes.html#noProviders for further details.
2025-11-11 23:30:58.619 16636-16673 RunAnywhere.Android     com.runanywhere.startup_hackathon20  D  Found stored device ID: f727779c...
2025-11-11 23:30:58.623 16636-16673 RunAnywher...gistration com.runanywhere.startup_hackathon20  D  Device already fully registered (devRegistered=true)
2025-11-11 23:30:58.623 16636-16673 RunAnywher...gistration com.runanywhere.startup_hackathon20  I  âœ… Device registered successfully with Supabase
2025-11-11 23:30:58.731 16636-16673 MyApp                   com.runanywhere.startup_hackathon20  I  âœ… SDK initialized, now registering models...
2025-11-11 23:30:58.732 16636-16673 ModuleRegistry          com.runanywhere.startup_hackathon20  I  Registered LLM provider: LlamaCpp (llama.cpp)
2025-11-11 23:30:58.732 16636-16673 LlamaCppServiceProvider com.runanywhere.startup_hackathon20  I  âœ… LlamaCppServiceProvider registered
2025-11-11 23:30:58.732 16636-16673 MyApp                   com.runanywhere.startup_hackathon20  I  âœ… LlamaCpp Service Provider registered
2025-11-11 23:30:58.735 16636-16673 ModelManagement         com.runanywhere.startup_hackathon20  I  Adding custom model from URL: https://huggingface.co/Qwen/Qwen2.5-3B-Instruct-GGUF/resolve/main/qwen2.5-3b-instruct-q6_k.gguf
2025-11-11 23:30:58.737 16636-16673 ModelManagement         com.runanywhere.startup_hackathon20  I  Model registered in registry: 390496801
2025-11-11 23:30:58.738 16636-16673 ModelInfoService        com.runanywhere.startup_hackathon20  D  Saving model: 390496801
2025-11-11 23:30:58.738 16636-16673 ModelInfoService        com.runanywhere.startup_hackathon20  D  Model validation passed for: 390496801
2025-11-11 23:30:58.738 16636-16673 ModelInfoRepositoryImpl com.runanywhere.startup_hackathon20  D  Saved model: 390496801, localPath: null
2025-11-11 23:30:58.738 16636-16673 ModelInfoService        com.runanywhere.startup_hackathon20  I  Model saved successfully: 390496801
2025-11-11 23:30:58.738 16636-16673 ModelManagement         com.runanywhere.startup_hackathon20  I  Model saved to database: 390496801
2025-11-11 23:30:58.739 16636-16673 ModelManagement         com.runanywhere.startup_hackathon20  I  Successfully added custom model: Qwen 2.5 3B Instruct Q6_K (390496801)
2025-11-11 23:30:58.739 16636-16673 MyApplication           com.runanywhere.startup_hackathon20  D  ðŸ“¥ Registered AI Model: Qwen 2.5 3B (2.3 GB)
2025-11-11 23:30:58.739 16636-16673 MyApplication           com.runanywhere.startup_hackathon20  D  ðŸŽ® Single Model Strategy:
2025-11-11 23:30:58.739 16636-16673 MyApplication           com.runanywhere.startup_hackathon20  D    â†’ Beginner Mode: Qwen 3B (IQ 55-65)
2025-11-11 23:30:58.739 16636-16673 MyApplication           com.runanywhere.startup_hackathon20  D    â†’ Intermediate Mode: Qwen 3B (IQ 70-80)
2025-11-11 23:30:58.739 16636-16673 MyApplication           com.runanywhere.startup_hackathon20  D    â†’ Advanced Mode: Qwen 3B (IQ 85-95)
2025-11-11 23:30:58.739 16636-16673 MyApplication           com.runanywhere.startup_hackathon20  D    â†’ P2P Mode: Qwen 3B
2025-11-11 23:30:58.739 16636-16673 MyApplication           com.runanywhere.startup_hackathon20  D    âœ¨ Same model, different IQ levels for varied difficulty!
2025-11-11 23:30:58.740 16636-16673 ModelInfoRepositoryImpl com.runanywhere.startup_hackathon20  I  ðŸ” Scanning for downloaded models in: /data/user/0/com.runanywhere.startup_hackathon20/files/models
2025-11-11 23:30:58.740 16636-16673 ModelInfoRepositoryImpl com.runanywhere.startup_hackathon20  D  Checking path for whisper-base: /data/user/0/com.runanywhere.startup_hackathon20/files/models/WhisperKit/whisper-base/whisper-base.ggml
2025-11-11 23:30:58.742 16636-16673 ModelInfoRepositoryImpl com.runanywhere.startup_hackathon20  D  Checking path for whisper-base: /data/user/0/com.runanywhere.startup_hackathon20/files/models/llama_cpp/whisper-base/whisper-base.ggml
2025-11-11 23:30:58.745 16636-16673 ModelInfoRepositoryImpl com.runanywhere.startup_hackathon20  D  Checking path for whisper-base: /data/user/0/com.runanywhere.startup_hackathon20/files/models/whisperkit/whisper-base/whisper-base.ggml
2025-11-11 23:30:58.747 16636-16673 ModelInfoRepositoryImpl com.runanywhere.startup_hackathon20  D  Model file not found for whisper-base in any expected location
2025-11-11 23:30:58.747 16636-16673 ModelInfoRepositoryImpl com.runanywhere.startup_hackathon20  D  Checking path for whisper-tiny: /data/user/0/com.runanywhere.startup_hackathon20/files/models/WhisperKit/whisper-tiny/whisper-tiny.ggml
2025-11-11 23:30:58.750 16636-16673 ModelInfoRepositoryImpl com.runanywhere.startup_hackathon20  D  Checking path for whisper-tiny: /data/user/0/com.runanywhere.startup_hackathon20/files/models/llama_cpp/whisper-tiny/whisper-tiny.ggml
2025-11-11 23:30:58.752 16636-16673 ModelInfoRepositoryImpl com.runanywhere.startup_hackathon20  D  Checking path for whisper-tiny: /data/user/0/com.runanywhere.startup_hackathon20/files/models/whisperkit/whisper-tiny/whisper-tiny.ggml
2025-11-11 23:30:58.754 16636-16673 ModelInfoRepositoryImpl com.runanywhere.startup_hackathon20  D  Model file not found for whisper-tiny in any expected location
2025-11-11 23:30:58.755 16636-16673 ModelInfoRepositoryImpl com.runanywhere.startup_hackathon20  D  Checking path for 390496801: /data/user/0/com.runanywhere.startup_hackathon20/files/models/LlamaCpp/390496801/390496801.gguf
2025-11-11 23:30:58.757 16636-16673 ModelInfoRepositoryImpl com.runanywhere.startup_hackathon20  D  Checking path for 390496801: /data/user/0/com.runanywhere.startup_hackathon20/files/models/llama_cpp/390496801/390496801.gguf
2025-11-11 23:30:58.759 16636-16673 ModelInfoRepositoryImpl com.runanywhere.startup_hackathon20  D  Checking path for 390496801: /data/user/0/com.runanywhere.startup_hackathon20/files/models/llamacpp/390496801/390496801.gguf
2025-11-11 23:30:58.760 16636-16673 ModelInfoRepositoryImpl com.runanywhere.startup_hackathon20  D  Model file not found for 390496801 in any expected location
2025-11-11 23:30:58.760 16636-16673 ModelInfoRepositoryImpl com.runanywhere.startup_hackathon20  I  âœ… Scan complete. Found 0 downloaded models
2025-11-11 23:30:58.760 16636-16673 RunAnywhere.Android     com.runanywhere.startup_hackathon20  I  ðŸ” Scanned file system for downloaded models at: /data/user/0/com.runanywhere.startup_hackathon20/files/models
2025-11-11 23:30:58.761 16636-16673 MyApp                   com.runanywhere.startup_hackathon20  I  âœ… Scanned for downloaded models
2025-11-11 23:30:58.761 16636-16673 MyApp                   com.runanywhere.startup_hackathon20  I  ðŸŽ‰ SDK initialization complete!
2025-11-11 23:30:58.779 16636-16673 Supabase-Auth           com.runanywhere.startup_hackathon20  I  Trying to load latest session from storage.
2025-11-11 23:30:58.790 16636-16636 AuthViewModel           com.runanywhere.startup_hackathon20  D  Checking for logged in user from server...
2025-11-11 23:30:58.837 16636-16636 WindowOnBackDispatcher  com.runanywhere.startup_hackathon20  W  OnBackInvokedCallback is not enabled for the application.
                                                                                                    Set 'android:enableOnBackInvokedCallback="true"' in the application manifest.
2025-11-11 23:30:58.888 16636-16636 tup_hackathon20         com.runanywhere.startup_hackathon20  W  type=1400 audit(0.0:108972): avc:  denied  { read } for  name="u:object_r:vendor_display_prop:s0" dev="tmpfs" ino=450 scontext=u:r:untrusted_app:s0:c105,c257,c512,c768 tcontext=u:object_r:vendor_display_prop:s0 tclass=file permissive=0 app=com.runanywhere.startup_hackathon20
2025-11-11 23:30:58.892 16636-16636 libc                    com.runanywhere.startup_hackathon20  W  Access denied finding property "vendor.display.enable_optimal_refresh_rate"
2025-11-11 23:30:58.892 16636-16636 libc                    com.runanywhere.startup_hackathon20  W  Access denied finding property "vendor.gpp.create_frc_extension"
2025-11-11 23:30:58.892 16636-16636 tup_hackathon20         com.runanywhere.startup_hackathon20  I  ã€MiuiBoosterUtilsã€‘checkUtil disable.
2025-11-11 23:30:58.892 16636-16636 tup_hackathon20         com.runanywhere.startup_hackathon20  I  ã€MiuiBoosterUtilsã€‘package permission check disable.
2025-11-11 23:30:58.892 16636-16636 tup_hackathon20         com.runanywhere.startup_hackathon20  I  ã€MiuiBoosterUtilsã€‘get Service disable.
2025-11-11 23:30:58.897 16636-16699 tup_hackathon20         com.runanywhere.startup_hackathon20  I  ã€MiuiBoosterUtilsã€‘improve disable.
2025-11-11 23:30:58.907 16636-16636 VRI[MainActivity]       com.runanywhere.startup_hackathon20  D  vri.reportNextDraw android.view.ViewRootImpl.performTraversals:4972 android.view.ViewRootImpl.doTraversal:3560 android.view.ViewRootImpl$TraversalRunnable.run:11601 android.view.Choreographer$CallbackRecord.run:1747 android.view.Choreographer$CallbackRecord.run:1756
2025-11-11 23:30:58.908 16636-16636 VRI[MainActivity]       com.runanywhere.startup_hackathon20  D  vri.Setup new sync=wmsSync-VRI[MainActivity]#0
2025-11-11 23:30:58.909 16636-16636 UserSceneDetector       com.runanywhere.startup_hackathon20  D  invoke error.
2025-11-11 23:30:58.919 16636-16677 tup_hackathon20         com.runanywhere.startup_hackathon20  D  MiuiProcessManagerServiceStub setSchedFifo
2025-11-11 23:30:58.919 16636-16677 MiuiProcessManagerImpl  com.runanywhere.startup_hackathon20  I  setSchedFifo pid:16636, mode:3
2025-11-11 23:30:58.937 16636-16677 LB                      com.runanywhere.startup_hackathon20  E  fail to open file: No such file or directory
2025-11-11 23:30:58.937 16636-16677 LB                      com.runanywhere.startup_hackathon20  E  fail to open node: No such file or directory
2025-11-11 23:30:58.937 16636-16677 LB                      com.runanywhere.startup_hackathon20  E  fail to open node: No such file or directory
2025-11-11 23:30:58.941 16636-16636 VRI[MainActivity]       com.runanywhere.startup_hackathon20  D  vri.reportDrawFinished
2025-11-11 23:30:58.942 16636-16636 FileUtils               com.runanywhere.startup_hackathon20  E  err write to mi_exception_log
2025-11-11 23:30:58.942 16636-16636 FileUtils               com.runanywhere.startup_hackathon20  E  err write to mi_exception_log
2025-11-11 23:30:58.942 16636-16636 FileUtils               com.runanywhere.startup_hackathon20  E  err write to mi_exception_log
2025-11-11 23:30:58.944 16636-16636 MainActivity            com.runanywhere.startup_hackathon20  D  â„¹ï¸ No logged in user, showing auth screen
2025-11-11 23:30:58.944 16636-16636 MainActivity            com.runanywhere.startup_hackathon20  D   LaunchedEffect triggered - Session: null, CurrentScreen: com.runanywhere.startup_hackathon20.Screen$Auth@490dc1c
2025-11-11 23:30:58.947 16636-16636 Choreographer           com.runanywhere.startup_hackathon20  I  Skipped 68 frames!  The application may be doing too much work on its main thread.
2025-11-11 23:30:58.947 16636-16636 UserSceneDetector       com.runanywhere.startup_hackathon20  D  invoke error.
2025-11-11 23:30:58.965 16636-16653 HWUI                    com.runanywhere.startup_hackathon20  I  Davey! duration=786ms; Flags=1, FrameTimelineVsyncId=39954412, IntendedVsync=208340215822697, Vsync=208340215822697, InputEventId=0, HandleInputStart=208340221650574, AnimationStart=208340221654584, PerformTraversalsStart=208340221675261, DrawStart=208340973630417, FrameDeadline=208340232044920, FrameInterval=208340221539063, FrameStartTime=11137919, FlingPosition=0, FlingFrameInterval=0, SyncQueued=208340978926354, SyncStart=208340979394740, IssueDrawCommandsStart=208340983808959, SwapBuffers=208340997100313, FrameCompleted=208341003143125, DequeueBufferDuration=23177, QueueBufferDuration=1073177, GpuCompleted=208340999591771, SwapBuffersCompleted=208341003143125, DisplayPresentTime=35192962119153, CommandSubmissionCompleted=208340997100313,
2025-11-11 23:30:59.014 16636-16672 Supabase-Auth           com.runanywhere.startup_hackathon20  I  Successfully loaded session from storage!
2025-11-11 23:30:59.083 16636-16636 FileUtils               com.runanywhere.startup_hackathon20  E  err write to mi_exception_log
2025-11-11 23:30:59.083 16636-16636 FileUtils               com.runanywhere.startup_hackathon20  E  err write to mi_exception_log
2025-11-11 23:30:59.124 16636-16646 tup_hackathon20         com.runanywhere.startup_hackathon20  I  Compiler allocated 5311KB to compile void android.view.ViewRootImpl.performTraversals()
2025-11-11 23:30:59.142 16636-16653 HWUI                    com.runanywhere.startup_hackathon20  I  Davey! duration=949ms; Flags=0, FrameTimelineVsyncId=39954457, IntendedVsync=208340249229709, Vsync=208341006580933, InputEventId=0, HandleInputStart=208341010592136, AnimationStart=208341010593073, PerformTraversalsStart=208341105951250, DrawStart=208341137176459, FrameDeadline=208341022837169, FrameInterval=208341010011823, FrameStartTime=11137518, FlingPosition=0, FlingFrameInterval=0, SyncQueued=208341145959011, SyncStart=208341146068698, IssueDrawCommandsStart=208341146226042, SwapBuffers=208341193702396, FrameCompleted=208341199064323, DequeueBufferDuration=34375, QueueBufferDuration=729167, GpuCompleted=208341199064323, SwapBuffersCompleted=208341195546406, DisplayPresentTime=0, CommandSubmissionCompleted=208341193702396,
2025-11-11 23:30:59.168 16636-16636 FileUtils               com.runanywhere.startup_hackathon20  E  err write to mi_exception_log
2025-11-11 23:30:59.174 16636-16636 UserSceneDetector       com.runanywhere.startup_hackathon20  D  invoke error.
2025-11-11 23:30:59.177 16636-16636 HandWritingStubImpl     com.runanywhere.startup_hackathon20  I  refreshLastKeyboardType: 1
2025-11-11 23:30:59.178 16636-16636 HandWritingStubImpl     com.runanywhere.startup_hackathon20  I  getCurrentKeyboardType: 1
2025-11-11 23:30:59.223 16636-16636 HandWritingStubImpl     com.runanywhere.startup_hackathon20  I  getCurrentKeyboardType: 1
2025-11-11 23:30:59.478 16636-16636 FileUtils               com.runanywhere.startup_hackathon20  E  err write to mi_exception_log
2025-11-11 23:31:00.574  2849-3288  RTMode                  system_server                        E  pkgName: com.runanywhere.startup_hackathon20 has no permission
2025-11-11 23:31:00.585 16636-16636 MIUIInput               com.runanywhere.startup_hackathon20  I  [MotionEvent] ViewRootImpl windowName 'com.runanywhere.startup_hackathon20/com.runanywhere.startup_hackathon20.MainActivity', { action=ACTION_DOWN, id[0]=0, pointerCount=1, eventTime=208342634, downTime=208342634, phoneEventTime=23:31:00.571 } moveCount:0
2025-11-11 23:31:00.589 16636-16636 MirrorManager           com.runanywhere.startup_hackathon20  W  this model don't Support
2025-11-11 23:31:00.624 16636-16636 MIUIInput               com.runanywhere.startup_hackathon20  I  [MotionEvent] ViewRootImpl windowName 'com.runanywhere.startup_hackathon20/com.runanywhere.startup_hackathon20.MainActivity', { action=ACTION_UP, id[0]=0, pointerCount=1, eventTime=208342684, downTime=208342634, phoneEventTime=23:31:00.621 } moveCount:0
2025-11-11 23:31:00.868 16636-16647 tup_hackathon20         com.runanywhere.startup_hackathon20  I  Background concurrent mark compact GC freed 2259KB AllocSpace bytes, 1(20KB) LOS objects, 49% free, 9713KB/18MB, paused 676us,2.140ms total 107.194ms
2025-11-11 23:31:00.965 16636-16636 FileUtils               com.runanywhere.startup_hackathon20  E  err write to mi_exception_log
2025-11-11 23:31:00.966 16636-16636 FileUtils               com.runanywhere.startup_hackathon20  E  err write to mi_exception_log
2025-11-11 23:31:00.972 16636-16636 Choreographer           com.runanywhere.startup_hackathon20  I  Skipped 30 frames!  The application may be doing too much work on its main thread.
2025-11-11 23:31:00.973 16636-16636 UserSceneDetector       com.runanywhere.startup_hackathon20  D  invoke error.
2025-11-11 23:31:00.986 16636-16636 FileUtils               com.runanywhere.startup_hackathon20  E  err write to mi_exception_log
2025-11-11 23:31:01.018 16636-16636 AuthViewModel           com.runanywhere.startup_hackathon20  D  Found logged in user: R259505
2025-11-11 23:31:01.043 16636-16636 MainActivity            com.runanywhere.startup_hackathon20  D  âœ… User logged in: mark
2025-11-11 23:31:01.328 16636-16636 FileUtils               com.runanywhere.startup_hackathon20  E  err write to mi_exception_log
2025-11-11 23:31:01.339 16636-16636 UserSceneDetector       com.runanywhere.startup_hackathon20  D  invoke error.
2025-11-11 23:31:01.681 16636-16636 ServerRepository        com.runanywhere.startup_hackathon20  D  Fetched 6 debate history records
2025-11-11 23:31:01.781 16636-16636 FileUtils               com.runanywhere.startup_hackathon20  E  err write to mi_exception_log
2025-11-11 23:31:02.119  2849-3288  RTMode                  system_server                        E  pkgName: com.runanywhere.startup_hackathon20 has no permission
2025-11-11 23:31:02.120 16636-16636 MIUIInput               com.runanywhere.startup_hackathon20  I  [MotionEvent] ViewRootImpl windowName 'com.runanywhere.startup_hackathon20/com.runanywhere.startup_hackathon20.MainActivity', { action=ACTION_DOWN, id[0]=0, pointerCount=1, eventTime=208344180, downTime=208344180, phoneEventTime=23:31:02.117 } moveCount:0
2025-11-11 23:31:02.139  2849-3288  RTMode                  system_server                        E  pkgName: com.runanywhere.startup_hackathon20 has no permission
2025-11-11 23:31:02.143  2849-3288  RTMode                  system_server                        E  pkgName: com.runanywhere.startup_hackathon20 has no permission
2025-11-11 23:31:02.147  2849-3288  RTMode                  system_server                        E  pkgName: com.runanywhere.startup_hackathon20 has no permission
2025-11-11 23:31:02.151  2849-3288  RTMode                  system_server                        E  pkgName: com.runanywhere.startup_hackathon20 has no permission
2025-11-11 23:31:02.156  2849-3288  RTMode                  system_server                        E  pkgName: com.runanywhere.startup_hackathon20 has no permission
2025-11-11 23:31:02.156  2849-3288  RTMode                  system_server                        E  pkgName: com.runanywhere.startup_hackathon20 has no permission
2025-11-11 23:31:02.160  2849-3288  RTMode                  system_server                        E  pkgName: com.runanywhere.startup_hackathon20 has no permission
2025-11-11 23:31:02.164  2849-3288  RTMode                  system_server                        E  pkgName: com.runanywhere.startup_hackathon20 has no permission
2025-11-11 23:31:02.168  2849-3288  RTMode                  system_server                        E  pkgName: com.runanywhere.startup_hackathon20 has no permission
2025-11-11 23:31:02.172  2849-3288  RTMode                  system_server                        E  pkgName: com.runanywhere.startup_hackathon20 has no permission
2025-11-11 23:31:02.176  2849-3288  RTMode                  system_server                        E  pkgName: com.runanywhere.startup_hackathon20 has no permission
2025-11-11 23:31:02.181  2849-3288  RTMode                  system_server                        E  pkgName: com.runanywhere.startup_hackathon20 has no permission
2025-11-11 23:31:02.184 16636-16636 tup_hackathon20         com.runanywhere.startup_hackathon20  I  hiddenapi: Accessing hidden method Landroid/view/ViewTreeObserver;->dispatchOnScrollChanged()V (runtime_flags=0, domain=platform, api=unsupported) from Landroidx/compose/ui/platform/AndroidComposeView$Companion; (domain=app) using reflection: allowed
2025-11-11 23:31:02.185  2849-3288  RTMode                  system_server                        E  pkgName: com.runanywhere.startup_hackathon20 has no permission
2025-11-11 23:31:02.189  2849-3288  RTMode                  system_server                        E  pkgName: com.runanywhere.startup_hackathon20 has no permission
2025-11-11 23:31:02.204 16636-16636 MIUIInput               com.runanywhere.startup_hackathon20  I  [MotionEvent] ViewRootImpl windowName 'com.runanywhere.startup_hackathon20/com.runanywhere.startup_hackathon20.MainActivity', { action=ACTION_UP, id[0]=0, pointerCount=1, eventTime=208344254, downTime=208344180, phoneEventTime=23:31:02.191 } moveCount:3
2025-11-11 23:31:02.440  2849-3288  RTMode                  system_server                        E  pkgName: com.runanywhere.startup_hackathon20 has no permission
2025-11-11 23:31:02.446 16636-16636 MIUIInput               com.runanywhere.startup_hackathon20  I  [MotionEvent] ViewRootImpl windowName 'com.runanywhere.startup_hackathon20/com.runanywhere.startup_hackathon20.MainActivity', { action=ACTION_DOWN, id[0]=0, pointerCount=1, eventTime=208344501, downTime=208344501, phoneEventTime=23:31:02.437 } moveCount:0
2025-11-11 23:31:02.448  2849-3288  RTMode                  system_server                        E  pkgName: com.runanywhere.startup_hackathon20 has no permission
2025-11-11 23:31:02.452  2849-3288  RTMode                  system_server                        E  pkgName: com.runanywhere.startup_hackathon20 has no permission
2025-11-11 23:31:02.456  2849-3288  RTMode                  system_server                        E  pkgName: com.runanywhere.startup_hackathon20 has no permission
2025-11-11 23:31:02.456  2849-3288  RTMode                  system_server                        E  pkgName: com.runanywhere.startup_hackathon20 has no permission
2025-11-11 23:31:02.461  2849-3288  RTMode                  system_server                        E  pkgName: com.runanywhere.startup_hackathon20 has no permission
2025-11-11 23:31:02.465  2849-3288  RTMode                  system_server                        E  pkgName: com.runanywhere.startup_hackathon20 has no permission
2025-11-11 23:31:02.469  2849-3288  RTMode                  system_server                        E  pkgName: com.runanywhere.startup_hackathon20 has no permission
2025-11-11 23:31:02.473  2849-3288  RTMode                  system_server                        E  pkgName: com.runanywhere.startup_hackathon20 has no permission
2025-11-11 23:31:02.477  2849-3288  RTMode                  system_server                        E  pkgName: com.runanywhere.startup_hackathon20 has no permission
2025-11-11 23:31:02.482  2849-3288  RTMode                  system_server                        E  pkgName: com.runanywhere.startup_hackathon20 has no permission
2025-11-11 23:31:02.486  2849-3288  RTMode                  system_server                        E  pkgName: com.runanywhere.startup_hackathon20 has no permission
2025-11-11 23:31:02.491  2849-3288  RTMode                  system_server                        E  pkgName: com.runanywhere.startup_hackathon20 has no permission
2025-11-11 23:31:02.493  2849-3288  RTMode                  system_server                        E  pkgName: com.runanywhere.startup_hackathon20 has no permission
2025-11-11 23:31:02.507 16636-16636 MIUIInput               com.runanywhere.startup_hackathon20  I  [MotionEvent] ViewRootImpl windowName 'com.runanywhere.startup_hackathon20/com.runanywhere.startup_hackathon20.MainActivity', { action=ACTION_UP, id[0]=0, pointerCount=1, eventTime=208344559, downTime=208344501, phoneEventTime=23:31:02.496 } moveCount:3
2025-11-11 23:31:03.230  2849-3288  RTMode                  system_server                        E  pkgName: com.runanywhere.startup_hackathon20 has no permission
2025-11-11 23:31:03.235 16636-16636 MIUIInput               com.runanywhere.startup_hackathon20  I  [MotionEvent] ViewRootImpl windowName 'com.runanywhere.startup_hackathon20/com.runanywhere.startup_hackathon20.MainActivity', { action=ACTION_DOWN, id[0]=0, pointerCount=1, eventTime=208345291, downTime=208345291, phoneEventTime=23:31:03.228 } moveCount:0
2025-11-11 23:31:03.318 16636-16636 MIUIInput               com.runanywhere.startup_hackathon20  I  [MotionEvent] ViewRootImpl windowName 'com.runanywhere.startup_hackathon20/com.runanywhere.startup_hackathon20.MainActivity', { action=ACTION_UP, id[0]=0, pointerCount=1, eventTime=208345369, downTime=208345291, phoneEventTime=23:31:03.306 } moveCount:0
2025-11-11 23:31:03.539 16636-16636 FileUtils               com.runanywhere.startup_hackathon20  E  err write to mi_exception_log
2025-11-11 23:31:03.549 16636-16636 UserSceneDetector       com.runanywhere.startup_hackathon20  D  invoke error.
2025-11-11 23:31:03.720 16636-16749 ProfileInstaller        com.runanywhere.startup_hackathon20  D  Installing profile for com.runanywhere.startup_hackathon20
2025-11-11 23:31:03.938 16636-16677 tup_hackathon20         com.runanywhere.startup_hackathon20  E  FrameInsert open fail: No such file or directory
2025-11-11 23:31:04.182  2849-3288  RTMode                  system_server                        E  pkgName: com.runanywhere.startup_hackathon20 has no permission
2025-11-11 23:31:04.189 16636-16636 MIUIInput               com.runanywhere.startup_hackathon20  I  [MotionEvent] ViewRootImpl windowName 'com.runanywhere.startup_hackathon20/com.runanywhere.startup_hackathon20.MainActivity', { action=ACTION_DOWN, id[0]=0, pointerCount=1, eventTime=208346243, downTime=208346243, phoneEventTime=23:31:04.180 } moveCount:0
2025-11-11 23:31:04.277 16636-16636 MIUIInput               com.runanywhere.startup_hackathon20  I  [MotionEvent] ViewRootImpl windowName 'com.runanywhere.startup_hackathon20/com.runanywhere.startup_hackathon20.MainActivity', { action=ACTION_UP, id[0]=0, pointerCount=1, eventTime=208346330, downTime=208346243, phoneEventTime=23:31:04.267 } moveCount:0
2025-11-11 23:31:04.279 16636-16636 AIPracticeMode          com.runanywhere.startup_hackathon20  D  ðŸŽ® Beginner clicked
2025-11-11 23:31:04.279 16636-16636 AIPracticeMode          com.runanywhere.startup_hackathon20  D  âš ï¸ Model not ready, showing dialog for AI_BEGINNER
2025-11-11 23:31:04.316 16636-16636 WindowOnBackDispatcher  com.runanywhere.startup_hackathon20  W  OnBackInvokedCallback is not enabled for the application.
                                                                                                    Set 'android:enableOnBackInvokedCallback="true"' in the application manifest.
2025-11-11 23:31:04.319 16636-16636 MiuiCamera...redManager com.runanywhere.startup_hackathon20  D  java.lang.NullPointerException: Attempt to invoke virtual method 'java.lang.String android.provider.MiuiSettings$SettingsCloudData$CloudData.getString(java.lang.String, java.lang.String)' on a null object reference
2025-11-11 23:31:04.334 16636-16636 DecorViewImmersiveImpl  com.runanywhere.startup_hackathon20  D  onAttachedToWindow:com.runanywhere.startup_hackathon20/com.runanywhere.startup_hackathon20.MainActivity
2025-11-11 23:31:04.439 16636-16636 libc                    com.runanywhere.startup_hackathon20  W  Access denied finding property "vendor.display.enable_optimal_refresh_rate"
2025-11-11 23:31:04.440 16636-16636 libc                    com.runanywhere.startup_hackathon20  W  Access denied finding property "vendor.gpp.create_frc_extension"
2025-11-11 23:31:04.440 16636-16636 tup_hackathon20         com.runanywhere.startup_hackathon20  I  ã€MiuiBoosterUtilsã€‘checkUtil disable.
2025-11-11 23:31:04.440 16636-16636 tup_hackathon20         com.runanywhere.startup_hackathon20  I  ã€MiuiBoosterUtilsã€‘package permission check disable.
2025-11-11 23:31:04.436 16636-16636 tup_hackathon20         com.runanywhere.startup_hackathon20  W  type=1400 audit(0.0:108974): avc:  denied  { read } for  name="u:object_r:vendor_display_prop:s0" dev="tmpfs" ino=450 scontext=u:r:untrusted_app:s0:c105,c257,c512,c768 tcontext=u:object_r:vendor_display_prop:s0 tclass=file permissive=0 app=com.runanywhere.startup_hackathon20
2025-11-11 23:31:04.442 16636-16752 tup_hackathon20         com.runanywhere.startup_hackathon20  I  ã€MiuiBoosterUtilsã€‘improve disable.
2025-11-11 23:31:04.459 16636-16636 VRI[MainActivity]       com.runanywhere.startup_hackathon20  D  vri.reportNextDraw android.view.ViewRootImpl.performTraversals:4972 android.view.ViewRootImpl.doTraversal:3560 android.view.ViewRootImpl$TraversalRunnable.run:11601 android.view.Choreographer$CallbackRecord.run:1747 android.view.Choreographer$CallbackRecord.run:1756
2025-11-11 23:31:04.459 16636-16636 VRI[MainActivity]       com.runanywhere.startup_hackathon20  D  vri.Setup new sync=wmsSync-VRI[MainActivity]#2
2025-11-11 23:31:04.529 16636-16636 VRI[MainActivity]       com.runanywhere.startup_hackathon20  D  vri.reportDrawFinished
2025-11-11 23:31:04.534 16636-16636 FileUtils               com.runanywhere.startup_hackathon20  E  err write to mi_exception_log
2025-11-11 23:31:04.539 16636-16636 UserSceneDetector       com.runanywhere.startup_hackathon20  D  invoke error.
2025-11-11 23:31:04.620 16636-16636 HandWritingStubImpl     com.runanywhere.startup_hackathon20  I  refreshLastKeyboardType: 1
2025-11-11 23:31:04.620 16636-16636 HandWritingStubImpl     com.runanywhere.startup_hackathon20  I  getCurrentKeyboardType: 1
2025-11-11 23:31:04.663 16636-16636 MiuiMultiWindowUtils    com.runanywhere.startup_hackathon20  D  freeform resolution args raw data:{  "wide_default":{    "freeform_args": {        "vertical_portrait":{"aspect_ratio":0.626, "original_ratio":0.5643,"original_scale":0.74,"top_margin":0.168,"left_margin":0.484},        "horizontal_portrait":{"aspect_ratio":0.626, "original_ratio":0.5643,"original_scale":0.74,"top_margin":0.1222,"left_margin":0.59745},        "vertical_landscape":{"aspect_ratio":1.6, "original_ratio":1,"original_scale":0.604,"top_margin":0.2596,"left_margin":0.2624},        "horizontal_landscape":{"aspect_ratio":1.6, "original_ratio":1,"original_scale":0.604,"top_margin":0.213,"left_margin":0.3758}    },    "mini_freeform_args":{        "vertical_portrait":{"original_ratio":0.147},        "horizontal_portrait":{"original_ratio":0.147},        "vertical_landscape":{"original_ratio":0.165},        "horizontal_landscape":{"original_ratio":0.165}    }  },  "narrow_default": {    "freeform_args": {        "vertical_portrait":{"aspect_ratio":0.626, "original_ratio":1,"original_scale":0.74,"top_margin":0.0753,"left_margin":-1},        "horizontal_portrait":{"aspect_ratio":0.626, "original_ratio":1,"original_scale":0.5756,"top_margin":-1,"left_margin":0.0753},        "vertical_landscape":{"aspect_ratio":1.6, "original_ratio":0.6847,"original_scale":0.587,"top_margin":0.0753,"left_margin":-1},        "horizontal_landscape":{"aspect_ratio":1.6, "original_ratio":0.6847,"original_scale":0.587,"top_margin":-1,"left_margin":0.0753}    },    "mini_freeform_args":{        "vertical_portrait":{"original_ratio":0.26},        "horizontal_portrait":{"original_ratio":0.26},        "vertical_landscape":{"original_ratio":0.293},        "horizontal_landscape":{"original_ratio":0.293}    }  },  "regular_default": {    "freeform_args": {      "vertical_portrait":{"aspect_ratio":0.625, "original_ratio":1,"original_scale":0.7,"top_margin":0.109,"left_margin":-1},      "horizontal_portrait":{"aspect_ratio":0.6667, "original_ratio":1,"original_scale":0.6102,"top_margin":-1,"left_margin":0.026},      "vertical_landscape":{"aspect_ratio":1.6, "original_ratio":1,"original_scale":0.4244,"top_margin":0.109,"left_margin":-1},      "horizontal_landscape":{"aspect_ratio":1.6, "original_ratio":1,"original_scale":0.4244,"top_margin":-1,"left_margin":0.026}    },    "mini_freeform_args":{      "vertical_portrait":{"original_ratio":0.25},      "horizontal_portrait":{"original_ratio":0.25},      "vertical_landscape":{"original_ratio":0.25},      "horizontal_landscape":{"original_ratio":0.25}    }  },  "pad_default": {    "freeform_args": {      "vertical_portrait":{"aspect_ratio":0.5625, "original_ratio":0.375,"original_scale":0.835,"top_margin":0.049,"left_margin":0.2775},      "horizontal_portrait":{"aspect_ratio":0.5625, "original_ratio":0.375,"original_scale":0.835,"top_margin":-1,"left_margin":0.6525},      "vertical_landscape":{"aspect_ratio":-1, "original_ratio":1,"original_scale":0.468,"top_margin":0.049,"left_margin":-1},      "horizontal_landscape":{"aspect_ratio":-1, "original_ratio":1,"original_scale":0.468,"top_margin":-1,"left_margin":0.4976}    },    "mini_freeform_args":{      "vertical_portrait":{"original_ratio":0.144},      "horizontal_portrait":{"original_ratio":0.144},      "vertical_landscape":{"original_ratio":0.2},      "horizontal_landscape":{"original_ratio":0.2}    }  }}
2025-11-11 23:31:04.667 16636-16636 MiuiMultiWindowUtils    com.runanywhere.startup_hackathon20  D  initFreeFormResolutionArgs failed, device is sky
2025-11-11 23:31:04.667 16636-16636 IS_CTS_MODE             com.runanywhere.startup_hackathon20  D  false
2025-11-11 23:31:04.667 16636-16636 MULTI_WIND...CH_ENABLED com.runanywhere.startup_hackathon20  D  false
2025-11-11 23:31:05.636  2849-3288  RTMode                  system_server                        E  pkgName: com.runanywhere.startup_hackathon20 has no permission
2025-11-11 23:31:05.642 16636-16636 MIUIInput               com.runanywhere.startup_hackathon20  I  [MotionEvent] ViewRootImpl windowName 'com.runanywhere.startup_hackathon20/com.runanywhere.startup_hackathon20.MainActivity', { action=ACTION_DOWN, id[0]=0, pointerCount=1, eventTime=208347696, downTime=208347696, phoneEventTime=23:31:05.633 } moveCount:0
2025-11-11 23:31:05.656  2849-3288  RTMode                  system_server                        E  pkgName: com.runanywhere.startup_hackathon20 has no permission
2025-11-11 23:31:05.660  2849-3288  RTMode                  system_server                        E  pkgName: com.runanywhere.startup_hackathon20 has no permission
2025-11-11 23:31:05.664  2849-3288  RTMode                  system_server                        E  pkgName: com.runanywhere.startup_hackathon20 has no permission
2025-11-11 23:31:05.668  2849-3288  RTMode                  system_server                        E  pkgName: com.runanywhere.startup_hackathon20 has no permission
2025-11-11 23:31:05.672  2849-3288  RTMode                  system_server                        E  pkgName: com.runanywhere.startup_hackathon20 has no permission
2025-11-11 23:31:05.676  2849-3288  RTMode                  system_server                        E  pkgName: com.runanywhere.startup_hackathon20 has no permission
2025-11-11 23:31:05.680  2849-3288  RTMode                  system_server                        E  pkgName: com.runanywhere.startup_hackathon20 has no permission
2025-11-11 23:31:05.685  2849-3288  RTMode                  system_server                        E  pkgName: com.runanywhere.startup_hackathon20 has no permission
2025-11-11 23:31:05.689  2849-3288  RTMode                  system_server                        E  pkgName: com.runanywhere.startup_hackathon20 has no permission
2025-11-11 23:31:05.689  2849-3288  RTMode                  system_server                        E  pkgName: com.runanywhere.startup_hackathon20 has no permission
2025-11-11 23:31:05.693  2849-3288  RTMode                  system_server                        E  pkgName: com.runanywhere.startup_hackathon20 has no permission
2025-11-11 23:31:05.697  2849-3288  RTMode                  system_server                        E  pkgName: com.runanywhere.startup_hackathon20 has no permission
2025-11-11 23:31:05.701  2849-3288  RTMode                  system_server                        E  pkgName: com.runanywhere.startup_hackathon20 has no permission
2025-11-11 23:31:05.706  2849-3288  RTMode                  system_server                        E  pkgName: com.runanywhere.startup_hackathon20 has no permission
2025-11-11 23:31:05.710  2849-3288  RTMode                  system_server                        E  pkgName: com.runanywhere.startup_hackathon20 has no permission
2025-11-11 23:31:05.714  2849-3288  RTMode                  system_server                        E  pkgName: com.runanywhere.startup_hackathon20 has no permission
2025-11-11 23:31:05.718  2849-3288  RTMode                  system_server                        E  pkgName: com.runanywhere.startup_hackathon20 has no permission
2025-11-11 23:31:05.723  2849-3288  RTMode                  system_server                        E  pkgName: com.runanywhere.startup_hackathon20 has no permission
2025-11-11 23:31:05.727  2849-3288  RTMode                  system_server                        E  pkgName: com.runanywhere.startup_hackathon20 has no permission
2025-11-11 23:31:05.731  2849-3288  RTMode                  system_server                        E  pkgName: com.runanywhere.startup_hackathon20 has no permission
2025-11-11 23:31:05.735  2849-3288  RTMode                  system_server                        E  pkgName: com.runanywhere.startup_hackathon20 has no permission
2025-11-11 23:31:05.739  2849-3288  RTMode                  system_server                        E  pkgName: com.runanywhere.startup_hackathon20 has no permission
2025-11-11 23:31:05.743  2849-3288  RTMode                  system_server                        E  pkgName: com.runanywhere.startup_hackathon20 has no permission
2025-11-11 23:31:05.750 16636-16636 MIUIInput               com.runanywhere.startup_hackathon20  I  [MotionEvent] ViewRootImpl windowName 'com.runanywhere.startup_hackathon20/com.runanywhere.startup_hackathon20.MainActivity', { action=ACTION_UP, id[0]=0, pointerCount=1, eventTime=208347808, downTime=208347696, phoneEventTime=23:31:05.744 } moveCount:6
2025-11-11 23:31:05.803 16636-16636 FileUtils               com.runanywhere.startup_hackathon20  E  err write to mi_exception_log
2025-11-11 23:31:06.625  2849-3288  RTMode                  system_server                        E  pkgName: com.runanywhere.startup_hackathon20 has no permission
2025-11-11 23:31:06.626 16636-16636 MIUIInput               com.runanywhere.startup_hackathon20  I  [MotionEvent] ViewRootImpl windowName 'com.runanywhere.startup_hackathon20/com.runanywhere.startup_hackathon20.MainActivity', { action=ACTION_DOWN, id[0]=0, pointerCount=1, eventTime=208348686, downTime=208348686, phoneEventTime=23:31:06.623 } moveCount:0
2025-11-11 23:31:06.676 16636-16636 MIUIInput               com.runanywhere.startup_hackathon20  I  [MotionEvent] ViewRootImpl windowName 'com.runanywhere.startup_hackathon20/com.runanywhere.startup_hackathon20.MainActivity', { action=ACTION_UP, id[0]=0, pointerCount=1, eventTime=208348735, downTime=208348686, phoneEventTime=23:31:06.672 } moveCount:0
2025-11-11 23:31:06.678 16636-16636 AIPracticeMode          com.runanywhere.startup_hackathon20  D  ðŸ“¥ Starting download for 390496801
2025-11-11 23:31:06.679 16636-16636 ModelInfoService        com.runanywhere.startup_hackathon20  D  Getting model: 390496801
2025-11-11 23:31:06.679 16636-16636 ModelInfoService        com.runanywhere.startup_hackathon20  D  Model loaded from repository: 390496801
2025-11-11 23:31:06.686 16636-16696 KtorDownloadService     com.runanywhere.startup_hackathon20  I  Starting download - modelId: 390496801, url: https://huggingface.co/Qwen/Qwen2.5-3B-Instruct-GGUF/resolve/main/qwen2.5-3b-instruct-q6_k.gguf, expectedSize: 0, destination: /data/user/0/com.runanywhere.startup_hackathon20/files/models/llama_cpp/390496801/390496801.gguf
2025-11-11 23:31:06.688 16636-16696 AndroidDownloadImpl     com.runanywhere.startup_hackathon20  I  Using AndroidSimpleDownloader for model: 390496801
2025-11-11 23:31:06.689 16636-16697 AndroidSimpleDownloader com.runanywhere.startup_hackathon20  I  Starting simple download - url: https://huggingface.co/Qwen/Qwen2.5-3B-Instruct-GGUF/resolve/main/qwen2.5-3b-instruct-q6_k.gguf, destination: /data/user/0/com.runanywhere.startup_hackathon20/files/models/llama_cpp/390496801/390496801.gguf
2025-11-11 23:31:08.333 16636-16697 AndroidSimpleDownloader com.runanywhere.startup_hackathon20  I  Download started - totalBytes: 2793410976
2025-11-11 23:31:08.446 16636-16697 AndroidSimpleDownloader com.runanywhere.startup_hackathon20  D  Download progress: 0% (85338 / 2793410976 bytes)
