2025-11-11 23:54:54.687  2849-3288  RTMode                  system_server                        E  pkgName: com.runanywhere.startup_hackathon20 has no permission
2025-11-11 23:54:54.692  2849-3288  RTMode                  system_server                        E  pkgName: com.runanywhere.startup_hackathon20 has no permission
2025-11-11 23:54:54.696  2849-3288  RTMode                  system_server                        E  pkgName: com.runanywhere.startup_hackathon20 has no permission
2025-11-11 23:54:54.700  2849-3288  RTMode                  system_server                        E  pkgName: com.runanywhere.startup_hackathon20 has no permission
2025-11-11 23:54:54.704  2849-3288  RTMode                  system_server                        E  pkgName: com.runanywhere.startup_hackathon20 has no permission
2025-11-11 23:54:54.708  2849-3288  RTMode                  system_server                        E  pkgName: com.runanywhere.startup_hackathon20 has no permission
2025-11-11 23:54:54.711  2849-3288  RTMode                  system_server                        E  pkgName: com.runanywhere.startup_hackathon20 has no permission
2025-11-11 23:54:54.715  2849-3288  RTMode                  system_server                        E  pkgName: com.runanywhere.startup_hackathon20 has no permission
2025-11-11 23:54:54.721  2849-3288  RTMode                  system_server                        E  pkgName: com.runanywhere.startup_hackathon20 has no permission
2025-11-11 23:54:54.723 32714-32714 MiInputConsumer         com.runanywhere.startup_hackathon20  I  optimized resample latency: 7037079 ns
2025-11-11 23:54:54.726  2849-3288  RTMode                  system_server                        E  pkgName: com.runanywhere.startup_hackathon20 has no permission
2025-11-11 23:54:54.730  2849-3288  RTMode                  system_server                        E  pkgName: com.runanywhere.startup_hackathon20 has no permission
2025-11-11 23:54:54.733  2849-3288  RTMode                  system_server                        E  pkgName: com.runanywhere.startup_hackathon20 has no permission
2025-11-11 23:54:54.737  2849-3288  RTMode                  system_server                        E  pkgName: com.runanywhere.startup_hackathon20 has no permission
2025-11-11 23:54:54.741  2849-3288  RTMode                  system_server                        E  pkgName: com.runanywhere.startup_hackathon20 has no permission
2025-11-11 23:54:54.745  2849-3288  RTMode                  system_server                        E  pkgName: com.runanywhere.startup_hackathon20 has no permission
2025-11-11 23:54:54.749  2849-3288  RTMode                  system_server                        E  pkgName: com.runanywhere.startup_hackathon20 has no permission
2025-11-11 23:54:54.755 32714-32714 MIUIInput               com.runanywhere.startup_hackathon20  I  [MotionEvent] ViewRootImpl windowName 'com.runanywhere.startup_hackathon20/com.runanywhere.startup_hackathon20.MainActivity', { action=ACTION_UP, id[0]=0, pointerCount=1, eventTime=209776814, downTime=209776565, phoneEventTime=23:54:54.751 } moveCount:20
2025-11-11 23:54:55.009  2849-3288  RTMode                  system_server                        E  pkgName: com.runanywhere.startup_hackathon20 has no permission
2025-11-11 23:54:55.012 32714-32714 MIUIInput               com.runanywhere.startup_hackathon20  I  [MotionEvent] ViewRootImpl windowName 'com.runanywhere.startup_hackathon20/com.runanywhere.startup_hackathon20.MainActivity', { action=ACTION_DOWN, id[0]=0, pointerCount=1, eventTime=209777069, downTime=209777069, phoneEventTime=23:54:55.006 } moveCount:0
2025-11-11 23:54:55.038  2849-3288  RTMode                  system_server                        E  pkgName: com.runanywhere.startup_hackathon20 has no permission
2025-11-11 23:54:55.042  2849-3288  RTMode                  system_server                        E  pkgName: com.runanywhere.startup_hackathon20 has no permission
2025-11-11 23:54:55.047  2849-3288  RTMode                  system_server                        E  pkgName: com.runanywhere.startup_hackathon20 has no permission
2025-11-11 23:54:55.051  2849-3288  RTMode                  system_server                        E  pkgName: com.runanywhere.startup_hackathon20 has no permission
2025-11-11 23:54:55.055  2849-3288  RTMode                  system_server                        E  pkgName: com.runanywhere.startup_hackathon20 has no permission
2025-11-11 23:54:55.059  2849-3288  RTMode                  system_server                        E  pkgName: com.runanywhere.startup_hackathon20 has no permission
2025-11-11 23:54:55.062  2849-3288  RTMode                  system_server                        E  pkgName: com.runanywhere.startup_hackathon20 has no permission
2025-11-11 23:54:55.068  2849-3288  RTMode                  system_server                        E  pkgName: com.runanywhere.startup_hackathon20 has no permission
2025-11-11 23:54:55.068  2849-3288  RTMode                  system_server                        E  pkgName: com.runanywhere.startup_hackathon20 has no permission
2025-11-11 23:54:55.071  2849-3288  RTMode                  system_server                        E  pkgName: com.runanywhere.startup_hackathon20 has no permission
2025-11-11 23:54:55.076  2849-3288  RTMode                  system_server                        E  pkgName: com.runanywhere.startup_hackathon20 has no permission
2025-11-11 23:54:55.079  2849-3288  RTMode                  system_server                        E  pkgName: com.runanywhere.startup_hackathon20 has no permission
2025-11-11 23:54:55.085  2849-3288  RTMode                  system_server                        E  pkgName: com.runanywhere.startup_hackathon20 has no permission
2025-11-11 23:54:55.088  2849-3288  RTMode                  system_server                        E  pkgName: com.runanywhere.startup_hackathon20 has no permission
2025-11-11 23:54:55.092  2849-3288  RTMode                  system_server                        E  pkgName: com.runanywhere.startup_hackathon20 has no permission
2025-11-11 23:54:55.096  2849-3288  RTMode                  system_server                        E  pkgName: com.runanywhere.startup_hackathon20 has no permission
2025-11-11 23:54:55.101  2849-3288  RTMode                  system_server                        E  pkgName: com.runanywhere.startup_hackathon20 has no permission
2025-11-11 23:54:55.105  2849-3288  RTMode                  system_server                        E  pkgName: com.runanywhere.startup_hackathon20 has no permission
2025-11-11 23:54:55.109  2849-3288  RTMode                  system_server                        E  pkgName: com.runanywhere.startup_hackathon20 has no permission
2025-11-11 23:54:55.113  2849-3288  RTMode                  system_server                        E  pkgName: com.runanywhere.startup_hackathon20 has no permission
2025-11-11 23:54:55.119  2849-3288  RTMode                  system_server                        E  pkgName: com.runanywhere.startup_hackathon20 has no permission
2025-11-11 23:54:55.122  2849-3288  RTMode                  system_server                        E  pkgName: com.runanywhere.startup_hackathon20 has no permission
2025-11-11 23:54:55.126  2849-3288  RTMode                  system_server                        E  pkgName: com.runanywhere.startup_hackathon20 has no permission
2025-11-11 23:54:55.130  2849-3288  RTMode                  system_server                        E  pkgName: com.runanywhere.startup_hackathon20 has no permission
2025-11-11 23:54:55.134  2849-3288  RTMode                  system_server                        E  pkgName: com.runanywhere.startup_hackathon20 has no permission
2025-11-11 23:54:55.138  2849-3288  RTMode                  system_server                        E  pkgName: com.runanywhere.startup_hackathon20 has no permission
2025-11-11 23:54:55.142  2849-3288  RTMode                  system_server                        E  pkgName: com.runanywhere.startup_hackathon20 has no permission
2025-11-11 23:54:55.146  2849-3288  RTMode                  system_server                        E  pkgName: com.runanywhere.startup_hackathon20 has no permission
2025-11-11 23:54:55.150  2849-3288  RTMode                  system_server                        E  pkgName: com.runanywhere.startup_hackathon20 has no permission
2025-11-11 23:54:55.155  2849-3288  RTMode                  system_server                        E  pkgName: com.runanywhere.startup_hackathon20 has no permission
2025-11-11 23:54:55.159  2849-3288  RTMode                  system_server                        E  pkgName: com.runanywhere.startup_hackathon20 has no permission
2025-11-11 23:54:55.164  2849-3288  RTMode                  system_server                        E  pkgName: com.runanywhere.startup_hackathon20 has no permission
2025-11-11 23:54:55.168  2849-3288  RTMode                  system_server                        E  pkgName: com.runanywhere.startup_hackathon20 has no permission
2025-11-11 23:54:55.171  2849-3288  RTMode                  system_server                        E  pkgName: com.runanywhere.startup_hackathon20 has no permission
2025-11-11 23:54:55.176  2849-3288  RTMode                  system_server                        E  pkgName: com.runanywhere.startup_hackathon20 has no permission
2025-11-11 23:54:55.180  2849-3288  RTMode                  system_server                        E  pkgName: com.runanywhere.startup_hackathon20 has no permission
2025-11-11 23:54:55.184  2849-3288  RTMode                  system_server                        E  pkgName: com.runanywhere.startup_hackathon20 has no permission
2025-11-11 23:54:55.189  2849-3288  RTMode                  system_server                        E  pkgName: com.runanywhere.startup_hackathon20 has no permission
2025-11-11 23:54:55.193  2849-3288  RTMode                  system_server                        E  pkgName: com.runanywhere.startup_hackathon20 has no permission
2025-11-11 23:54:55.197  2849-3288  RTMode                  system_server                        E  pkgName: com.runanywhere.startup_hackathon20 has no permission
2025-11-11 23:54:55.201  2849-3288  RTMode                  system_server                        E  pkgName: com.runanywhere.startup_hackathon20 has no permission
2025-11-11 23:54:55.205  2849-3288  RTMode                  system_server                        E  pkgName: com.runanywhere.startup_hackathon20 has no permission
2025-11-11 23:54:55.222  2849-3288  RTMode                  system_server                        E  pkgName: com.runanywhere.startup_hackathon20 has no permission
2025-11-11 23:54:55.226  2849-3288  RTMode                  system_server                        E  pkgName: com.runanywhere.startup_hackathon20 has no permission
2025-11-11 23:54:55.230  2849-3288  RTMode                  system_server                        E  pkgName: com.runanywhere.startup_hackathon20 has no permission
2025-11-11 23:54:55.234  2849-3288  RTMode                  system_server                        E  pkgName: com.runanywhere.startup_hackathon20 has no permission
2025-11-11 23:54:55.243 32714-32714 MIUIInput               com.runanywhere.startup_hackathon20  I  [MotionEvent] ViewRootImpl windowName 'com.runanywhere.startup_hackathon20/com.runanywhere.startup_hackathon20.MainActivity', { action=ACTION_UP, id[0]=0, pointerCount=1, eventTime=209777299, downTime=209777069, phoneEventTime=23:54:55.236 } moveCount:16
2025-11-11 23:54:55.469  2849-3288  RTMode                  system_server                        E  pkgName: com.runanywhere.startup_hackathon20 has no permission
2025-11-11 23:54:55.469 32714-32714 MIUIInput               com.runanywhere.startup_hackathon20  I  [MotionEvent] ViewRootImpl windowName 'com.runanywhere.startup_hackathon20/com.runanywhere.startup_hackathon20.MainActivity', { action=ACTION_DOWN, id[0]=0, pointerCount=1, eventTime=209777529, downTime=209777529, phoneEventTime=23:54:55.466 } moveCount:0
2025-11-11 23:54:55.535 32714-32714 MIUIInput               com.runanywhere.startup_hackathon20  I  [MotionEvent] ViewRootImpl windowName 'com.runanywhere.startup_hackathon20/com.runanywhere.startup_hackathon20.MainActivity', { action=ACTION_UP, id[0]=0, pointerCount=1, eventTime=209777591, downTime=209777529, phoneEventTime=23:54:55.527 } moveCount:0
2025-11-11 23:54:55.699 32714-32714 FileUtils               com.runanywhere.startup_hackathon20  E  err write to mi_exception_log
2025-11-11 23:54:56.145  2849-3288  RTMode                  system_server                        E  pkgName: com.runanywhere.startup_hackathon20 has no permission
2025-11-11 23:54:56.147 32714-32714 MIUIInput               com.runanywhere.startup_hackathon20  I  [MotionEvent] ViewRootImpl windowName 'com.runanywhere.startup_hackathon20/com.runanywhere.startup_hackathon20.MainActivity', { action=ACTION_DOWN, id[0]=0, pointerCount=1, eventTime=209778205, downTime=209778205, phoneEventTime=23:54:56.142 } moveCount:0
2025-11-11 23:54:56.203 32714-32714 MIUIInput               com.runanywhere.startup_hackathon20  I  [MotionEvent] ViewRootImpl windowName 'com.runanywhere.startup_hackathon20/com.runanywhere.startup_hackathon20.MainActivity', { action=ACTION_UP, id[0]=0, pointerCount=1, eventTime=209778262, downTime=209778205, phoneEventTime=23:54:56.199 } moveCount:0
2025-11-11 23:54:56.204 32714-32714 AIPracticeMode          com.runanywhere.startup_hackathon20  D   Beginner clicked
2025-11-11 23:54:56.204 32714-32714 AIPracticeMode          com.runanywhere.startup_hackathon20  D   Model not ready, showing dialog for AI_BEGINNER
2025-11-11 23:54:56.231 32714-32714 WindowOnBackDispatcher  com.runanywhere.startup_hackathon20  W  OnBackInvokedCallback is not enabled for the application.
                                                                                                    Set 'android:enableOnBackInvokedCallback="true"' in the application manifest.
2025-11-11 23:54:56.234 32714-32714 MiuiCamera...redManager com.runanywhere.startup_hackathon20  D  java.lang.NullPointerException: Attempt to invoke virtual method 'java.lang.String android.provider.MiuiSettings$SettingsCloudData$CloudData.getString(java.lang.String, java.lang.String)' on a null object reference
2025-11-11 23:54:56.251 32714-32714 DecorViewImmersiveImpl  com.runanywhere.startup_hackathon20  D  onAttachedToWindow:com.runanywhere.startup_hackathon20/com.runanywhere.startup_hackathon20.MainActivity
2025-11-11 23:54:56.333 32714-32714 libc                    com.runanywhere.startup_hackathon20  W  Access denied finding property "vendor.display.enable_optimal_refresh_rate"
2025-11-11 23:54:56.333 32714-32714 libc                    com.runanywhere.startup_hackathon20  W  Access denied finding property "vendor.gpp.create_frc_extension"
2025-11-11 23:54:56.332 32714-32714 tup_hackathon20         com.runanywhere.startup_hackathon20  W  type=1400 audit(0.0:109550): avc:  denied  { read } for  name="u:object_r:vendor_display_prop:s0" dev="tmpfs" ino=450 scontext=u:r:untrusted_app:s0:c107,c257,c512,c768 tcontext=u:object_r:vendor_display_prop:s0 tclass=file permissive=0 app=com.runanywhere.startup_hackathon20
2025-11-11 23:54:56.333 32714-32714 tup_hackathon20         com.runanywhere.startup_hackathon20  I  MiuiBoosterUtilscheckUtil disable.
2025-11-11 23:54:56.333 32714-32714 tup_hackathon20         com.runanywhere.startup_hackathon20  I  MiuiBoosterUtilspackage permission check disable.
2025-11-11 23:54:56.333 32714-32714 tup_hackathon20         com.runanywhere.startup_hackathon20  I  MiuiBoosterUtilsget Service disable.
2025-11-11 23:54:56.336 32714-1211  tup_hackathon20         com.runanywhere.startup_hackathon20  I  MiuiBoosterUtilsimprove disable.
2025-11-11 23:54:56.348 32714-32714 VRI[MainActivity]       com.runanywhere.startup_hackathon20  D  vri.reportNextDraw android.view.ViewRootImpl.performTraversals:4972 android.view.ViewRootImpl.doTraversal:3560 android.view.ViewRootImpl$TraversalRunnable.run:11601 android.view.Choreographer$CallbackRecord.run:1747 android.view.Choreographer$CallbackRecord.run:1756
2025-11-11 23:54:56.348 32714-32714 VRI[MainActivity]       com.runanywhere.startup_hackathon20  D  vri.Setup new sync=wmsSync-VRI[MainActivity]#10
2025-11-11 23:54:56.396 32714-32714 VRI[MainActivity]       com.runanywhere.startup_hackathon20  D  vri.reportDrawFinished
2025-11-11 23:54:56.401 32714-32714 FileUtils               com.runanywhere.startup_hackathon20  E  err write to mi_exception_log
2025-11-11 23:54:56.492 32714-32714 HandWritingStubImpl     com.runanywhere.startup_hackathon20  I  refreshLastKeyboardType: 1
2025-11-11 23:54:56.492 32714-32714 HandWritingStubImpl     com.runanywhere.startup_hackathon20  I  getCurrentKeyboardType: 1
2025-11-11 23:54:57.131  2849-3288  RTMode                  system_server                        E  pkgName: com.runanywhere.startup_hackathon20 has no permission
2025-11-11 23:54:57.139 32714-32714 MIUIInput               com.runanywhere.startup_hackathon20  I  [MotionEvent] ViewRootImpl windowName 'com.runanywhere.startup_hackathon20/com.runanywhere.startup_hackathon20.MainActivity', { action=ACTION_DOWN, id[0]=0, pointerCount=1, eventTime=209779191, downTime=209779191, phoneEventTime=23:54:57.128 } moveCount:0
2025-11-11 23:54:57.179 32714-32714 MIUIInput               com.runanywhere.startup_hackathon20  I  [MotionEvent] ViewRootImpl windowName 'com.runanywhere.startup_hackathon20/com.runanywhere.startup_hackathon20.MainActivity', { action=ACTION_UP, id[0]=0, pointerCount=1, eventTime=209779235, downTime=209779191, phoneEventTime=23:54:57.172 } moveCount:0
2025-11-11 23:54:57.181 32714-32714 AIPracticeMode          com.runanywhere.startup_hackathon20  D   Starting download for 390496801
2025-11-11 23:54:57.181 32714-32714 ModelInfoService        com.runanywhere.startup_hackathon20  D  Getting model: 390496801
2025-11-11 23:54:57.181 32714-32714 ModelInfoService        com.runanywhere.startup_hackathon20  D  Model loaded from repository: 390496801
2025-11-11 23:54:57.193 32714-334   KtorDownloadService     com.runanywhere.startup_hackathon20  I  Starting download - modelId: 390496801, url: https://huggingface.co/Qwen/Qwen2.5-3B-Instruct-GGUF/resolve/main/qwen2.5-3b-instruct-q6_k.gguf, expectedSize: 0, destination: /data/user/0/com.runanywhere.startup_hackathon20/files/models/llama_cpp/390496801/390496801.gguf
2025-11-11 23:54:57.196 32714-338   AndroidDownloadImpl     com.runanywhere.startup_hackathon20  I  Using AndroidSimpleDownloader for model: 390496801
2025-11-11 23:54:57.197 32714-334   AndroidSimpleDownloader com.runanywhere.startup_hackathon20  I  Starting simple download - url: https://huggingface.co/Qwen/Qwen2.5-3B-Instruct-GGUF/resolve/main/qwen2.5-3b-instruct-q6_k.gguf, destination: /data/user/0/com.runanywhere.startup_hackathon20/files/models/llama_cpp/390496801/390496801.gguf
2025-11-11 23:54:57.757  2849-3288  RTMode                  system_server                        E  pkgName: com.runanywhere.startup_hackathon20 has no permission
2025-11-11 23:54:57.760 32714-32714 MIUIInput               com.runanywhere.startup_hackathon20  I  [MotionEvent] ViewRootImpl windowName 'com.runanywhere.startup_hackathon20/com.runanywhere.startup_hackathon20.MainActivity', { action=ACTION_DOWN, id[0]=0, pointerCount=1, eventTime=209779817, downTime=209779817, phoneEventTime=23:54:57.754 } moveCount:0
2025-11-11 23:54:57.781  2849-3288  RTMode                  system_server                        E  pkgName: com.runanywhere.startup_hackathon20 has no permission
2025-11-11 23:54:57.785  2849-3288  RTMode                  system_server                        E  pkgName: com.runanywhere.startup_hackathon20 has no permission
2025-11-11 23:54:57.789  2849-3288  RTMode                  system_server                        E  pkgName: com.runanywhere.startup_hackathon20 has no permission
2025-11-11 23:54:57.793  2849-3288  RTMode                  system_server                        E  pkgName: com.runanywhere.startup_hackathon20 has no permission
2025-11-11 23:54:57.794 32714-309   RenderInspector         com.runanywhere.startup_hackathon20  W  QueueBuffer time out on com.runanywhere.startup_hackathon20/com.runanywhere.startup_hackathon20.MainActivity, count=1, avg=19 ms, max=19 ms.
2025-11-11 23:54:57.798  2849-3288  RTMode                  system_server                        E  pkgName: com.runanywhere.startup_hackathon20 has no permission
2025-11-11 23:54:57.801  2849-3288  RTMode                  system_server                        E  pkgName: com.runanywhere.startup_hackathon20 has no permission
2025-11-11 23:54:57.807  2849-3288  RTMode                  system_server                        E  pkgName: com.runanywhere.startup_hackathon20 has no permission
2025-11-11 23:54:57.811  2849-3288  RTMode                  system_server                        E  pkgName: com.runanywhere.startup_hackathon20 has no permission
2025-11-11 23:54:57.811  2849-3288  RTMode                  system_server                        E  pkgName: com.runanywhere.startup_hackathon20 has no permission
2025-11-11 23:54:57.815  2849-3288  RTMode                  system_server                        E  pkgName: com.runanywhere.startup_hackathon20 has no permission
2025-11-11 23:54:57.818  2849-3288  RTMode                  system_server                        E  pkgName: com.runanywhere.startup_hackathon20 has no permission
2025-11-11 23:54:57.821  2849-3288  RTMode                  system_server                        E  pkgName: com.runanywhere.startup_hackathon20 has no permission
2025-11-11 23:54:57.826  2849-3288  RTMode                  system_server                        E  pkgName: com.runanywhere.startup_hackathon20 has no permission
2025-11-11 23:54:57.830  2849-3288  RTMode                  system_server                        E  pkgName: com.runanywhere.startup_hackathon20 has no permission
2025-11-11 23:54:57.835  2849-3288  RTMode                  system_server                        E  pkgName: com.runanywhere.startup_hackathon20 has no permission
2025-11-11 23:54:57.839  2849-3288  RTMode                  system_server                        E  pkgName: com.runanywhere.startup_hackathon20 has no permission
2025-11-11 23:54:57.843  2849-3288  RTMode                  system_server                        E  pkgName: com.runanywhere.startup_hackathon20 has no permission
2025-11-11 23:54:57.848  2849-3288  RTMode                  system_server                        E  pkgName: com.runanywhere.startup_hackathon20 has no permission
2025-11-11 23:54:57.853  2849-3288  RTMode                  system_server                        E  pkgName: com.runanywhere.startup_hackathon20 has no permission
2025-11-11 23:54:57.856  2849-3288  RTMode                  system_server                        E  pkgName: com.runanywhere.startup_hackathon20 has no permission
2025-11-11 23:54:57.859  2849-3288  RTMode                  system_server                        E  pkgName: com.runanywhere.startup_hackathon20 has no permission
2025-11-11 23:54:57.864  2849-3288  RTMode                  system_server                        E  pkgName: com.runanywhere.startup_hackathon20 has no permission
2025-11-11 23:54:57.868  2849-3288  RTMode                  system_server                        E  pkgName: com.runanywhere.startup_hackathon20 has no permission
2025-11-11 23:54:57.872  2849-3288  RTMode                  system_server                        E  pkgName: com.runanywhere.startup_hackathon20 has no permission
2025-11-11 23:54:57.876  2849-3288  RTMode                  system_server                        E  pkgName: com.runanywhere.startup_hackathon20 has no permission
2025-11-11 23:54:57.881  2849-3288  RTMode                  system_server                        E  pkgName: com.runanywhere.startup_hackathon20 has no permission
2025-11-11 23:54:57.885  2849-3288  RTMode                  system_server                        E  pkgName: com.runanywhere.startup_hackathon20 has no permission
2025-11-11 23:54:57.889  2849-3288  RTMode                  system_server                        E  pkgName: com.runanywhere.startup_hackathon20 has no permission
2025-11-11 23:54:57.893  2849-3288  RTMode                  system_server                        E  pkgName: com.runanywhere.startup_hackathon20 has no permission
2025-11-11 23:54:57.898  2849-3288  RTMode                  system_server                        E  pkgName: com.runanywhere.startup_hackathon20 has no permission
2025-11-11 23:54:57.902  2849-3288  RTMode                  system_server                        E  pkgName: com.runanywhere.startup_hackathon20 has no permission
2025-11-11 23:54:57.906  2849-3288  RTMode                  system_server                        E  pkgName: com.runanywhere.startup_hackathon20 has no permission
2025-11-11 23:54:57.910  2849-3288  RTMode                  system_server                        E  pkgName: com.runanywhere.startup_hackathon20 has no permission
2025-11-11 23:54:57.913  2849-3288  RTMode                  system_server                        E  pkgName: com.runanywhere.startup_hackathon20 has no permission
2025-11-11 23:54:57.918  2849-3288  RTMode                  system_server                        E  pkgName: com.runanywhere.startup_hackathon20 has no permission
2025-11-11 23:54:57.922  2849-3288  RTMode                  system_server                        E  pkgName: com.runanywhere.startup_hackathon20 has no permission
2025-11-11 23:54:57.927  2849-3288  RTMode                  system_server                        E  pkgName: com.runanywhere.startup_hackathon20 has no permission
2025-11-11 23:54:57.931  2849-3288  RTMode                  system_server                        E  pkgName: com.runanywhere.startup_hackathon20 has no permission
2025-11-11 23:54:57.935  2849-3288  RTMode                  system_server                        E  pkgName: com.runanywhere.startup_hackathon20 has no permission
2025-11-11 23:54:57.953 32714-32714 MIUIInput               com.runanywhere.startup_hackathon20  I  [MotionEvent] ViewRootImpl windowName 'com.runanywhere.startup_hackathon20/com.runanywhere.startup_hackathon20.MainActivity', { action=ACTION_UP, id[0]=0, pointerCount=1, eventTime=209780000, downTime=209779817, phoneEventTime=23:54:57.937 } moveCount:8
2025-11-11 23:54:58.269 32714-309   RenderInspector         com.runanywhere.startup_hackathon20  W  QueueBuffer time out on com.runanywhere.startup_hackathon20/com.runanywhere.startup_hackathon20.MainActivity, count=1, avg=11 ms, max=11 ms.
2025-11-11 23:54:59.410 32714-334   AndroidSimpleDownloader com.runanywhere.startup_hackathon20  I  Download started - totalBytes: 2793410976
2025-11-11 23:54:59.538 32714-334   AndroidSimpleDownloader com.runanywhere.startup_hackathon20  D  Download progress: 0% (85338 / 2793410976 bytes)
2025-11-11 23:54:59.541 32714-309   RenderInspector         com.runanywhere.startup_hackathon20  W  QueueBuffer time out on com.runanywhere.startup_hackathon20/com.runanywhere.startup_hackathon20.MainActivity, count=1, avg=17 ms, max=17 ms.
2025-11-11 23:54:59.616 32714-32714 FileUtils               com.runanywhere.startup_hackathon20  E  err write to mi_exception_log
2025-11-11 23:54:59.638 32714-334   AndroidSimpleDownloader com.runanywhere.startup_hackathon20  D  Download progress: 0% (317659 / 2793410976 bytes)
2025-11-11 23:54:59.739 32714-334   AndroidSimpleDownloader com.runanywhere.startup_hackathon20  D  Download progress: 0% (780187 / 2793410976 bytes)
2025-11-11 23:54:59.838 32714-334   AndroidSimpleDownloader com.runanywhere.startup_hackathon20  D  Download progress: 0% (2039227 / 2793410976 bytes)
2025-11-11 23:54:59.898 32714-32714 FileUtils               com.runanywhere.startup_hackathon20  E  err write to mi_exception_log
2025-11-11 23:54:59.950 32714-334   AndroidSimpleDownloader com.runanywhere.startup_hackathon20  D  Download progress: 0% (4303699 / 2793410976 bytes)
2025-11-11 23:55:00.052 32714-334   AndroidSimpleDownloader com.runanywhere.startup_hackathon20  D  Download progress: 0% (7376407 / 2793410976 bytes)
2025-11-11 23:55:00.151 32714-334   AndroidSimpleDownloader com.runanywhere.startup_hackathon20  D  Download progress: 0% (11388103 / 2793410976 bytes)
2025-11-11 23:55:00.191 32714-32714 FileUtils               com.runanywhere.startup_hackathon20  E  err write to mi_exception_log
2025-11-11 23:55:00.251 32714-334   AndroidSimpleDownloader com.runanywhere.startup_hackathon20  D  Download progress: 0% (16452979 / 2793410976 bytes)
2025-11-11 23:55:00.299 32714-32714 FileUtils               com.runanywhere.startup_hackathon20  E  err write to mi_exception_log
2025-11-11 23:55:00.351 32714-334   AndroidSimpleDownloader com.runanywhere.startup_hackathon20  D  Download progress: 0% (21342063 / 2793410976 bytes)
2025-11-11 23:55:00.451 32714-334   AndroidSimpleDownloader com.runanywhere.startup_hackathon20  D  Download progress: 0% (26274691 / 2793410976 bytes)
2025-11-11 23:55:00.456 32714-32714 FileUtils               com.runanywhere.startup_hackathon20  E  err write to mi_exception_log
2025-11-11 23:55:00.779 32714-32714 FileUtils               com.runanywhere.startup_hackathon20  E  err write to mi_exception_log
2025-11-11 23:55:00.883 32714-32714 FileUtils               com.runanywhere.startup_hackathon20  E  err write to mi_exception_log
2025-11-11 23:55:00.977 32714-32714 FileUtils               com.runanywhere.startup_hackathon20  E  err write to mi_exception_log
2025-11-11 23:55:01.077 32714-32714 FileUtils               com.runanywhere.startup_hackathon20  E  err write to mi_exception_log
2025-11-11 23:55:01.171 32714-32714 FileUtils               com.runanywhere.startup_hackathon20  E  err write to mi_exception_log
2025-11-11 23:55:01.276 32714-32714 FileUtils               com.runanywhere.startup_hackathon20  E  err write to mi_exception_log
2025-11-11 23:55:01.380 32714-32714 FileUtils               com.runanywhere.startup_hackathon20  E  err write to mi_exception_log
2025-11-11 23:55:01.644 32714-32714 FileUtils               com.runanywhere.startup_hackathon20  E  err write to mi_exception_log
2025-11-11 23:55:02.358 32714-32714 FileUtils               com.runanywhere.startup_hackathon20  E  err write to mi_exception_log
2025-11-11 23:55:03.127 32714-32714 FileUtils               com.runanywhere.startup_hackathon20  E  err write to mi_exception_log
2025-11-11 23:55:03.192 32714-32714 FileUtils               com.runanywhere.startup_hackathon20  E  err write to mi_exception_log
2025-11-11 23:55:03.670 32714-32714 FileUtils               com.runanywhere.startup_hackathon20  E  err write to mi_exception_log
2025-11-11 23:55:04.357 32714-32714 FileUtils               com.runanywhere.startup_hackathon20  E  err write to mi_exception_log
2025-11-11 23:55:04.431 32714-32714 FileUtils               com.runanywhere.startup_hackathon20  E  err write to mi_exception_log
2025-11-11 23:55:04.533 32714-32714 FileUtils               com.runanywhere.startup_hackathon20  E  err write to mi_exception_log
2025-11-11 23:55:05.158 32714-32714 FileUtils               com.runanywhere.startup_hackathon20  E  err write to mi_exception_log
2025-11-11 23:55:06.267 32714-334   AndroidDownloadImpl     com.runanywhere.startup_hackathon20  D  Download progress - modelId: 390496801, progress: 10.069515063006612%, bytesDownloaded: 281282939, totalBytes: 2793410976
2025-11-11 23:55:06.267 32714-334   AndroidSimpleDownloader com.runanywhere.startup_hackathon20  D  Download progress: 10% (281282939 / 2793410976 bytes)
2025-11-11 23:55:06.366 32714-334   AndroidSimpleDownloader com.runanywhere.startup_hackathon20  D  Download progress: 10% (285323009 / 2793410976 bytes)
2025-11-11 23:55:06.466 32714-334   AndroidSimpleDownloader com.runanywhere.startup_hackathon20  D  Download progress: 10% (290373731 / 2793410976 bytes)
2025-11-11 23:55:06.566 32714-334   AndroidSimpleDownloader com.runanywhere.startup_hackathon20  D  Download progress: 10% (295246761 / 2793410976 bytes)
2025-11-11 23:55:06.573 32714-32714 FileUtils               com.runanywhere.startup_hackathon20  E  err write to mi_exception_log
2025-11-11 23:55:06.666 32714-334   AndroidSimpleDownloader com.runanywhere.startup_hackathon20  D  Download progress: 10% (300380969 / 2793410976 bytes)
2025-11-11 23:55:06.766 32714-334   AndroidSimpleDownloader com.runanywhere.startup_hackathon20  D  Download progress: 10% (303502777 / 2793410976 bytes)
2025-11-11 23:55:06.817 32714-32714 FileUtils               com.runanywhere.startup_hackathon20  E  err write to mi_exception_log
2025-11-11 23:55:06.889 32714-32714 FileUtils               com.runanywhere.startup_hackathon20  E  err write to mi_exception_log
2025-11-11 23:55:07.465 32714-32714 FileUtils               com.runanywhere.startup_hackathon20  E  err write to mi_exception_log
2025-11-11 23:55:07.757 32714-32714 FileUtils               com.runanywhere.startup_hackathon20  E  err write to mi_exception_log
2025-11-11 23:55:07.854 32714-32732 tup_hackathon20         com.runanywhere.startup_hackathon20  I  Background young concurrent mark compact GC freed 11MB AllocSpace bytes, 0(0B) LOS objects, 49% free, 11MB/22MB, paused 1.065ms,5.333ms total 96.619ms
2025-11-11 23:55:07.885 32714-32714 FileUtils               com.runanywhere.startup_hackathon20  E  err write to mi_exception_log
2025-11-11 23:55:08.067 32714-32714 FileUtils               com.runanywhere.startup_hackathon20  E  err write to mi_exception_log
2025-11-11 23:55:08.153 32714-32714 FileUtils               com.runanywhere.startup_hackathon20  E  err write to mi_exception_log
2025-11-11 23:55:08.549 32714-32714 FileUtils               com.runanywhere.startup_hackathon20  E  err write to mi_exception_log
2025-11-11 23:55:08.779 32714-32714 FileUtils               com.runanywhere.startup_hackathon20  E  err write to mi_exception_log
2025-11-11 23:55:08.839 32714-32714 FileUtils               com.runanywhere.startup_hackathon20  E  err write to mi_exception_log
2025-11-11 23:55:09.710 32714-32714 FileUtils               com.runanywhere.startup_hackathon20  E  err write to mi_exception_log
2025-11-11 23:55:09.809 32714-32714 FileUtils               com.runanywhere.startup_hackathon20  E  err write to mi_exception_log
2025-11-11 23:55:10.059 32714-32714 FileUtils               com.runanywhere.startup_hackathon20  E  err write to mi_exception_log
2025-11-11 23:55:10.374 32714-32714 FileUtils               com.runanywhere.startup_hackathon20  E  err write to mi_exception_log
2025-11-11 23:55:10.440 32714-32714 FileUtils               com.runanywhere.startup_hackathon20  E  err write to mi_exception_log
2025-11-11 23:55:10.577 32714-32714 FileUtils               com.runanywhere.startup_hackathon20  E  err write to mi_exception_log
2025-11-11 23:55:10.671 32714-32714 FileUtils               com.runanywhere.startup_hackathon20  E  err write to mi_exception_log
2025-11-11 23:55:10.742 32714-32714 FileUtils               com.runanywhere.startup_hackathon20  E  err write to mi_exception_log
2025-11-11 23:55:10.862 32714-32714 FileUtils               com.runanywhere.startup_hackathon20  E  err write to mi_exception_log
2025-11-11 23:55:11.577 32714-32714 FileUtils               com.runanywhere.startup_hackathon20  E  err write to mi_exception_log
2025-11-11 23:55:11.702 32714-32714 FileUtils               com.runanywhere.startup_hackathon20  E  err write to mi_exception_log
2025-11-11 23:55:12.677 32714-32714 FileUtils               com.runanywhere.startup_hackathon20  E  err write to mi_exception_log
2025-11-11 23:55:12.780 32714-334   AndroidDownloadImpl     com.runanywhere.startup_hackathon20  D  Download progress - modelId: 390496801, progress: 20.036050398908433%, bytesDownloaded: 559689231, totalBytes: 2793410976
2025-11-11 23:55:12.780 32714-334   AndroidSimpleDownloader com.runanywhere.startup_hackathon20  D  Download progress: 20% (559689231 / 2793410976 bytes)
2025-11-11 23:55:12.796 32714-32714 FileUtils               com.runanywhere.startup_hackathon20  E  err write to mi_exception_log
2025-11-11 23:55:12.880 32714-334   AndroidSimpleDownloader com.runanywhere.startup_hackathon20  D  Download progress: 20% (564551181 / 2793410976 bytes)
2025-11-11 23:55:12.971 32714-32714 FileUtils               com.runanywhere.startup_hackathon20  E  err write to mi_exception_log
2025-11-11 23:55:12.980 32714-334   AndroidSimpleDownloader com.runanywhere.startup_hackathon20  D  Download progress: 20% (569282319 / 2793410976 bytes)
2025-11-11 23:55:13.063 32714-32714 FileUtils               com.runanywhere.startup_hackathon20  E  err write to mi_exception_log
2025-11-11 23:55:13.080 32714-334   AndroidSimpleDownloader com.runanywhere.startup_hackathon20  D  Download progress: 20% (573481843 / 2793410976 bytes)
2025-11-11 23:55:13.152 32714-32714 FileUtils               com.runanywhere.startup_hackathon20  E  err write to mi_exception_log
2025-11-11 23:55:13.180 32714-334   AndroidSimpleDownloader com.runanywhere.startup_hackathon20  D  Download progress: 20% (579209769 / 2793410976 bytes)
2025-11-11 23:55:13.241 32714-32714 FileUtils               com.runanywhere.startup_hackathon20  E  err write to mi_exception_log
2025-11-11 23:55:13.280 32714-334   AndroidSimpleDownloader com.runanywhere.startup_hackathon20  D  Download progress: 20% (583563677 / 2793410976 bytes)
2025-11-11 23:55:13.315 32714-32714 FileUtils               com.runanywhere.startup_hackathon20  E  err write to mi_exception_log
2025-11-11 23:55:13.430 32714-32714 FileUtils               com.runanywhere.startup_hackathon20  E  err write to mi_exception_log
2025-11-11 23:55:13.503 32714-32714 FileUtils               com.runanywhere.startup_hackathon20  E  err write to mi_exception_log
2025-11-11 23:55:13.606 32714-32714 FileUtils               com.runanywhere.startup_hackathon20  E  err write to mi_exception_log
2025-11-11 23:55:13.964 32714-32714 FileUtils               com.runanywhere.startup_hackathon20  E  err write to mi_exception_log
2025-11-11 23:55:14.241 32714-32714 FileUtils               com.runanywhere.startup_hackathon20  E  err write to mi_exception_log
2025-11-11 23:55:14.311 32714-32714 FileUtils               com.runanywhere.startup_hackathon20  E  err write to mi_exception_log
2025-11-11 23:55:15.153 32714-32714 FileUtils               com.runanywhere.startup_hackathon20  E  err write to mi_exception_log
2025-11-11 23:55:15.962 32714-32714 FileUtils               com.runanywhere.startup_hackathon20  E  err write to mi_exception_log
2025-11-11 23:55:16.039 32714-32714 FileUtils               com.runanywhere.startup_hackathon20  E  err write to mi_exception_log
2025-11-11 23:55:16.228 32714-32714 FileUtils               com.runanywhere.startup_hackathon20  E  err write to mi_exception_log
2025-11-11 23:55:17.371 32714-32714 FileUtils               com.runanywhere.startup_hackathon20  E  err write to mi_exception_log
2025-11-11 23:55:17.558 32714-32714 FileUtils               com.runanywhere.startup_hackathon20  E  err write to mi_exception_log
2025-11-11 23:55:17.642 32714-32714 FileUtils               com.runanywhere.startup_hackathon20  E  err write to mi_exception_log
2025-11-11 23:55:17.743 32714-32714 FileUtils               com.runanywhere.startup_hackathon20  E  err write to mi_exception_log
2025-11-11 23:55:17.799 32714-32714 FileUtils               com.runanywhere.startup_hackathon20  E  err write to mi_exception_log
2025-11-11 23:55:17.874 32714-32714 FileUtils               com.runanywhere.startup_hackathon20  E  err write to mi_exception_log
2025-11-11 23:55:17.953 32714-32714 FileUtils               com.runanywhere.startup_hackathon20  E  err write to mi_exception_log
2025-11-11 23:55:18.008 32714-32732 tup_hackathon20         com.runanywhere.startup_hackathon20  I  Background concurrent mark compact GC freed 11MB AllocSpace bytes, 0(0B) LOS objects, 49% free, 11MB/22MB, paused 2.156ms,3.684ms total 118.538ms
2025-11-11 23:55:18.062 32714-32714 FileUtils               com.runanywhere.startup_hackathon20  E  err write to mi_exception_log
2025-11-11 23:55:18.149 32714-32714 FileUtils               com.runanywhere.startup_hackathon20  E  err write to mi_exception_log
2025-11-11 23:55:18.294 32714-32714 FileUtils               com.runanywhere.startup_hackathon20  E  err write to mi_exception_log
2025-11-11 23:55:18.351 32714-32714 FileUtils               com.runanywhere.startup_hackathon20  E  err write to mi_exception_log
2025-11-11 23:55:18.508 32714-32714 FileUtils               com.runanywhere.startup_hackathon20  E  err write to mi_exception_log
2025-11-11 23:55:18.575 32714-32714 FileUtils               com.runanywhere.startup_hackathon20  E  err write to mi_exception_log
2025-11-11 23:55:18.897 32714-334   AndroidDownloadImpl     com.runanywhere.startup_hackathon20  D  Download progress - modelId: 390496801, progress: 30.066749583789132%, bytesDownloaded: 839887883, totalBytes: 2793410976
2025-11-11 23:55:18.897 32714-334   AndroidSimpleDownloader com.runanywhere.startup_hackathon20  D  Download progress: 30% (839887883 / 2793410976 bytes)
2025-11-11 23:55:18.997 32714-334   AndroidSimpleDownloader com.runanywhere.startup_hackathon20  D  Download progress: 30% (845071689 / 2793410976 bytes)
2025-11-11 23:55:19.097 32714-334   AndroidSimpleDownloader com.runanywhere.startup_hackathon20  D  Download progress: 30% (849679697 / 2793410976 bytes)
2025-11-11 23:55:19.197 32714-334   AndroidSimpleDownloader com.runanywhere.startup_hackathon20  D  Download progress: 30% (854644571 / 2793410976 bytes)
2025-11-11 23:55:19.297 32714-334   AndroidSimpleDownloader com.runanywhere.startup_hackathon20  D  Download progress: 30% (858652089 / 2793410976 bytes)
2025-11-11 23:55:19.397 32714-334   AndroidSimpleDownloader com.runanywhere.startup_hackathon20  D  Download progress: 30% (863843989 / 2793410976 bytes)
2025-11-11 23:55:19.435 32714-32714 FileUtils               com.runanywhere.startup_hackathon20  E  err write to mi_exception_log
2025-11-11 23:55:19.576 32714-32714 FileUtils               com.runanywhere.startup_hackathon20  E  err write to mi_exception_log
2025-11-11 23:55:20.538 32714-32714 FileUtils               com.runanywhere.startup_hackathon20  E  err write to mi_exception_log
2025-11-11 23:55:21.449 32714-32714 FileUtils               com.runanywhere.startup_hackathon20  E  err write to mi_exception_log
2025-11-11 23:55:21.590 32714-32714 FileUtils               com.runanywhere.startup_hackathon20  E  err write to mi_exception_log
2025-11-11 23:55:22.506 32714-32714 FileUtils               com.runanywhere.startup_hackathon20  E  err write to mi_exception_log
2025-11-11 23:55:22.640 32714-32714 FileUtils               com.runanywhere.startup_hackathon20  E  err write to mi_exception_log
2025-11-11 23:55:22.912 32714-32714 FileUtils               com.runanywhere.startup_hackathon20  E  err write to mi_exception_log
2025-11-11 23:55:23.187 32714-32714 FileUtils               com.runanywhere.startup_hackathon20  E  err write to mi_exception_log
2025-11-11 23:55:23.259 32714-32714 FileUtils               com.runanywhere.startup_hackathon20  E  err write to mi_exception_log
2025-11-11 23:55:23.350 32714-32714 FileUtils               com.runanywhere.startup_hackathon20  E  err write to mi_exception_log
2025-11-11 23:55:23.408 32714-32714 FileUtils               com.runanywhere.startup_hackathon20  E  err write to mi_exception_log
2025-11-11 23:55:23.779 32714-32714 FileUtils               com.runanywhere.startup_hackathon20  E  err write to mi_exception_log
2025-11-11 23:55:24.770 32714-32714 FileUtils               com.runanywhere.startup_hackathon20  E  err write to mi_exception_log
2025-11-11 23:55:25.140 32714-334   AndroidDownloadImpl     com.runanywhere.startup_hackathon20  D  Download progress - modelId: 390496801, progress: 40.038561049886845%, bytesDownloaded: 1118441559, totalBytes: 2793410976
2025-11-11 23:55:25.140 32714-334   AndroidSimpleDownloader com.runanywhere.startup_hackathon20  D  Download progress: 40% (1118441559 / 2793410976 bytes)
2025-11-11 23:55:25.240 32714-334   AndroidSimpleDownloader com.runanywhere.startup_hackathon20  D  Download progress: 40% (1123790999 / 2793410976 bytes)
2025-11-11 23:55:25.341 32714-334   AndroidSimpleDownloader com.runanywhere.startup_hackathon20  D  Download progress: 40% (1128775853 / 2793410976 bytes)
2025-11-11 23:55:25.440 32714-334   AndroidSimpleDownloader com.runanywhere.startup_hackathon20  D  Download progress: 40% (1134118081 / 2793410976 bytes)
2025-11-11 23:55:25.540 32714-334   AndroidSimpleDownloader com.runanywhere.startup_hackathon20  D  Download progress: 40% (1139730175 / 2793410976 bytes)
2025-11-11 23:55:25.640 32714-334   AndroidSimpleDownloader com.runanywhere.startup_hackathon20  D  Download progress: 40% (1143669323 / 2793410976 bytes)
2025-11-11 23:55:25.861 32714-32714 FileUtils               com.runanywhere.startup_hackathon20  E  err write to mi_exception_log
2025-11-11 23:55:25.922 32714-32714 FileUtils               com.runanywhere.startup_hackathon20  E  err write to mi_exception_log
2025-11-11 23:55:26.830 32714-32714 FileUtils               com.runanywhere.startup_hackathon20  E  err write to mi_exception_log
2025-11-11 23:55:26.886 32714-32714 FileUtils               com.runanywhere.startup_hackathon20  E  err write to mi_exception_log
2025-11-11 23:55:27.046 32714-32714 FileUtils               com.runanywhere.startup_hackathon20  E  err write to mi_exception_log
2025-11-11 23:55:27.110 32714-32714 FileUtils               com.runanywhere.startup_hackathon20  E  err write to mi_exception_log
2025-11-11 23:55:27.166 32714-32714 FileUtils               com.runanywhere.startup_hackathon20  E  err write to mi_exception_log
2025-11-11 23:55:27.230 32714-32714 FileUtils               com.runanywhere.startup_hackathon20  E  err write to mi_exception_log
2025-11-11 23:55:27.288 32714-32714 FileUtils               com.runanywhere.startup_hackathon20  E  err write to mi_exception_log
2025-11-11 23:55:27.377 32714-32714 FileUtils               com.runanywhere.startup_hackathon20  E  err write to mi_exception_log
2025-11-11 23:55:28.032 32714-32714 FileUtils               com.runanywhere.startup_hackathon20  E  err write to mi_exception_log
2025-11-11 23:55:28.650 32714-32714 FileUtils               com.runanywhere.startup_hackathon20  E  err write to mi_exception_log
2025-11-11 23:55:28.716 32714-32714 FileUtils               com.runanywhere.startup_hackathon20  E  err write to mi_exception_log
2025-11-11 23:55:28.934 32714-32714 FileUtils               com.runanywhere.startup_hackathon20  E  err write to mi_exception_log
2025-11-11 23:55:29.014 32714-32714 FileUtils               com.runanywhere.startup_hackathon20  E  err write to mi_exception_log
2025-11-11 23:55:29.604 32714-32714 FileUtils               com.runanywhere.startup_hackathon20  E  err write to mi_exception_log
2025-11-11 23:55:29.710 32714-32714 FileUtils               com.runanywhere.startup_hackathon20  E  err write to mi_exception_log
2025-11-11 23:55:30.178 32714-32714 FileUtils               com.runanywhere.startup_hackathon20  E  err write to mi_exception_log
2025-11-11 23:55:30.401 32714-32714 FileUtils               com.runanywhere.startup_hackathon20  E  err write to mi_exception_log
2025-11-11 23:55:30.521 32714-32714 FileUtils               com.runanywhere.startup_hackathon20  E  err write to mi_exception_log
2025-11-11 23:55:31.114 32714-32714 FileUtils               com.runanywhere.startup_hackathon20  E  err write to mi_exception_log
2025-11-11 23:55:31.211 32714-32714 FileUtils               com.runanywhere.startup_hackathon20  E  err write to mi_exception_log
2025-11-11 23:55:31.361 32714-32714 FileUtils               com.runanywhere.startup_hackathon20  E  err write to mi_exception_log
2025-11-11 23:55:31.595 32714-32714 FileUtils               com.runanywhere.startup_hackathon20  E  err write to mi_exception_log
2025-11-11 23:55:31.791 32714-32714 FileUtils               com.runanywhere.startup_hackathon20  E  err write to mi_exception_log
2025-11-11 23:55:31.883 32714-32714 FileUtils               com.runanywhere.startup_hackathon20  E  err write to mi_exception_log
2025-11-11 23:55:31.942 32714-309   RenderInspector         com.runanywhere.startup_hackathon20  W  QueueBuffer time out on com.runanywhere.startup_hackathon20/com.runanywhere.startup_hackathon20.MainActivity, count=1, avg=17 ms, max=17 ms.
2025-11-11 23:55:31.989 32714-334   AndroidDownloadImpl     com.runanywhere.startup_hackathon20  D  Download progress - modelId: 390496801, progress: 50.09978750079917%, bytesDownloaded: 1399492963, totalBytes: 2793410976
2025-11-11 23:55:31.989 32714-334   AndroidSimpleDownloader com.runanywhere.startup_hackathon20  D  Download progress: 50% (1399492963 / 2793410976 bytes)
2025-11-11 23:55:32.061 32714-32714 FileUtils               com.runanywhere.startup_hackathon20  E  err write to mi_exception_log
2025-11-11 23:55:32.089 32714-334   AndroidSimpleDownloader com.runanywhere.startup_hackathon20  D  Download progress: 50% (1404605137 / 2793410976 bytes)
2025-11-11 23:55:32.152 32714-32714 FileUtils               com.runanywhere.startup_hackathon20  E  err write to mi_exception_log
2025-11-11 23:55:32.192 32714-334   AndroidSimpleDownloader com.runanywhere.startup_hackathon20  D  Download progress: 50% (1409326531 / 2793410976 bytes)
2025-11-11 23:55:32.292 32714-334   AndroidSimpleDownloader com.runanywhere.startup_hackathon20  D  Download progress: 50% (1414024527 / 2793410976 bytes)
2025-11-11 23:55:32.369 32714-32714 FileUtils               com.runanywhere.startup_hackathon20  E  err write to mi_exception_log
2025-11-11 23:55:32.392 32714-334   AndroidSimpleDownloader com.runanywhere.startup_hackathon20  D  Download progress: 50% (1419442551 / 2793410976 bytes)
