2025-11-11 23:55:32.715 32714-32714 FileUtils               com.runanywhere.startup_hackathon20  E  err write to mi_exception_log
2025-11-11 23:55:33.191 32714-32714 FileUtils               com.runanywhere.startup_hackathon20  E  err write to mi_exception_log
2025-11-11 23:55:33.983 32714-32714 FileUtils               com.runanywhere.startup_hackathon20  E  err write to mi_exception_log
2025-11-11 23:55:34.261 32714-32714 FileUtils               com.runanywhere.startup_hackathon20  E  err write to mi_exception_log
2025-11-11 23:55:34.419 32714-32714 FileUtils               com.runanywhere.startup_hackathon20  E  err write to mi_exception_log
2025-11-11 23:55:34.492 32714-32714 FileUtils               com.runanywhere.startup_hackathon20  E  err write to mi_exception_log
2025-11-11 23:55:34.594 32714-32714 FileUtils               com.runanywhere.startup_hackathon20  E  err write to mi_exception_log
2025-11-11 23:55:34.668 32714-32714 FileUtils               com.runanywhere.startup_hackathon20  E  err write to mi_exception_log
2025-11-11 23:55:34.864 32714-32714 FileUtils               com.runanywhere.startup_hackathon20  E  err write to mi_exception_log
2025-11-11 23:55:34.940 32714-32714 FileUtils               com.runanywhere.startup_hackathon20  E  err write to mi_exception_log
2025-11-11 23:55:35.080 32714-32714 FileUtils               com.runanywhere.startup_hackathon20  E  err write to mi_exception_log
2025-11-11 23:55:35.243 32714-32714 FileUtils               com.runanywhere.startup_hackathon20  E  err write to mi_exception_log
2025-11-11 23:55:35.524 32714-32714 FileUtils               com.runanywhere.startup_hackathon20  E  err write to mi_exception_log
2025-11-11 23:55:36.091 32714-32714 FileUtils               com.runanywhere.startup_hackathon20  E  err write to mi_exception_log
2025-11-11 23:55:36.219 32714-32714 FileUtils               com.runanywhere.startup_hackathon20  E  err write to mi_exception_log
2025-11-11 23:55:36.301 32714-32714 FileUtils               com.runanywhere.startup_hackathon20  E  err write to mi_exception_log
2025-11-11 23:55:36.365 32714-32714 FileUtils               com.runanywhere.startup_hackathon20  E  err write to mi_exception_log
2025-11-11 23:55:37.921 32714-32714 FileUtils               com.runanywhere.startup_hackathon20  E  err write to mi_exception_log
2025-11-11 23:55:38.010 32714-334   AndroidDownloadImpl     com.runanywhere.startup_hackathon20  D  Download progress - modelId: 390496801, progress: 60.10432984709515%, bytesDownloaded: 1678960947, totalBytes: 2793410976
2025-11-11 23:55:38.010 32714-334   AndroidSimpleDownloader com.runanywhere.startup_hackathon20  D  Download progress: 60% (1678960947 / 2793410976 bytes)
2025-11-11 23:55:38.110 32714-334   AndroidSimpleDownloader com.runanywhere.startup_hackathon20  D  Download progress: 60% (1683874335 / 2793410976 bytes)
2025-11-11 23:55:38.210 32714-334   AndroidSimpleDownloader com.runanywhere.startup_hackathon20  D  Download progress: 60% (1689143269 / 2793410976 bytes)
2025-11-11 23:55:38.310 32714-334   AndroidSimpleDownloader com.runanywhere.startup_hackathon20  D  Download progress: 60% (1694383247 / 2793410976 bytes)
2025-11-11 23:55:38.410 32714-334   AndroidSimpleDownloader com.runanywhere.startup_hackathon20  D  Download progress: 60% (1699229967 / 2793410976 bytes)
2025-11-11 23:55:38.510 32714-334   AndroidSimpleDownloader com.runanywhere.startup_hackathon20  D  Download progress: 60% (1703781213 / 2793410976 bytes)
2025-11-11 23:55:38.822 32714-32714 FileUtils               com.runanywhere.startup_hackathon20  E  err write to mi_exception_log
2025-11-11 23:55:40.007 32714-32714 FileUtils               com.runanywhere.startup_hackathon20  E  err write to mi_exception_log
2025-11-11 23:55:40.554 32714-32714 FileUtils               com.runanywhere.startup_hackathon20  E  err write to mi_exception_log
2025-11-11 23:55:40.826 32714-32714 FileUtils               com.runanywhere.startup_hackathon20  E  err write to mi_exception_log
2025-11-11 23:55:41.766 32714-32714 FileUtils               com.runanywhere.startup_hackathon20  E  err write to mi_exception_log
2025-11-11 23:55:41.834 32714-32714 FileUtils               com.runanywhere.startup_hackathon20  E  err write to mi_exception_log
2025-11-11 23:55:42.289 32714-32714 FileUtils               com.runanywhere.startup_hackathon20  E  err write to mi_exception_log
2025-11-11 23:55:42.348 32714-32714 FileUtils               com.runanywhere.startup_hackathon20  E  err write to mi_exception_log
2025-11-11 23:55:42.742 32714-32714 FileUtils               com.runanywhere.startup_hackathon20  E  err write to mi_exception_log
2025-11-11 23:55:42.862 32714-32714 FileUtils               com.runanywhere.startup_hackathon20  E  err write to mi_exception_log
2025-11-11 23:55:43.090 32714-32714 FileUtils               com.runanywhere.startup_hackathon20  E  err write to mi_exception_log
2025-11-11 23:55:43.534 32714-32714 FileUtils               com.runanywhere.startup_hackathon20  E  err write to mi_exception_log
2025-11-11 23:55:43.592 32714-32714 FileUtils               com.runanywhere.startup_hackathon20  E  err write to mi_exception_log
2025-11-11 23:55:43.698 32714-32714 FileUtils               com.runanywhere.startup_hackathon20  E  err write to mi_exception_log
2025-11-11 23:55:43.851 32714-32714 FileUtils               com.runanywhere.startup_hackathon20  E  err write to mi_exception_log
2025-11-11 23:55:43.915 32714-32714 FileUtils               com.runanywhere.startup_hackathon20  E  err write to mi_exception_log
2025-11-11 23:55:44.257 32714-334   AndroidDownloadImpl     com.runanywhere.startup_hackathon20  D  Download progress - modelId: 390496801, progress: 70.11678130529405%, bytesDownloaded: 1958649865, totalBytes: 2793410976
2025-11-11 23:55:44.257 32714-334   AndroidSimpleDownloader com.runanywhere.startup_hackathon20  D  Download progress: 70% (1958649865 / 2793410976 bytes)
2025-11-11 23:55:44.357 32714-334   AndroidSimpleDownloader com.runanywhere.startup_hackathon20  D  Download progress: 70% (1964195821 / 2793410976 bytes)
2025-11-11 23:55:44.457 32714-334   AndroidSimpleDownloader com.runanywhere.startup_hackathon20  D  Download progress: 70% (1969413551 / 2793410976 bytes)
2025-11-11 23:55:44.557 32714-334   AndroidSimpleDownloader com.runanywhere.startup_hackathon20  D  Download progress: 70% (1974484079 / 2793410976 bytes)
2025-11-11 23:55:44.657 32714-334   AndroidSimpleDownloader com.runanywhere.startup_hackathon20  D  Download progress: 70% (1979109697 / 2793410976 bytes)
2025-11-11 23:55:45.016 32714-32714 FileUtils               com.runanywhere.startup_hackathon20  E  err write to mi_exception_log
2025-11-11 23:55:45.109 32714-32714 FileUtils               com.runanywhere.startup_hackathon20  E  err write to mi_exception_log
2025-11-11 23:55:45.907 32714-32714 FileUtils               com.runanywhere.startup_hackathon20  E  err write to mi_exception_log
2025-11-11 23:55:46.823 32714-32732 tup_hackathon20         com.runanywhere.startup_hackathon20  I  Background concurrent mark compact GC freed 11MB AllocSpace bytes, 0(0B) LOS objects, 49% free, 11MB/22MB, paused 727us,3.937ms total 186.143ms
2025-11-11 23:55:46.837 32714-32714 FileUtils               com.runanywhere.startup_hackathon20  E  err write to mi_exception_log
2025-11-11 23:55:47.109 32714-32714 FileUtils               com.runanywhere.startup_hackathon20  E  err write to mi_exception_log
2025-11-11 23:55:47.355 32714-32714 FileUtils               com.runanywhere.startup_hackathon20  E  err write to mi_exception_log
2025-11-11 23:55:47.500 32714-32714 FileUtils               com.runanywhere.startup_hackathon20  E  err write to mi_exception_log
2025-11-11 23:55:47.589 32714-32714 FileUtils               com.runanywhere.startup_hackathon20  E  err write to mi_exception_log
2025-11-11 23:55:47.658 32714-32714 FileUtils               com.runanywhere.startup_hackathon20  E  err write to mi_exception_log
2025-11-11 23:55:48.333 32714-32714 FileUtils               com.runanywhere.startup_hackathon20  E  err write to mi_exception_log
2025-11-11 23:55:48.407 32714-32714 FileUtils               com.runanywhere.startup_hackathon20  E  err write to mi_exception_log
2025-11-11 23:55:48.537 32714-32714 FileUtils               com.runanywhere.startup_hackathon20  E  err write to mi_exception_log
2025-11-11 23:55:49.474 32714-32714 FileUtils               com.runanywhere.startup_hackathon20  E  err write to mi_exception_log
2025-11-11 23:55:49.553 32714-32714 FileUtils               com.runanywhere.startup_hackathon20  E  err write to mi_exception_log
2025-11-11 23:55:49.630 32714-32714 FileUtils               com.runanywhere.startup_hackathon20  E  err write to mi_exception_log
2025-11-11 23:55:50.043  2849-3288  RTMode                  system_server                        E  pkgName: com.runanywhere.startup_hackathon20 has no permission
2025-11-11 23:55:50.067 32714-32714 MIUIInput               com.runanywhere.startup_hackathon20  I  [MotionEvent] ViewRootImpl windowName 'com.runanywhere.startup_hackathon20/com.runanywhere.startup_hackathon20.MainActivity', { action=ACTION_DOWN, id[0]=0, pointerCount=1, eventTime=209832100, downTime=209832100, phoneEventTime=23:55:50.037 } moveCount:0
2025-11-11 23:55:50.082 32714-32714 MIUIInput               com.runanywhere.startup_hackathon20  I  [MotionEvent] ViewRootImpl windowName 'com.runanywhere.startup_hackathon20/com.runanywhere.startup_hackathon20.MainActivity', { action=ACTION_UP, id[0]=0, pointerCount=1, eventTime=209832106, downTime=209832100, phoneEventTime=23:55:50.043 } moveCount:0
2025-11-11 23:55:50.232 32714-334   AndroidDownloadImpl     com.runanywhere.startup_hackathon20  D  Download progress - modelId: 390496801, progress: 80.161936150422%, bytesDownloaded: 2239252323, totalBytes: 2793410976
2025-11-11 23:55:50.232 32714-334   AndroidSimpleDownloader com.runanywhere.startup_hackathon20  D  Download progress: 80% (2239252323 / 2793410976 bytes)
2025-11-11 23:55:50.332 32714-334   AndroidSimpleDownloader com.runanywhere.startup_hackathon20  D  Download progress: 80% (2244065183 / 2793410976 bytes)
2025-11-11 23:55:50.432 32714-334   AndroidSimpleDownloader com.runanywhere.startup_hackathon20  D  Download progress: 80% (2249471779 / 2793410976 bytes)
2025-11-11 23:55:50.532 32714-334   AndroidSimpleDownloader com.runanywhere.startup_hackathon20  D  Download progress: 80% (2254714459 / 2793410976 bytes)
2025-11-11 23:55:50.632 32714-334   AndroidSimpleDownloader com.runanywhere.startup_hackathon20  D  Download progress: 80% (2259527899 / 2793410976 bytes)
2025-11-11 23:55:51.670 32714-32714 FileUtils               com.runanywhere.startup_hackathon20  E  err write to mi_exception_log
2025-11-11 23:55:51.743 32714-32714 FileUtils               com.runanywhere.startup_hackathon20  E  err write to mi_exception_log
2025-11-11 23:55:51.822 32714-32714 FileUtils               com.runanywhere.startup_hackathon20  E  err write to mi_exception_log
2025-11-11 23:55:51.905 32714-32714 FileUtils               com.runanywhere.startup_hackathon20  E  err write to mi_exception_log
2025-11-11 23:55:52.132 32714-32714 FileUtils               com.runanywhere.startup_hackathon20  E  err write to mi_exception_log
2025-11-11 23:55:52.204 32714-32714 FileUtils               com.runanywhere.startup_hackathon20  E  err write to mi_exception_log
2025-11-11 23:55:52.426 32714-32714 FileUtils               com.runanywhere.startup_hackathon20  E  err write to mi_exception_log
2025-11-11 23:55:54.310 32714-32714 FileUtils               com.runanywhere.startup_hackathon20  E  err write to mi_exception_log
2025-11-11 23:55:54.372 32714-32714 FileUtils               com.runanywhere.startup_hackathon20  E  err write to mi_exception_log
2025-11-11 23:55:54.458 32714-32714 FileUtils               com.runanywhere.startup_hackathon20  E  err write to mi_exception_log
2025-11-11 23:55:54.691 32714-32714 FileUtils               com.runanywhere.startup_hackathon20  E  err write to mi_exception_log
2025-11-11 23:55:54.781 32714-32714 FileUtils               com.runanywhere.startup_hackathon20  E  err write to mi_exception_log
2025-11-11 23:55:54.857 32714-32714 FileUtils               com.runanywhere.startup_hackathon20  E  err write to mi_exception_log
2025-11-11 23:55:55.131 32714-32714 FileUtils               com.runanywhere.startup_hackathon20  E  err write to mi_exception_log
2025-11-11 23:55:55.552 32714-32714 FileUtils               com.runanywhere.startup_hackathon20  E  err write to mi_exception_log
2025-11-11 23:55:55.648 32714-32714 FileUtils               com.runanywhere.startup_hackathon20  E  err write to mi_exception_log
2025-11-11 23:55:55.748 32714-32714 FileUtils               com.runanywhere.startup_hackathon20  E  err write to mi_exception_log
2025-11-11 23:55:55.781 32714-32732 tup_hackathon20         com.runanywhere.startup_hackathon20  W  Suspending all threads took: 5.293ms
2025-11-11 23:55:55.870 32714-32714 FileUtils               com.runanywhere.startup_hackathon20  E  err write to mi_exception_log
2025-11-11 23:55:55.898 32714-32732 tup_hackathon20         com.runanywhere.startup_hackathon20  I  Background young concurrent mark compact GC freed 11MB AllocSpace bytes, 0(0B) LOS objects, 50% free, 11MB/22MB, paused 5.846ms,7.577ms total 146.116ms
2025-11-11 23:55:55.933 32714-32714 FileUtils               com.runanywhere.startup_hackathon20  E  err write to mi_exception_log
2025-11-11 23:55:56.020 32714-32714 FileUtils               com.runanywhere.startup_hackathon20  E  err write to mi_exception_log
2025-11-11 23:55:56.094 32714-32714 FileUtils               com.runanywhere.startup_hackathon20  E  err write to mi_exception_log
2025-11-11 23:55:56.169 32714-32714 FileUtils               com.runanywhere.startup_hackathon20  E  err write to mi_exception_log
2025-11-11 23:55:56.256 32714-32714 FileUtils               com.runanywhere.startup_hackathon20  E  err write to mi_exception_log
2025-11-11 23:55:56.354 32714-32714 FileUtils               com.runanywhere.startup_hackathon20  E  err write to mi_exception_log
2025-11-11 23:55:56.425 32714-32714 FileUtils               com.runanywhere.startup_hackathon20  E  err write to mi_exception_log
2025-11-11 23:55:56.516 32714-32714 FileUtils               com.runanywhere.startup_hackathon20  E  err write to mi_exception_log
2025-11-11 23:55:56.632 32714-32714 FileUtils               com.runanywhere.startup_hackathon20  E  err write to mi_exception_log
2025-11-11 23:55:56.786 32714-32714 FileUtils               com.runanywhere.startup_hackathon20  E  err write to mi_exception_log
2025-11-11 23:55:56.848 32714-32714 FileUtils               com.runanywhere.startup_hackathon20  E  err write to mi_exception_log
2025-11-11 23:55:56.948 32714-32714 FileUtils               com.runanywhere.startup_hackathon20  E  err write to mi_exception_log
2025-11-11 23:55:56.987 32714-309   RenderInspector         com.runanywhere.startup_hackathon20  W  QueueBuffer time out on com.runanywhere.startup_hackathon20/com.runanywhere.startup_hackathon20.MainActivity, count=1, avg=12 ms, max=12 ms.
2025-11-11 23:55:57.076 32714-32714 FileUtils               com.runanywhere.startup_hackathon20  E  err write to mi_exception_log
2025-11-11 23:55:57.138 32714-32714 FileUtils               com.runanywhere.startup_hackathon20  E  err write to mi_exception_log
2025-11-11 23:55:57.274 32714-32714 FileUtils               com.runanywhere.startup_hackathon20  E  err write to mi_exception_log
2025-11-11 23:55:57.660 32714-334   AndroidDownloadImpl     com.runanywhere.startup_hackathon20  D  Download progress - modelId: 390496801, progress: 90.0953790409965%, bytesDownloaded: 2516734207, totalBytes: 2793410976
2025-11-11 23:55:57.660 32714-334   AndroidSimpleDownloader com.runanywhere.startup_hackathon20  D  Download progress: 90% (2516734207 / 2793410976 bytes)
2025-11-11 23:55:57.760 32714-334   AndroidSimpleDownloader com.runanywhere.startup_hackathon20  D  Download progress: 90% (2521674485 / 2793410976 bytes)
2025-11-11 23:55:57.813 32714-32714 FileUtils               com.runanywhere.startup_hackathon20  E  err write to mi_exception_log
2025-11-11 23:55:57.860 32714-334   AndroidSimpleDownloader com.runanywhere.startup_hackathon20  D  Download progress: 90% (2525339515 / 2793410976 bytes)
2025-11-11 23:55:57.960 32714-334   AndroidSimpleDownloader com.runanywhere.startup_hackathon20  D  Download progress: 90% (2529447185 / 2793410976 bytes)
2025-11-11 23:55:58.023 32714-32714 FileUtils               com.runanywhere.startup_hackathon20  E  err write to mi_exception_log
2025-11-11 23:55:58.060 32714-334   AndroidSimpleDownloader com.runanywhere.startup_hackathon20  D  Download progress: 90% (2532600027 / 2793410976 bytes)
2025-11-11 23:55:58.158 32714-32714 FileUtils               com.runanywhere.startup_hackathon20  E  err write to mi_exception_log
2025-11-11 23:55:58.160 32714-334   AndroidSimpleDownloader com.runanywhere.startup_hackathon20  D  Download progress: 90% (2533301659 / 2793410976 bytes)
2025-11-11 23:55:58.232 32714-32714 FileUtils               com.runanywhere.startup_hackathon20  E  err write to mi_exception_log
2025-11-11 23:55:58.260 32714-334   AndroidSimpleDownloader com.runanywhere.startup_hackathon20  D  Download progress: 90% (2537433785 / 2793410976 bytes)
2025-11-11 23:55:58.355 32714-32714 FileUtils               com.runanywhere.startup_hackathon20  E  err write to mi_exception_log
2025-11-11 23:55:58.360 32714-334   AndroidSimpleDownloader com.runanywhere.startup_hackathon20  D  Download progress: 90% (2541207305 / 2793410976 bytes)
2025-11-11 23:55:58.462 32714-32714 FileUtils               com.runanywhere.startup_hackathon20  E  err write to mi_exception_log
2025-11-11 23:55:58.522 32714-32714 FileUtils               com.runanywhere.startup_hackathon20  E  err write to mi_exception_log
2025-11-11 23:55:58.638 32714-32714 FileUtils               com.runanywhere.startup_hackathon20  E  err write to mi_exception_log
2025-11-11 23:55:58.895 32714-32714 FileUtils               com.runanywhere.startup_hackathon20  E  err write to mi_exception_log
2025-11-11 23:55:59.111 32714-32714 FileUtils               com.runanywhere.startup_hackathon20  E  err write to mi_exception_log
2025-11-11 23:55:59.180 32714-32714 FileUtils               com.runanywhere.startup_hackathon20  E  err write to mi_exception_log
2025-11-11 23:55:59.280 32714-32714 FileUtils               com.runanywhere.startup_hackathon20  E  err write to mi_exception_log
2025-11-11 23:55:59.349 32714-32714 FileUtils               com.runanywhere.startup_hackathon20  E  err write to mi_exception_log
2025-11-11 23:55:59.480 32714-32714 FileUtils               com.runanywhere.startup_hackathon20  E  err write to mi_exception_log
2025-11-11 23:55:59.607 32714-32714 FileUtils               com.runanywhere.startup_hackathon20  E  err write to mi_exception_log
2025-11-11 23:55:59.672 32714-32714 FileUtils               com.runanywhere.startup_hackathon20  E  err write to mi_exception_log
2025-11-11 23:56:00.109 32714-32714 FileUtils               com.runanywhere.startup_hackathon20  E  err write to mi_exception_log
2025-11-11 23:56:00.256 32714-32714 FileUtils               com.runanywhere.startup_hackathon20  E  err write to mi_exception_log
2025-11-11 23:56:00.317 32714-32714 FileUtils               com.runanywhere.startup_hackathon20  E  err write to mi_exception_log
2025-11-11 23:56:03.582 32714-32714 FileUtils               com.runanywhere.startup_hackathon20  E  err write to mi_exception_log
2025-11-11 23:56:04.897 32714-334   AndroidSimpleDownloader com.runanywhere.startup_hackathon20  I  Download completed - bytesDownloaded: 2793410976
2025-11-11 23:56:04.906 32714-334   AndroidSimpleDownloader com.runanywhere.startup_hackathon20  I  File moved to destination - size: 2793410976
2025-11-11 23:56:04.913 32714-334   AndroidDownloadImpl     com.runanywhere.startup_hackathon20  I  Download completed - modelId: 390496801, localPath: /data/user/0/com.runanywhere.startup_hackathon20/files/models/llama_cpp/390496801/390496801.gguf, fileSize: 2793410976
2025-11-11 23:56:04.914 32714-334   ModelInfoService        com.runanywhere.startup_hackathon20  D  Saving model: 390496801
2025-11-11 23:56:04.914 32714-334   ModelInfoService        com.runanywhere.startup_hackathon20  D  Model validation passed for: 390496801
2025-11-11 23:56:04.915 32714-334   ModelInfoRepositoryImpl com.runanywhere.startup_hackathon20  D  Saved model: 390496801, localPath: /data/user/0/com.runanywhere.startup_hackathon20/files/models/llama_cpp/390496801/390496801.gguf
2025-11-11 23:56:04.915 32714-334   ModelInfoService        com.runanywhere.startup_hackathon20  I  Model saved successfully: 390496801
2025-11-11 23:56:04.915 32714-334   KtorDownloadService     com.runanywhere.startup_hackathon20  I  Model saved to repository - modelId: 390496801, localPath: /data/user/0/com.runanywhere.startup_hackathon20/files/models/llama_cpp/390496801/390496801.gguf, isDownloaded: true
2025-11-11 23:56:04.915 32714-334   KtorDownloadService     com.runanywhere.startup_hackathon20  I  Model updated in registry - modelId: 390496801, localPath: /data/user/0/com.runanywhere.startup_hackathon20/files/models/llama_cpp/390496801/390496801.gguf, isDownloaded: true
2025-11-11 23:56:04.959 32714-32714 FileUtils               com.runanywhere.startup_hackathon20  E  err write to mi_exception_log
2025-11-11 23:56:05.106 32714-32714 FileUtils               com.runanywhere.startup_hackathon20  E  err write to mi_exception_log
2025-11-11 23:56:06.103  2849-3288  RTMode                  system_server                        E  pkgName: com.runanywhere.startup_hackathon20 has no permission
2025-11-11 23:56:06.119 32714-32714 MIUIInput               com.runanywhere.startup_hackathon20  I  [MotionEvent] ViewRootImpl windowName 'com.runanywhere.startup_hackathon20/com.runanywhere.startup_hackathon20.MainActivity', { action=ACTION_DOWN, id[0]=0, pointerCount=1, eventTime=209848163, downTime=209848163, phoneEventTime=23:56:06.100 } moveCount:0
2025-11-11 23:56:06.199 32714-32714 MIUIInput               com.runanywhere.startup_hackathon20  I  [MotionEvent] ViewRootImpl windowName 'com.runanywhere.startup_hackathon20/com.runanywhere.startup_hackathon20.MainActivity', { action=ACTION_UP, id[0]=0, pointerCount=1, eventTime=209848248, downTime=209848163, phoneEventTime=23:56:06.184 } moveCount:0
2025-11-11 23:56:06.200 32714-32714 AIPracticeMode          com.runanywhere.startup_hackathon20  D   Refreshing models
2025-11-11 23:56:06.272  2849-3288  RTMode                  system_server                        E  pkgName: com.runanywhere.startup_hackathon20 has no permission
2025-11-11 23:56:06.272 32714-32714 MIUIInput               com.runanywhere.startup_hackathon20  I  [MotionEvent] ViewRootImpl windowName 'com.runanywhere.startup_hackathon20/com.runanywhere.startup_hackathon20.MainActivity', { action=ACTION_DOWN, id[0]=0, pointerCount=1, eventTime=209848332, downTime=209848332, phoneEventTime=23:56:06.269 } moveCount:0
2025-11-11 23:56:06.332 32714-32714 MIUIInput               com.runanywhere.startup_hackathon20  I  [MotionEvent] ViewRootImpl windowName 'com.runanywhere.startup_hackathon20/com.runanywhere.startup_hackathon20.MainActivity', { action=ACTION_UP, id[0]=0, pointerCount=1, eventTime=209848390, downTime=209848332, phoneEventTime=23:56:06.327 } moveCount:0
2025-11-11 23:56:06.334 32714-32714 AIPracticeMode          com.runanywhere.startup_hackathon20  D   Refreshing models
2025-11-11 23:56:06.389  2849-3288  RTMode                  system_server                        E  pkgName: com.runanywhere.startup_hackathon20 has no permission
2025-11-11 23:56:06.405 32714-32714 MIUIInput               com.runanywhere.startup_hackathon20  I  [MotionEvent] ViewRootImpl windowName 'com.runanywhere.startup_hackathon20/com.runanywhere.startup_hackathon20.MainActivity', { action=ACTION_DOWN, id[0]=0, pointerCount=1, eventTime=209848449, downTime=209848449, phoneEventTime=23:56:06.386 } moveCount:0
2025-11-11 23:56:06.457 32714-309   RenderInspector         com.runanywhere.startup_hackathon20  W  QueueBuffer time out on com.runanywhere.startup_hackathon20/com.runanywhere.startup_hackathon20.MainActivity, count=1, avg=13 ms, max=13 ms.
2025-11-11 23:56:06.499 32714-32714 MIUIInput               com.runanywhere.startup_hackathon20  I  [MotionEvent] ViewRootImpl windowName 'com.runanywhere.startup_hackathon20/com.runanywhere.startup_hackathon20.MainActivity', { action=ACTION_UP, id[0]=0, pointerCount=1, eventTime=209848533, downTime=209848449, phoneEventTime=23:56:06.470 } moveCount:0
2025-11-11 23:56:06.500 32714-32714 AIPracticeMode          com.runanywhere.startup_hackathon20  D   Refreshing models
2025-11-11 23:56:06.522 32714-309   RenderInspector         com.runanywhere.startup_hackathon20  W  QueueBuffer time out on com.runanywhere.startup_hackathon20/com.runanywhere.startup_hackathon20.MainActivity, count=1, avg=19 ms, max=19 ms.
2025-11-11 23:56:06.631 32714-309   RenderInspector         com.runanywhere.startup_hackathon20  W  QueueBuffer time out on com.runanywhere.startup_hackathon20/com.runanywhere.startup_hackathon20.MainActivity, count=3, avg=9 ms, max=15 ms.
2025-11-11 23:56:06.675 32714-309   RenderInspector         com.runanywhere.startup_hackathon20  W  QueueBuffer time out on com.runanywhere.startup_hackathon20/com.runanywhere.startup_hackathon20.MainActivity, count=1, avg=16 ms, max=16 ms.
2025-11-11 23:56:06.738 32714-309   RenderInspector         com.runanywhere.startup_hackathon20  W  QueueBuffer time out on com.runanywhere.startup_hackathon20/com.runanywhere.startup_hackathon20.MainActivity, count=1, avg=16 ms, max=16 ms.
2025-11-11 23:56:06.879 32714-309   RenderInspector         com.runanywhere.startup_hackathon20  W  QueueBuffer time out on com.runanywhere.startup_hackathon20/com.runanywhere.startup_hackathon20.MainActivity, count=1, avg=18 ms, max=18 ms.
2025-11-11 23:56:06.938 32714-309   RenderInspector         com.runanywhere.startup_hackathon20  W  QueueBuffer time out on com.runanywhere.startup_hackathon20/com.runanywhere.startup_hackathon20.MainActivity, count=1, avg=17 ms, max=17 ms.
2025-11-11 23:56:06.987 32714-309   RenderInspector         com.runanywhere.startup_hackathon20  W  QueueBuffer time out on com.runanywhere.startup_hackathon20/com.runanywhere.startup_hackathon20.MainActivity, count=1, avg=15 ms, max=15 ms.
2025-11-11 23:56:07.124 32714-309   RenderInspector         com.runanywhere.startup_hackathon20  W  QueueBuffer time out on com.runanywhere.startup_hackathon20/com.runanywhere.startup_hackathon20.MainActivity, count=1, avg=16 ms, max=16 ms.
2025-11-11 23:56:07.156  2849-3288  RTMode                  system_server                        E  pkgName: com.runanywhere.startup_hackathon20 has no permission
2025-11-11 23:56:07.164 32714-32714 MIUIInput               com.runanywhere.startup_hackathon20  I  [MotionEvent] ViewRootImpl windowName 'com.runanywhere.startup_hackathon20/com.runanywhere.startup_hackathon20.MainActivity', { action=ACTION_DOWN, id[0]=0, pointerCount=1, eventTime=209849217, downTime=209849217, phoneEventTime=23:56:07.154 } moveCount:0
2025-11-11 23:56:07.223 32714-32714 MIUIInput               com.runanywhere.startup_hackathon20  I  [MotionEvent] ViewRootImpl windowName 'com.runanywhere.startup_hackathon20/com.runanywhere.startup_hackathon20.MainActivity', { action=ACTION_UP, id[0]=0, pointerCount=1, eventTime=209849282, downTime=209849217, phoneEventTime=23:56:07.219 } moveCount:0
2025-11-11 23:56:07.224 32714-32714 AIPracticeMode          com.runanywhere.startup_hackathon20  D   Loading model 390496801
2025-11-11 23:56:07.225 32714-32714 RunAnywhere.Android     com.runanywhere.startup_hackathon20  I  Loading model: 390496801
2025-11-11 23:56:07.225 32714-32714 ModelInfoService        com.runanywhere.startup_hackathon20  D  Getting model: 390496801
2025-11-11 23:56:07.225 32714-32714 ModelInfoService        com.runanywhere.startup_hackathon20  D  Model loaded from repository: 390496801
2025-11-11 23:56:07.230 32714-341   ModelManager            com.runanywhere.startup_hackathon20  I   Ensuring model is available: 390496801
2025-11-11 23:56:07.230 32714-341   ModelManager            com.runanywhere.startup_hackathon20  I   Model already exists at: /data/user/0/com.runanywhere.startup_hackathon20/files/models/llama_cpp/390496801/390496801.gguf
2025-11-11 23:56:07.252 32714-32714 RunAnywhere.Android     com.runanywhere.startup_hackathon20  I  Model file ensured: 390496801
2025-11-11 23:56:07.252 32714-32714 RunAnywhere.Android     com.runanywhere.startup_hackathon20  I  Loading model into LLM service: 390496801
2025-11-11 23:56:07.255 32714-32714 MemoryService           com.runanywhere.startup_hackathon20  I  Memory service initialized with threshold: 500MB
2025-11-11 23:56:07.257 32714-334   ModelLoadingService     com.runanywhere.startup_hackathon20  I   Loading model: 390496801
2025-11-11 23:56:07.257 32714-334   ModelLoadingService     com.runanywhere.startup_hackathon20  I   Found model in registry: Qwen 2.5 3B Instruct Q6_K
2025-11-11 23:56:07.258 32714-334   ModelLoadingService     com.runanywhere.startup_hackathon20  I   Using LLM provider: LlamaCpp (llama.cpp) for model: 390496801
2025-11-11 23:56:07.262 32714-334   LlamaCppServiceProvider com.runanywhere.startup_hackathon20  I  Creating LlamaCpp service
2025-11-11 23:56:07.269 32714-334   LlamaCppServiceProvider com.runanywhere.startup_hackathon20  I  Initializing with model: /data/user/0/com.runanywhere.startup_hackathon20/files/models/llama_cpp/390496801/390496801.gguf
2025-11-11 23:56:07.269 32714-334   LlamaCppService         com.runanywhere.startup_hackathon20  I  Initializing llama.cpp with model: /data/user/0/com.runanywhere.startup_hackathon20/files/models/llama_cpp/390496801/390496801.gguf
2025-11-11 23:56:07.271 32714-1432  LLamaAndroid            com.runanywhere.startup_hackathon20  I  Dedicated thread for native code: Llama-RunLoop
2025-11-11 23:56:07.328 32714-1432  nativeloader            com.runanywhere.startup_hackathon20  D  Load /data/app/~~UI8zm-q2zSWX4Qo8smMfLQ==/com.runanywhere.startup_hackathon20-z6ylibeQN3bc-BcJ18r3qA==/base.apk!/lib/arm64-v8a/libllama-android.so using class loader ns clns-7 (caller=/data/app/~~UI8zm-q2zSWX4Qo8smMfLQ==/com.runanywhere.startup_hackathon20-z6ylibeQN3bc-BcJ18r3qA==/base.apk!classes9.dex): ok
2025-11-11 23:56:07.328 32714-1432  LLamaAndro...raryLoader com.runanywhere.startup_hackathon20  I  Loaded baseline library for CPU detection
2025-11-11 23:56:07.328 32714-1432  CPUFeatures             com.runanywhere.startup_hackathon20  I  SVE detection disabled - using safer fallback libraries
2025-11-11 23:56:07.328 32714-1432  CPUFeatures             com.runanywhere.startup_hackathon20  I  CPU Features detected:
2025-11-11 23:56:07.328 32714-1432  CPUFeatures             com.runanywhere.startup_hackathon20  I    FP16: yes
2025-11-11 23:56:07.328 32714-1432  CPUFeatures             com.runanywhere.startup_hackathon20  I    DotProd: yes
2025-11-11 23:56:07.328 32714-1432  CPUFeatures             com.runanywhere.startup_hackathon20  I    I8MM: no
2025-11-11 23:56:07.328 32714-1432  CPUFeatures             com.runanywhere.startup_hackathon20  I    SVE: no
2025-11-11 23:56:07.328 32714-1432  CPUFeatures             com.runanywhere.startup_hackathon20  I  Selected library variant: libllama-android-dotprod.so
2025-11-11 23:56:07.330 32714-1432  nativeloader            com.runanywhere.startup_hackathon20  D  Load /data/app/~~UI8zm-q2zSWX4Qo8smMfLQ==/com.runanywhere.startup_hackathon20-z6ylibeQN3bc-BcJ18r3qA==/base.apk!/lib/arm64-v8a/libllama-android-dotprod.so using class loader ns clns-7 (caller=/data/app/~~UI8zm-q2zSWX4Qo8smMfLQ==/com.runanywhere.startup_hackathon20-z6ylibeQN3bc-BcJ18r3qA==/base.apk!classes9.dex): ok
2025-11-11 23:56:07.330 32714-1432  LLamaAndro...raryLoader com.runanywhere.startup_hackathon20  I  Loaded optimized library: llama-android-dotprod
2025-11-11 23:56:07.331 32714-1432  LLamaAndro...raryLoader com.runanywhere.startup_hackathon20  D  CPU Info:
                                                                                                    Features	: fp asimd evtstrm aes pmull sha1 sha2 crc32 atomics fphp asimdhp cpuid asimdrdm lrcpc dcpop asimddp
                                                                                                    CPU implementer	: 0x41
                                                                                                    CPU architecture: 8
                                                                                                    CPU variant	: 0x2
                                                                                                    CPU part	: 0xd05
                                                                                                    Features	: fp asimd evtstrm aes pmull sha1 sha2 crc32 atomics fphp asimdhp cpuid asimdrdm lrcpc dcpop asimddp
                                                                                                    CPU implementer	: 0x41
                                                                                                    CPU architecture: 8
                                                                                                    CPU variant	: 0x2
                                                                                                    CPU part	: 0xd05
                                                                                                    Features	: fp asimd evtstrm aes pmull sha1 sha2 crc32 atomics fphp asimdhp cpuid asimdrdm lrcpc dcpop asimddp
                                                                                                    CPU implementer	: 0x41
                                                                                                    CPU architecture: 8
                                                                                                    CPU variant	: 0x2
                                                                                                    CPU part	: 0xd05
                                                                                                    Features	: fp asimd evtstrm aes pmull sha1 sha2 crc32 atomics fphp asimdhp cpuid asimdrdm lrcpc dcpop asimddp
                                                                                                    CPU implementer	: 0x41
                                                                                                    CPU architecture: 8
                                                                                                    CPU variant	: 0x2
                                                                                                    CPU part	: 0xd05
                                                                                                    Features	: fp asimd evtstrm aes pmull sha1 sha2 crc32 atomics fphp asimdhp cpuid asimdrdm lrcpc dcpop asimddp
                                                                                                    CPU implementer	: 0x41
                                                                                                    CPU architecture: 8
                                                                                                    CPU variant	: 0x2
                                                                                                    CPU part	: 0xd05
                                                                                                    Features	: fp asimd evtstrm aes pmull sha1 sha2 crc32 atomics fphp asimdhp cpuid asimdrdm lrcpc dcpop asimddp
                                                                                                    CPU implementer	: 0x41
                                                                                                    CPU architecture: 8
                                                                                                    CPU variant	: 0x2
                                                                                                    CPU part	: 0xd05
                                                                                                    Features	: fp asimd evtstrm aes pmull sha1 sha2 crc32 atomics fphp asimdhp cpuid asimdrdm lrcpc dcpop asimddp
                                                                                                    CPU implementer	: 0x41
                                                                                                    CPU architecture: 8
                                                                                                    CPU variant	: 0x1
                                                                                                    CPU part	: 0xd41
                                                                                                    Features	: fp asimd evtstrm aes pmull sha1 sha2 crc32 atomics fphp asimdhp cpuid asimdrdm lrcpc dcpop asimddp
                                                                                                    CPU implementer	: 0x41
                                                                                                    CPU architecture: 8
                                                                                                    CPU variant	: 0x1
                                                                                                    CPU part	: 0xd41
2025-11-11 23:56:07.331 32714-1432  LLamaAndroid            com.runanywhere.startup_hackathon20  I  Successfully loaded llama-android native library
2025-11-11 23:56:07.339 32714-1432  LLamaAndroid            com.runanywhere.startup_hackathon20  I  CPU : NEON = 1 | ARM_FMA = 1 | OPENMP = 1 | REPACK = 1 |
2025-11-11 23:56:07.339 32714-1432  LLamaAndroid            com.runanywhere.startup_hackathon20  I  Loading model from: /data/user/0/com.runanywhere.startup_hackathon20/files/models/llama_cpp/390496801/390496801.gguf
2025-11-11 23:56:07.339 32714-1432  LLamaAndroid            com.runanywhere.startup_hackathon20  I  Config: contextSize=4096, threads=0, temp=0.7, minP=0.05, topK=40
2025-11-11 23:56:07.339 32714-1432  llama-android           com.runanywhere.startup_hackathon20  I  Loading model from /data/user/0/com.runanywhere.startup_hackathon20/files/models/llama_cpp/390496801/390496801.gguf
2025-11-11 23:56:07.375 32714-309   RenderInspector         com.runanywhere.startup_hackathon20  W  QueueBuffer time out on com.runanywhere.startup_hackathon20/com.runanywhere.startup_hackathon20.MainActivity, count=1, avg=12 ms, max=12 ms.
2025-11-11 23:56:07.426 32714-1432  llama-android           com.runanywhere.startup_hackathon20  I  llama_model_loader: loaded meta data with 26 key-value pairs and 435 tensors from /data/user/0/com.runanywhere.startup_hackathon20/files/models/llama_cpp/390496801/390496801.gguf (version GGUF V3 (latest))
2025-11-11 23:56:07.426 32714-1432  llama-android           com.runanywhere.startup_hackathon20  I  llama_model_loader: Dumping metadata keys/values. Note: KV overrides do not apply in this output.
2025-11-11 23:56:07.426 32714-1432  llama-android           com.runanywhere.startup_hackathon20  I  llama_model_loader: - kv   0:                       general.architecture str              = qwen2
2025-11-11 23:56:07.426 32714-1432  llama-android           com.runanywhere.startup_hackathon20  I  llama_model_loader: - kv   1:                               general.type str              = model
2025-11-11 23:56:07.426 32714-1432  llama-android           com.runanywhere.startup_hackathon20  I  llama_model_loader: - kv   2:                               general.name str              = qwen2.5-3b-instruct
2025-11-11 23:56:07.426 32714-1432  llama-android           com.runanywhere.startup_hackathon20  I  llama_model_loader: - kv   3:                            general.version str              = v0.1-v0.1
2025-11-11 23:56:07.426 32714-1432  llama-android           com.runanywhere.startup_hackathon20  I  llama_model_loader: - kv   4:                           general.finetune str              = qwen2.5-3b-instruct
2025-11-11 23:56:07.426 32714-1432  llama-android           com.runanywhere.startup_hackathon20  I  llama_model_loader: - kv   5:                         general.size_label str              = 3.4B
2025-11-11 23:56:07.426 32714-1432  llama-android           com.runanywhere.startup_hackathon20  I  llama_model_loader: - kv   6:                          qwen2.block_count u32              = 36
2025-11-11 23:56:07.426 32714-1432  llama-android           com.runanywhere.startup_hackathon20  I  llama_model_loader: - kv   7:                       qwen2.context_length u32              = 32768
2025-11-11 23:56:07.426 32714-1432  llama-android           com.runanywhere.startup_hackathon20  I  llama_model_loader: - kv   8:                     qwen2.embedding_length u32              = 2048
2025-11-11 23:56:07.426 32714-1432  llama-android           com.runanywhere.startup_hackathon20  I  llama_model_loader: - kv   9:                  qwen2.feed_forward_length u32              = 11008
2025-11-11 23:56:07.426 32714-1432  llama-android           com.runanywhere.startup_hackathon20  I  llama_model_loader: - kv  10:                 qwen2.attention.head_count u32              = 16
2025-11-11 23:56:07.426 32714-1432  llama-android           com.runanywhere.startup_hackathon20  I  llama_model_loader: - kv  11:              qwen2.attention.head_count_kv u32              = 2
2025-11-11 23:56:07.426 32714-1432  llama-android           com.runanywhere.startup_hackathon20  I  llama_model_loader: - kv  12:                       qwen2.rope.freq_base f32              = 1000000.000000
2025-11-11 23:56:07.426 32714-1432  llama-android           com.runanywhere.startup_hackathon20  I  llama_model_loader: - kv  13:     qwen2.attention.layer_norm_rms_epsilon f32              = 0.000001
2025-11-11 23:56:07.426 32714-1432  llama-android           com.runanywhere.startup_hackathon20  I  llama_model_loader: - kv  14:                          general.file_type u32              = 18
2025-11-11 23:56:07.426 32714-1432  llama-android           com.runanywhere.startup_hackathon20  I  llama_model_loader: - kv  15:                       tokenizer.ggml.model str              = gpt2
2025-11-11 23:56:07.426 32714-1432  llama-android           com.runanywhere.startup_hackathon20  I  llama_model_loader: - kv  16:                         tokenizer.ggml.pre str              = qwen2
2025-11-11 23:56:07.475 32714-1432  llama-android           com.runanywhere.startup_hackathon20  I  llama_model_loader: - kv  17:                      tokenizer.ggml.tokens arr[str,151936]  = ["!", "\"", "#", "$", "", "&", "'", ...
2025-11-11 23:56:07.488 32714-1432  llama-android           com.runanywhere.startup_hackathon20  I  llama_model_loader: - kv  18:                  tokenizer.ggml.token_type arr[i32,151936]  = [1, 1, 1, 1, 1, 1, 1, 1, 1, 1, 1, 1, ...
2025-11-11 23:56:07.533 32714-1432  llama-android           com.runanywhere.startup_hackathon20  I  llama_model_loader: - kv  19:                      tokenizer.ggml.merges arr[str,151387]  = [" ", " ", "i n", " t",...
2025-11-11 23:56:07.533 32714-1432  llama-android           com.runanywhere.startup_hackathon20  I  llama_model_loader: - kv  20:                tokenizer.ggml.eos_token_id u32              = 151645
2025-11-11 23:56:07.534 32714-1432  llama-android           com.runanywhere.startup_hackathon20  I  llama_model_loader: - kv  21:            tokenizer.ggml.padding_token_id u32              = 151643
2025-11-11 23:56:07.534 32714-1432  llama-android           com.runanywhere.startup_hackathon20  I  llama_model_loader: - kv  22:                tokenizer.ggml.bos_token_id u32              = 151643
2025-11-11 23:56:07.534 32714-1432  llama-android           com.runanywhere.startup_hackathon20  I  llama_model_loader: - kv  23:               tokenizer.ggml.add_bos_token bool             = false
2025-11-11 23:56:07.534 32714-1432  llama-android           com.runanywhere.startup_hackathon20  I  llama_model_loader: - kv  24:                    tokenizer.chat_template str              = { 0f tools }\n    {{- '<|im_start|>...
2025-11-11 23:56:07.534 32714-1432  llama-android           com.runanywhere.startup_hackathon20  I  llama_model_loader: - kv  25:               general.quantization_version u32              = 2
2025-11-11 23:56:07.534 32714-1432  llama-android           com.runanywhere.startup_hackathon20  I  llama_model_loader: - type  f32:  181 tensors
2025-11-11 23:56:07.534 32714-1432  llama-android           com.runanywhere.startup_hackathon20  I  llama_model_loader: - type q6_K:  254 tensors
2025-11-11 23:56:07.534 32714-1432  llama-android           com.runanywhere.startup_hackathon20  I  print_info: file format = GGUF V3 (latest)
2025-11-11 23:56:07.534 32714-1432  llama-android           com.runanywhere.startup_hackathon20  I  print_info: file type   = Q6_K
2025-11-11 23:56:07.534 32714-1432  llama-android           com.runanywhere.startup_hackathon20  I  print_info: file size   = 2.60 GiB (6.56 BPW)
2025-11-11 23:56:07.621 32714-309   RenderInspector         com.runanywhere.startup_hackathon20  W  QueueBuffer time out on com.runanywhere.startup_hackathon20/com.runanywhere.startup_hackathon20.MainActivity, count=1, avg=16 ms, max=16 ms.
2025-11-11 23:56:07.872 32714-1432  llama-android           com.runanywhere.startup_hackathon20  I  load: printing all EOG tokens:
2025-11-11 23:56:07.872 32714-1432  llama-android           com.runanywhere.startup_hackathon20  I  load:   - 151643 ('<|endoftext|>')
2025-11-11 23:56:07.872 32714-1432  llama-android           com.runanywhere.startup_hackathon20  I  load:   - 151645 ('<|im_end|>')
2025-11-11 23:56:07.872 32714-1432  llama-android           com.runanywhere.startup_hackathon20  I  load:   - 151662 ('<|fim_pad|>')
2025-11-11 23:56:07.872 32714-1432  llama-android           com.runanywhere.startup_hackathon20  I  load:   - 151663 ('<|repo_name|>')
2025-11-11 23:56:07.872 32714-1432  llama-android           com.runanywhere.startup_hackathon20  I  load:   - 151664 ('<|file_sep|>')
2025-11-11 23:56:07.872 32714-1432  llama-android           com.runanywhere.startup_hackathon20  I  load: special tokens cache size = 22
2025-11-11 23:56:07.978 32714-1432  llama-android           com.runanywhere.startup_hackathon20  I  load: token to piece cache size = 0.9310 MB
2025-11-11 23:56:07.979 32714-1432  llama-android           com.runanywhere.startup_hackathon20  I  print_info: arch             = qwen2
2025-11-11 23:56:07.979 32714-1432  llama-android           com.runanywhere.startup_hackathon20  I  print_info: vocab_only       = 0
2025-11-11 23:56:07.979 32714-1432  llama-android           com.runanywhere.startup_hackathon20  I  print_info: n_ctx_train      = 32768
2025-11-11 23:56:07.979 32714-1432  llama-android           com.runanywhere.startup_hackathon20  I  print_info: n_embd           = 2048
2025-11-11 23:56:07.979 32714-1432  llama-android           com.runanywhere.startup_hackathon20  I  print_info: n_layer          = 36
2025-11-11 23:56:07.979 32714-1432  llama-android           com.runanywhere.startup_hackathon20  I  print_info: n_head           = 16
2025-11-11 23:56:07.979 32714-1432  llama-android           com.runanywhere.startup_hackathon20  I  print_info: n_head_kv        = 2
2025-11-11 23:56:07.979 32714-1432  llama-android           com.runanywhere.startup_hackathon20  I  print_info: n_rot            = 128
2025-11-11 23:56:07.979 32714-1432  llama-android           com.runanywhere.startup_hackathon20  I  print_info: n_swa            = 0
2025-11-11 23:56:07.979 32714-1432  llama-android           com.runanywhere.startup_hackathon20  I  print_info: is_swa_any       = 0
2025-11-11 23:56:07.979 32714-1432  llama-android           com.runanywhere.startup_hackathon20  I  print_info: n_embd_head_k    = 128
2025-11-11 23:56:07.979 32714-1432  llama-android           com.runanywhere.startup_hackathon20  I  print_info: n_embd_head_v    = 128
2025-11-11 23:56:07.979 32714-1432  llama-android           com.runanywhere.startup_hackathon20  I  print_info: n_gqa            = 8
2025-11-11 23:56:07.979 32714-1432  llama-android           com.runanywhere.startup_hackathon20  I  print_info: n_embd_k_gqa     = 256
2025-11-11 23:56:07.979 32714-1432  llama-android           com.runanywhere.startup_hackathon20  I  print_info: n_embd_v_gqa     = 256
2025-11-11 23:56:07.979 32714-1432  llama-android           com.runanywhere.startup_hackathon20  I  print_info: f_norm_eps       = 0.0e+00
2025-11-11 23:56:07.979 32714-1432  llama-android           com.runanywhere.startup_hackathon20  I  print_info: f_norm_rms_eps   = 1.0e-06
2025-11-11 23:56:07.979 32714-1432  llama-android           com.runanywhere.startup_hackathon20  I  print_info: f_clamp_kqv      = 0.0e+00
2025-11-11 23:56:07.979 32714-1432  llama-android           com.runanywhere.startup_hackathon20  I  print_info: f_max_alibi_bias = 0.0e+00
2025-11-11 23:56:07.979 32714-1432  llama-android           com.runanywhere.startup_hackathon20  I  print_info: f_logit_scale    = 0.0e+00
2025-11-11 23:56:07.979 32714-1432  llama-android           com.runanywhere.startup_hackathon20  I  print_info: f_attn_scale     = 0.0e+00
2025-11-11 23:56:07.979 32714-1432  llama-android           com.runanywhere.startup_hackathon20  I  print_info: n_ff             = 11008
2025-11-11 23:56:07.979 32714-1432  llama-android           com.runanywhere.startup_hackathon20  I  print_info: n_expert         = 0
2025-11-11 23:56:07.979 32714-1432  llama-android           com.runanywhere.startup_hackathon20  I  print_info: n_expert_used    = 0
