2025-11-11 23:31:08.511 16636-16636 FileUtils               com.runanywhere.startup_hackathon20  E  err write to mi_exception_log
2025-11-11 23:31:08.546 16636-16697 AndroidSimpleDownloader com.runanywhere.startup_hackathon20  D  Download progress: 0% (309467 / 2793410976 bytes)
2025-11-11 23:31:08.648 16636-16697 AndroidSimpleDownloader com.runanywhere.startup_hackathon20  D  Download progress: 0% (891099 / 2793410976 bytes)
2025-11-11 23:31:08.748 16636-16697 AndroidSimpleDownloader com.runanywhere.startup_hackathon20  D  Download progress: 0% (2549055 / 2793410976 bytes)
2025-11-11 23:31:08.848 16636-16697 AndroidSimpleDownloader com.runanywhere.startup_hackathon20  D  Download progress: 0% (6812915 / 2793410976 bytes)
2025-11-11 23:31:08.948 16636-16697 AndroidSimpleDownloader com.runanywhere.startup_hackathon20  D  Download progress: 0% (11211443 / 2793410976 bytes)
2025-11-11 23:31:09.048 16636-16697 AndroidSimpleDownloader com.runanywhere.startup_hackathon20  D  Download progress: 0% (14619361 / 2793410976 bytes)
2025-11-11 23:31:09.148 16636-16697 AndroidSimpleDownloader com.runanywhere.startup_hackathon20  D  Download progress: 0% (20063815 / 2793410976 bytes)
2025-11-11 23:31:09.166 16636-16636 FileUtils               com.runanywhere.startup_hackathon20  E  err write to mi_exception_log
2025-11-11 23:31:09.248 16636-16697 AndroidSimpleDownloader com.runanywhere.startup_hackathon20  D  Download progress: 0% (25435371 / 2793410976 bytes)
2025-11-11 23:31:09.721 16636-16636 FileUtils               com.runanywhere.startup_hackathon20  E  err write to mi_exception_log
2025-11-11 23:31:09.813 16636-16636 FileUtils               com.runanywhere.startup_hackathon20  E  err write to mi_exception_log
2025-11-11 23:31:09.986 16636-16636 FileUtils               com.runanywhere.startup_hackathon20  E  err write to mi_exception_log
2025-11-11 23:31:13.846 16636-16636 FileUtils               com.runanywhere.startup_hackathon20  E  err write to mi_exception_log
2025-11-11 23:31:13.937 16636-16636 FileUtils               com.runanywhere.startup_hackathon20  E  err write to mi_exception_log
2025-11-11 23:31:14.011 16636-16636 FileUtils               com.runanywhere.startup_hackathon20  E  err write to mi_exception_log
2025-11-11 23:31:14.081 16636-16636 FileUtils               com.runanywhere.startup_hackathon20  E  err write to mi_exception_log
2025-11-11 23:31:14.210 16636-16636 FileUtils               com.runanywhere.startup_hackathon20  E  err write to mi_exception_log
2025-11-11 23:31:14.405 16636-16636 FileUtils               com.runanywhere.startup_hackathon20  E  err write to mi_exception_log
2025-11-11 23:31:14.715 16636-16636 FileUtils               com.runanywhere.startup_hackathon20  E  err write to mi_exception_log
2025-11-11 23:31:14.756 16636-16697 AndroidSimpleDownloader com.runanywhere.startup_hackathon20  D  Download progress: 10% (280747147 / 2793410976 bytes)
2025-11-11 23:31:14.794 16636-16636 FileUtils               com.runanywhere.startup_hackathon20  E  err write to mi_exception_log
2025-11-11 23:31:14.856 16636-16697 AndroidDownloadImpl     com.runanywhere.startup_hackathon20  D  Download progress - modelId: 390496801, progress: 10.090624166001701%, bytesDownloaded: 281872603, totalBytes: 2793410976
2025-11-11 23:31:14.857 16636-16697 AndroidSimpleDownloader com.runanywhere.startup_hackathon20  D  Download progress: 10% (281872603 / 2793410976 bytes)
2025-11-11 23:31:14.914 16636-16636 FileUtils               com.runanywhere.startup_hackathon20  E  err write to mi_exception_log
2025-11-11 23:31:14.957 16636-16697 AndroidSimpleDownloader com.runanywhere.startup_hackathon20  D  Download progress: 10% (282980869 / 2793410976 bytes)
2025-11-11 23:31:14.988 16636-16636 FileUtils               com.runanywhere.startup_hackathon20  E  err write to mi_exception_log
2025-11-11 23:31:15.056 16636-16697 AndroidSimpleDownloader com.runanywhere.startup_hackathon20  D  Download progress: 10% (284211333 / 2793410976 bytes)
2025-11-11 23:31:15.082 16636-16636 FileUtils               com.runanywhere.startup_hackathon20  E  err write to mi_exception_log
2025-11-11 23:31:15.156 16636-16697 AndroidSimpleDownloader com.runanywhere.startup_hackathon20  D  Download progress: 10% (286855859 / 2793410976 bytes)
2025-11-11 23:31:15.170 16636-16636 FileUtils               com.runanywhere.startup_hackathon20  E  err write to mi_exception_log
2025-11-11 23:31:15.232 16636-16636 FileUtils               com.runanywhere.startup_hackathon20  E  err write to mi_exception_log
2025-11-11 23:31:15.256 16636-16697 AndroidSimpleDownloader com.runanywhere.startup_hackathon20  D  Download progress: 10% (291020593 / 2793410976 bytes)
2025-11-11 23:31:15.294 16636-16636 FileUtils               com.runanywhere.startup_hackathon20  E  err write to mi_exception_log
2025-11-11 23:31:15.356 16636-16697 AndroidSimpleDownloader com.runanywhere.startup_hackathon20  D  Download progress: 10% (294295771 / 2793410976 bytes)
2025-11-11 23:31:15.456 16636-16697 AndroidSimpleDownloader com.runanywhere.startup_hackathon20  D  Download progress: 10% (298531315 / 2793410976 bytes)
2025-11-11 23:31:15.542 16636-16636 FileUtils               com.runanywhere.startup_hackathon20  E  err write to mi_exception_log
2025-11-11 23:31:15.556 16636-16697 AndroidSimpleDownloader com.runanywhere.startup_hackathon20  D  Download progress: 10% (303739571 / 2793410976 bytes)
2025-11-11 23:31:15.875 16636-16636 FileUtils               com.runanywhere.startup_hackathon20  E  err write to mi_exception_log
2025-11-11 23:31:15.933 16636-16636 FileUtils               com.runanywhere.startup_hackathon20  E  err write to mi_exception_log
2025-11-11 23:31:16.005 16636-16636 FileUtils               com.runanywhere.startup_hackathon20  E  err write to mi_exception_log
2025-11-11 23:31:16.247 16636-16636 FileUtils               com.runanywhere.startup_hackathon20  E  err write to mi_exception_log
2025-11-11 23:31:16.433 16636-16636 FileUtils               com.runanywhere.startup_hackathon20  E  err write to mi_exception_log
2025-11-11 23:31:16.886 16636-16636 FileUtils               com.runanywhere.startup_hackathon20  E  err write to mi_exception_log
2025-11-11 23:31:16.950 16636-16636 FileUtils               com.runanywhere.startup_hackathon20  E  err write to mi_exception_log
2025-11-11 23:31:17.012 16636-16636 FileUtils               com.runanywhere.startup_hackathon20  E  err write to mi_exception_log
2025-11-11 23:31:17.430 16636-16636 FileUtils               com.runanywhere.startup_hackathon20  E  err write to mi_exception_log
2025-11-11 23:31:17.487 16636-16636 FileUtils               com.runanywhere.startup_hackathon20  E  err write to mi_exception_log
2025-11-11 23:31:17.850 16636-16636 FileUtils               com.runanywhere.startup_hackathon20  E  err write to mi_exception_log
2025-11-11 23:31:18.096 16636-16636 FileUtils               com.runanywhere.startup_hackathon20  E  err write to mi_exception_log
2025-11-11 23:31:18.160 16636-16636 FileUtils               com.runanywhere.startup_hackathon20  E  err write to mi_exception_log
2025-11-11 23:31:18.303 16636-16636 FileUtils               com.runanywhere.startup_hackathon20  E  err write to mi_exception_log
2025-11-11 23:31:18.415 16636-16636 FileUtils               com.runanywhere.startup_hackathon20  E  err write to mi_exception_log
2025-11-11 23:31:18.482 16636-16636 FileUtils               com.runanywhere.startup_hackathon20  E  err write to mi_exception_log
2025-11-11 23:31:18.567 16636-16636 FileUtils               com.runanywhere.startup_hackathon20  E  err write to mi_exception_log
2025-11-11 23:31:18.636 16636-16636 FileUtils               com.runanywhere.startup_hackathon20  E  err write to mi_exception_log
2025-11-11 23:31:21.260 16636-16697 AndroidDownloadImpl     com.runanywhere.startup_hackathon20  D  Download progress - modelId: 390496801, progress: 20.11190103521667%, bytesDownloaded: 561808051, totalBytes: 2793410976
2025-11-11 23:31:21.260 16636-16697 AndroidSimpleDownloader com.runanywhere.startup_hackathon20  D  Download progress: 20% (561808051 / 2793410976 bytes)
2025-11-11 23:31:21.360 16636-16697 AndroidSimpleDownloader com.runanywhere.startup_hackathon20  D  Download progress: 20% (567739787 / 2793410976 bytes)
2025-11-11 23:31:21.460 16636-16697 AndroidSimpleDownloader com.runanywhere.startup_hackathon20  D  Download progress: 20% (572623067 / 2793410976 bytes)
2025-11-11 23:31:21.560 16636-16697 AndroidSimpleDownloader com.runanywhere.startup_hackathon20  D  Download progress: 20% (578784455 / 2793410976 bytes)
2025-11-11 23:31:21.660 16636-16697 AndroidSimpleDownloader com.runanywhere.startup_hackathon20  D  Download progress: 20% (584876051 / 2793410976 bytes)
2025-11-11 23:31:22.818 16636-16636 FileUtils               com.runanywhere.startup_hackathon20  E  err write to mi_exception_log
2025-11-11 23:31:22.885 16636-16636 FileUtils               com.runanywhere.startup_hackathon20  E  err write to mi_exception_log
2025-11-11 23:31:24.588 16636-16636 FileUtils               com.runanywhere.startup_hackathon20  E  err write to mi_exception_log
2025-11-11 23:31:25.278 16636-16636 FileUtils               com.runanywhere.startup_hackathon20  E  err write to mi_exception_log
2025-11-11 23:31:25.961 16636-16697 AndroidDownloadImpl     com.runanywhere.startup_hackathon20  D  Download progress - modelId: 390496801, progress: 30.098753467488343%, bytesDownloaded: 840781883, totalBytes: 2793410976
2025-11-11 23:31:25.961 16636-16697 AndroidSimpleDownloader com.runanywhere.startup_hackathon20  D  Download progress: 30% (840781883 / 2793410976 bytes)
2025-11-11 23:31:26.061 16636-16697 AndroidSimpleDownloader com.runanywhere.startup_hackathon20  D  Download progress: 30% (847004149 / 2793410976 bytes)
2025-11-11 23:31:26.161 16636-16697 AndroidSimpleDownloader com.runanywhere.startup_hackathon20  D  Download progress: 30% (853367947 / 2793410976 bytes)
2025-11-11 23:31:26.261 16636-16697 AndroidSimpleDownloader com.runanywhere.startup_hackathon20  D  Download progress: 30% (859960283 / 2793410976 bytes)
2025-11-11 23:31:26.361 16636-16697 AndroidSimpleDownloader com.runanywhere.startup_hackathon20  D  Download progress: 30% (865119371 / 2793410976 bytes)
2025-11-11 23:31:26.387 16636-16636 FileUtils               com.runanywhere.startup_hackathon20  E  err write to mi_exception_log
2025-11-11 23:31:26.454 16636-16636 FileUtils               com.runanywhere.startup_hackathon20  E  err write to mi_exception_log
2025-11-11 23:31:30.538 16636-16636 FileUtils               com.runanywhere.startup_hackathon20  E  err write to mi_exception_log
2025-11-11 23:31:30.606 16636-16636 FileUtils               com.runanywhere.startup_hackathon20  E  err write to mi_exception_log
2025-11-11 23:31:30.869 16636-16697 AndroidDownloadImpl     com.runanywhere.startup_hackathon20  D  Download progress - modelId: 390496801, progress: 40.08844286147746%, bytesDownloaded: 1119834963, totalBytes: 2793410976
2025-11-11 23:31:30.869 16636-16697 AndroidSimpleDownloader com.runanywhere.startup_hackathon20  D  Download progress: 40% (1119834963 / 2793410976 bytes)
2025-11-11 23:31:30.969 16636-16697 AndroidSimpleDownloader com.runanywhere.startup_hackathon20  D  Download progress: 40% (1125977851 / 2793410976 bytes)
2025-11-11 23:31:31.069 16636-16697 AndroidSimpleDownloader com.runanywhere.startup_hackathon20  D  Download progress: 40% (1132838803 / 2793410976 bytes)
2025-11-11 23:31:31.169 16636-16697 AndroidSimpleDownloader com.runanywhere.startup_hackathon20  D  Download progress: 40% (1139591407 / 2793410976 bytes)
2025-11-11 23:31:34.450 16636-16636 FileUtils               com.runanywhere.startup_hackathon20  E  err write to mi_exception_log
2025-11-11 23:31:35.690 16636-16697 AndroidDownloadImpl     com.runanywhere.startup_hackathon20  D  Download progress - modelId: 390496801, progress: 50.174280084163314%, bytesDownloaded: 1401573847, totalBytes: 2793410976
2025-11-11 23:31:35.690 16636-16697 AndroidSimpleDownloader com.runanywhere.startup_hackathon20  D  Download progress: 50% (1401573847 / 2793410976 bytes)
2025-11-11 23:31:35.791 16636-16697 AndroidSimpleDownloader com.runanywhere.startup_hackathon20  D  Download progress: 50% (1406538099 / 2793410976 bytes)
2025-11-11 23:31:35.891 16636-16697 AndroidSimpleDownloader com.runanywhere.startup_hackathon20  D  Download progress: 50% (1410489031 / 2793410976 bytes)
2025-11-11 23:31:35.991 16636-16697 AndroidSimpleDownloader com.runanywhere.startup_hackathon20  D  Download progress: 50% (1415326203 / 2793410976 bytes)
2025-11-11 23:31:36.091 16636-16697 AndroidSimpleDownloader com.runanywhere.startup_hackathon20  D  Download progress: 50% (1421300403 / 2793410976 bytes)
2025-11-11 23:31:37.924 16636-16636 FileUtils               com.runanywhere.startup_hackathon20  E  err write to mi_exception_log
2025-11-11 23:31:38.025 16636-16636 FileUtils               com.runanywhere.startup_hackathon20  E  err write to mi_exception_log
2025-11-11 23:31:40.205 16636-16636 FileUtils               com.runanywhere.startup_hackathon20  E  err write to mi_exception_log
2025-11-11 23:31:40.291 16636-16697 AndroidDownloadImpl     com.runanywhere.startup_hackathon20  D  Download progress - modelId: 390496801, progress: 60.015062352214365%, bytesDownloaded: 1676467339, totalBytes: 2793410976
2025-11-11 23:31:40.291 16636-16697 AndroidSimpleDownloader com.runanywhere.startup_hackathon20  D  Download progress: 60% (1676467339 / 2793410976 bytes)
2025-11-11 23:31:40.391 16636-16697 AndroidSimpleDownloader com.runanywhere.startup_hackathon20  D  Download progress: 60% (1682473651 / 2793410976 bytes)
2025-11-11 23:31:40.491 16636-16697 AndroidSimpleDownloader com.runanywhere.startup_hackathon20  D  Download progress: 60% (1689033195 / 2793410976 bytes)
2025-11-11 23:31:40.591 16636-16697 AndroidSimpleDownloader com.runanywhere.startup_hackathon20  D  Download progress: 60% (1695279867 / 2793410976 bytes)
2025-11-11 23:31:40.691 16636-16697 AndroidSimpleDownloader com.runanywhere.startup_hackathon20  D  Download progress: 60% (1701521627 / 2793410976 bytes)
2025-11-11 23:31:44.157 16636-16636 FileUtils               com.runanywhere.startup_hackathon20  E  err write to mi_exception_log
2025-11-11 23:31:45.102 16636-16636 FileUtils               com.runanywhere.startup_hackathon20  E  err write to mi_exception_log
2025-11-11 23:31:45.299 16636-16697 AndroidDownloadImpl     com.runanywhere.startup_hackathon20  D  Download progress - modelId: 390496801, progress: 70.19086012927586%, bytesDownloaded: 1960719191, totalBytes: 2793410976
2025-11-11 23:31:45.299 16636-16697 AndroidSimpleDownloader com.runanywhere.startup_hackathon20  D  Download progress: 70% (1960719191 / 2793410976 bytes)
2025-11-11 23:31:45.399 16636-16697 AndroidSimpleDownloader com.runanywhere.startup_hackathon20  D  Download progress: 70% (1964767451 / 2793410976 bytes)
2025-11-11 23:31:45.499 16636-16697 AndroidSimpleDownloader com.runanywhere.startup_hackathon20  D  Download progress: 70% (1970422275 / 2793410976 bytes)
2025-11-11 23:31:45.599 16636-16697 AndroidSimpleDownloader com.runanywhere.startup_hackathon20  D  Download progress: 70% (1976891055 / 2793410976 bytes)
2025-11-11 23:31:46.878 16636-16636 FileUtils               com.runanywhere.startup_hackathon20  E  err write to mi_exception_log
2025-11-11 23:31:49.999 16636-16697 AndroidDownloadImpl     com.runanywhere.startup_hackathon20  D  Download progress - modelId: 390496801, progress: 80.19875393372837%, bytesDownloaded: 2240280795, totalBytes: 2793410976
2025-11-11 23:31:49.999 16636-16697 AndroidSimpleDownloader com.runanywhere.startup_hackathon20  D  Download progress: 80% (2240280795 / 2793410976 bytes)
2025-11-11 23:31:50.099 16636-16697 AndroidSimpleDownloader com.runanywhere.startup_hackathon20  D  Download progress: 80% (2246196663 / 2793410976 bytes)
2025-11-11 23:31:50.199 16636-16697 AndroidSimpleDownloader com.runanywhere.startup_hackathon20  D  Download progress: 80% (2252206771 / 2793410976 bytes)
2025-11-11 23:31:50.299 16636-16697 AndroidSimpleDownloader com.runanywhere.startup_hackathon20  D  Download progress: 80% (2258174643 / 2793410976 bytes)
2025-11-11 23:31:50.438 16636-16636 FileUtils               com.runanywhere.startup_hackathon20  E  err write to mi_exception_log
2025-11-11 23:31:54.899 16636-16697 AndroidDownloadImpl     com.runanywhere.startup_hackathon20  D  Download progress - modelId: 390496801, progress: 90.17630254346076%, bytesDownloaded: 2518994733, totalBytes: 2793410976
2025-11-11 23:31:54.899 16636-16697 AndroidSimpleDownloader com.runanywhere.startup_hackathon20  D  Download progress: 90% (2518994733 / 2793410976 bytes)
2025-11-11 23:31:54.999 16636-16697 AndroidSimpleDownloader com.runanywhere.startup_hackathon20  D  Download progress: 90% (2524778515 / 2793410976 bytes)
2025-11-11 23:31:55.099 16636-16697 AndroidSimpleDownloader com.runanywhere.startup_hackathon20  D  Download progress: 90% (2531046259 / 2793410976 bytes)
2025-11-11 23:31:55.199 16636-16697 AndroidSimpleDownloader com.runanywhere.startup_hackathon20  D  Download progress: 90% (2537606283 / 2793410976 bytes)
2025-11-11 23:31:56.883 16636-16636 FileUtils               com.runanywhere.startup_hackathon20  E  err write to mi_exception_log
2025-11-11 23:31:57.093 16636-16636 FileUtils               com.runanywhere.startup_hackathon20  E  err write to mi_exception_log
2025-11-11 23:31:58.708 16636-16636 FileUtils               com.runanywhere.startup_hackathon20  E  err write to mi_exception_log
2025-11-11 23:31:58.770 16636-16636 FileUtils               com.runanywhere.startup_hackathon20  E  err write to mi_exception_log
2025-11-11 23:31:58.833 16636-16636 FileUtils               com.runanywhere.startup_hackathon20  E  err write to mi_exception_log
2025-11-11 23:31:59.634 16636-16697 AndroidSimpleDownloader com.runanywhere.startup_hackathon20  I  Download completed - bytesDownloaded: 2793410976
2025-11-11 23:31:59.635 16636-16697 AndroidSimpleDownloader com.runanywhere.startup_hackathon20  I  File moved to destination - size: 2793410976
2025-11-11 23:31:59.637 16636-16697 AndroidDownloadImpl     com.runanywhere.startup_hackathon20  I  Download completed - modelId: 390496801, localPath: /data/user/0/com.runanywhere.startup_hackathon20/files/models/llama_cpp/390496801/390496801.gguf, fileSize: 2793410976
2025-11-11 23:31:59.637 16636-16697 ModelInfoService        com.runanywhere.startup_hackathon20  D  Saving model: 390496801
2025-11-11 23:31:59.637 16636-16697 ModelInfoService        com.runanywhere.startup_hackathon20  D  Model validation passed for: 390496801
2025-11-11 23:31:59.637 16636-16697 ModelInfoRepositoryImpl com.runanywhere.startup_hackathon20  D  Saved model: 390496801, localPath: /data/user/0/com.runanywhere.startup_hackathon20/files/models/llama_cpp/390496801/390496801.gguf
2025-11-11 23:31:59.637 16636-16697 ModelInfoService        com.runanywhere.startup_hackathon20  I  Model saved successfully: 390496801
2025-11-11 23:31:59.637 16636-16697 KtorDownloadService     com.runanywhere.startup_hackathon20  I  Model saved to repository - modelId: 390496801, localPath: /data/user/0/com.runanywhere.startup_hackathon20/files/models/llama_cpp/390496801/390496801.gguf, isDownloaded: true
2025-11-11 23:31:59.637 16636-16697 KtorDownloadService     com.runanywhere.startup_hackathon20  I  Model updated in registry - modelId: 390496801, localPath: /data/user/0/com.runanywhere.startup_hackathon20/files/models/llama_cpp/390496801/390496801.gguf, isDownloaded: true
2025-11-11 23:32:00.861  2849-3288  RTMode                  system_server                        E  pkgName: com.runanywhere.startup_hackathon20 has no permission
2025-11-11 23:32:00.872 16636-16636 MIUIInput               com.runanywhere.startup_hackathon20  I  [MotionEvent] ViewRootImpl windowName 'com.runanywhere.startup_hackathon20/com.runanywhere.startup_hackathon20.MainActivity', { action=ACTION_DOWN, id[0]=0, pointerCount=1, eventTime=208402883, downTime=208402883, phoneEventTime=23:32:00.820 } moveCount:0
2025-11-11 23:32:00.897 16636-16636 MIUIInput               com.runanywhere.startup_hackathon20  I  [MotionEvent] ViewRootImpl windowName 'com.runanywhere.startup_hackathon20/com.runanywhere.startup_hackathon20.MainActivity', { action=ACTION_UP, id[0]=0, pointerCount=1, eventTime=208402949, downTime=208402883, phoneEventTime=23:32:00.886 } moveCount:0
2025-11-11 23:32:00.898 16636-16636 AIPracticeMode          com.runanywhere.startup_hackathon20  D  ðŸ”„ Refreshing models
2025-11-11 23:32:01.050  2849-3288  RTMode                  system_server                        E  pkgName: com.runanywhere.startup_hackathon20 has no permission
2025-11-11 23:32:01.062 16636-16636 MIUIInput               com.runanywhere.startup_hackathon20  I  [MotionEvent] ViewRootImpl windowName 'com.runanywhere.startup_hackathon20/com.runanywhere.startup_hackathon20.MainActivity', { action=ACTION_DOWN, id[0]=0, pointerCount=1, eventTime=208403111, downTime=208403111, phoneEventTime=23:32:01.048 } moveCount:0
2025-11-11 23:32:01.141 16636-16636 MIUIInput               com.runanywhere.startup_hackathon20  I  [MotionEvent] ViewRootImpl windowName 'com.runanywhere.startup_hackathon20/com.runanywhere.startup_hackathon20.MainActivity', { action=ACTION_UP, id[0]=0, pointerCount=1, eventTime=208403194, downTime=208403111, phoneEventTime=23:32:01.131 } moveCount:0
2025-11-11 23:32:01.143 16636-16636 AIPracticeMode          com.runanywhere.startup_hackathon20  D  ðŸ”„ Refreshing models
2025-11-11 23:32:01.224  2849-3288  RTMode                  system_server                        E  pkgName: com.runanywhere.startup_hackathon20 has no permission
2025-11-11 23:32:01.231 16636-16636 MIUIInput               com.runanywhere.startup_hackathon20  I  [MotionEvent] ViewRootImpl windowName 'com.runanywhere.startup_hackathon20/com.runanywhere.startup_hackathon20.MainActivity', { action=ACTION_DOWN, id[0]=0, pointerCount=1, eventTime=208403285, downTime=208403285, phoneEventTime=23:32:01.222 } moveCount:0
2025-11-11 23:32:01.293 16636-16636 MIUIInput               com.runanywhere.startup_hackathon20  I  [MotionEvent] ViewRootImpl windowName 'com.runanywhere.startup_hackathon20/com.runanywhere.startup_hackathon20.MainActivity', { action=ACTION_UP, id[0]=0, pointerCount=1, eventTime=208403351, downTime=208403285, phoneEventTime=23:32:01.288 } moveCount:0
2025-11-11 23:32:01.294 16636-16636 AIPracticeMode          com.runanywhere.startup_hackathon20  D  ðŸ”„ Refreshing models
2025-11-11 23:32:02.687  2849-3288  RTMode                  system_server                        E  pkgName: com.runanywhere.startup_hackathon20 has no permission
2025-11-11 23:32:02.691 16636-16636 MIUIInput               com.runanywhere.startup_hackathon20  I  [MotionEvent] ViewRootImpl windowName 'com.runanywhere.startup_hackathon20/com.runanywhere.startup_hackathon20.MainActivity', { action=ACTION_DOWN, id[0]=0, pointerCount=1, eventTime=208404747, downTime=208404747, phoneEventTime=23:32:02.684 } moveCount:0
2025-11-11 23:32:02.755 16636-16636 MIUIInput               com.runanywhere.startup_hackathon20  I  [MotionEvent] ViewRootImpl windowName 'com.runanywhere.startup_hackathon20/com.runanywhere.startup_hackathon20.MainActivity', { action=ACTION_UP, id[0]=0, pointerCount=1, eventTime=208404805, downTime=208404747, phoneEventTime=23:32:02.742 } moveCount:0
2025-11-11 23:32:02.756 16636-16636 AIPracticeMode          com.runanywhere.startup_hackathon20  D  ðŸ”„ Loading model 390496801
2025-11-11 23:32:02.757 16636-16636 RunAnywhere.Android     com.runanywhere.startup_hackathon20  I  Loading model: 390496801
2025-11-11 23:32:02.757 16636-16636 ModelInfoService        com.runanywhere.startup_hackathon20  D  Getting model: 390496801
2025-11-11 23:32:02.757 16636-16636 ModelInfoService        com.runanywhere.startup_hackathon20  D  Model loaded from repository: 390496801
2025-11-11 23:32:02.761 16636-16696 ModelManager            com.runanywhere.startup_hackathon20  I  ðŸ” Ensuring model is available: 390496801
2025-11-11 23:32:02.761 16636-16696 ModelManager            com.runanywhere.startup_hackathon20  I  âœ… Model already exists at: /data/user/0/com.runanywhere.startup_hackathon20/files/models/llama_cpp/390496801/390496801.gguf
2025-11-11 23:32:02.780 16636-16636 RunAnywhere.Android     com.runanywhere.startup_hackathon20  I  Model file ensured: 390496801
2025-11-11 23:32:02.780 16636-16636 RunAnywhere.Android     com.runanywhere.startup_hackathon20  I  Loading model into LLM service: 390496801
2025-11-11 23:32:02.782 16636-16636 MemoryService           com.runanywhere.startup_hackathon20  I  Memory service initialized with threshold: 500MB
2025-11-11 23:32:02.783 16636-16697 ModelLoadingService     com.runanywhere.startup_hackathon20  I  ðŸš€ Loading model: 390496801
2025-11-11 23:32:02.783 16636-16697 ModelLoadingService     com.runanywhere.startup_hackathon20  I  âœ… Found model in registry: Qwen 2.5 3B Instruct Q6_K
2025-11-11 23:32:02.784 16636-16697 ModelLoadingService     com.runanywhere.startup_hackathon20  I  ðŸš€ Using LLM provider: LlamaCpp (llama.cpp) for model: 390496801
2025-11-11 23:32:02.787 16636-16697 LlamaCppServiceProvider com.runanywhere.startup_hackathon20  I  Creating LlamaCpp service
2025-11-11 23:32:02.792 16636-16697 LlamaCppServiceProvider com.runanywhere.startup_hackathon20  I  Initializing with model: /data/user/0/com.runanywhere.startup_hackathon20/files/models/llama_cpp/390496801/390496801.gguf
2025-11-11 23:32:02.793 16636-16697 LlamaCppService         com.runanywhere.startup_hackathon20  I  Initializing llama.cpp with model: /data/user/0/com.runanywhere.startup_hackathon20/files/models/llama_cpp/390496801/390496801.gguf
2025-11-11 23:32:02.797 16636-17200 LLamaAndroid            com.runanywhere.startup_hackathon20  I  Dedicated thread for native code: Llama-RunLoop
2025-11-11 23:32:02.837 16636-17200 nativeloader            com.runanywhere.startup_hackathon20  D  Load /data/app/~~ztej71tuWBU0BSWH0PAs_Q==/com.runanywhere.startup_hackathon20-9jOc4XLV-YIlCl4lSKrk3Q==/base.apk!/lib/arm64-v8a/libllama-android.so using class loader ns clns-7 (caller=/data/app/~~ztej71tuWBU0BSWH0PAs_Q==/com.runanywhere.startup_hackathon20-9jOc4XLV-YIlCl4lSKrk3Q==/base.apk!classes9.dex): ok
2025-11-11 23:32:02.837 16636-17200 LLamaAndro...raryLoader com.runanywhere.startup_hackathon20  I  Loaded baseline library for CPU detection
2025-11-11 23:32:02.837 16636-17200 CPUFeatures             com.runanywhere.startup_hackathon20  I  SVE detection disabled - using safer fallback libraries
2025-11-11 23:32:02.837 16636-17200 CPUFeatures             com.runanywhere.startup_hackathon20  I  CPU Features detected:
2025-11-11 23:32:02.837 16636-17200 CPUFeatures             com.runanywhere.startup_hackathon20  I    FP16: yes
2025-11-11 23:32:02.837 16636-17200 CPUFeatures             com.runanywhere.startup_hackathon20  I    DotProd: yes
2025-11-11 23:32:02.837 16636-17200 CPUFeatures             com.runanywhere.startup_hackathon20  I    I8MM: no
2025-11-11 23:32:02.837 16636-17200 CPUFeatures             com.runanywhere.startup_hackathon20  I    SVE: no
2025-11-11 23:32:02.837 16636-17200 CPUFeatures             com.runanywhere.startup_hackathon20  I  Selected library variant: libllama-android-dotprod.so
2025-11-11 23:32:02.839 16636-17200 nativeloader            com.runanywhere.startup_hackathon20  D  Load /data/app/~~ztej71tuWBU0BSWH0PAs_Q==/com.runanywhere.startup_hackathon20-9jOc4XLV-YIlCl4lSKrk3Q==/base.apk!/lib/arm64-v8a/libllama-android-dotprod.so using class loader ns clns-7 (caller=/data/app/~~ztej71tuWBU0BSWH0PAs_Q==/com.runanywhere.startup_hackathon20-9jOc4XLV-YIlCl4lSKrk3Q==/base.apk!classes9.dex): ok
2025-11-11 23:32:02.839 16636-17200 LLamaAndro...raryLoader com.runanywhere.startup_hackathon20  I  Loaded optimized library: llama-android-dotprod
2025-11-11 23:32:02.839 16636-17200 LLamaAndro...raryLoader com.runanywhere.startup_hackathon20  D  CPU Info:
                                                                                                    Features	: fp asimd evtstrm aes pmull sha1 sha2 crc32 atomics fphp asimdhp cpuid asimdrdm lrcpc dcpop asimddp
                                                                                                    CPU implementer	: 0x41
                                                                                                    CPU architecture: 8
                                                                                                    CPU variant	: 0x2
                                                                                                    CPU part	: 0xd05
                                                                                                    Features	: fp asimd evtstrm aes pmull sha1 sha2 crc32 atomics fphp asimdhp cpuid asimdrdm lrcpc dcpop asimddp
                                                                                                    CPU implementer	: 0x41
                                                                                                    CPU architecture: 8
                                                                                                    CPU variant	: 0x2
                                                                                                    CPU part	: 0xd05
                                                                                                    Features	: fp asimd evtstrm aes pmull sha1 sha2 crc32 atomics fphp asimdhp cpuid asimdrdm lrcpc dcpop asimddp
                                                                                                    CPU implementer	: 0x41
                                                                                                    CPU architecture: 8
                                                                                                    CPU variant	: 0x2
                                                                                                    CPU part	: 0xd05
                                                                                                    Features	: fp asimd evtstrm aes pmull sha1 sha2 crc32 atomics fphp asimdhp cpuid asimdrdm lrcpc dcpop asimddp
                                                                                                    CPU implementer	: 0x41
                                                                                                    CPU architecture: 8
                                                                                                    CPU variant	: 0x2
                                                                                                    CPU part	: 0xd05
                                                                                                    Features	: fp asimd evtstrm aes pmull sha1 sha2 crc32 atomics fphp asimdhp cpuid asimdrdm lrcpc dcpop asimddp
                                                                                                    CPU implementer	: 0x41
                                                                                                    CPU architecture: 8
                                                                                                    CPU variant	: 0x2
                                                                                                    CPU part	: 0xd05
                                                                                                    Features	: fp asimd evtstrm aes pmull sha1 sha2 crc32 atomics fphp asimdhp cpuid asimdrdm lrcpc dcpop asimddp
                                                                                                    CPU implementer	: 0x41
                                                                                                    CPU architecture: 8
                                                                                                    CPU variant	: 0x2
                                                                                                    CPU part	: 0xd05
                                                                                                    Features	: fp asimd evtstrm aes pmull sha1 sha2 crc32 atomics fphp asimdhp cpuid asimdrdm lrcpc dcpop asimddp
                                                                                                    CPU implementer	: 0x41
                                                                                                    CPU architecture: 8
                                                                                                    CPU variant	: 0x1
                                                                                                    CPU part	: 0xd41
                                                                                                    Features	: fp asimd evtstrm aes pmull sha1 sha2 crc32 atomics fphp asimdhp cpuid asimdrdm lrcpc dcpop asimddp
                                                                                                    CPU implementer	: 0x41
                                                                                                    CPU architecture: 8
                                                                                                    CPU variant	: 0x1
                                                                                                    CPU part	: 0xd41
2025-11-11 23:32:02.839 16636-17200 LLamaAndroid            com.runanywhere.startup_hackathon20  I  Successfully loaded llama-android native library
2025-11-11 23:32:02.843 16636-17200 LLamaAndroid            com.runanywhere.startup_hackathon20  I  CPU : NEON = 1 | ARM_FMA = 1 | OPENMP = 1 | REPACK = 1 |
2025-11-11 23:32:02.843 16636-17200 LLamaAndroid            com.runanywhere.startup_hackathon20  I  Loading model from: /data/user/0/com.runanywhere.startup_hackathon20/files/models/llama_cpp/390496801/390496801.gguf
2025-11-11 23:32:02.843 16636-17200 LLamaAndroid            com.runanywhere.startup_hackathon20  I  Config: contextSize=4096, threads=0, temp=0.7, minP=0.05, topK=40
2025-11-11 23:32:02.843 16636-17200 llama-android           com.runanywhere.startup_hackathon20  I  Loading model from /data/user/0/com.runanywhere.startup_hackathon20/files/models/llama_cpp/390496801/390496801.gguf
2025-11-11 23:32:02.920 16636-17200 llama-android           com.runanywhere.startup_hackathon20  I  llama_model_loader: loaded meta data with 26 key-value pairs and 435 tensors from /data/user/0/com.runanywhere.startup_hackathon20/files/models/llama_cpp/390496801/390496801.gguf (version GGUF V3 (latest))
2025-11-11 23:32:02.920 16636-17200 llama-android           com.runanywhere.startup_hackathon20  I  llama_model_loader: Dumping metadata keys/values. Note: KV overrides do not apply in this output.
2025-11-11 23:32:02.920 16636-17200 llama-android           com.runanywhere.startup_hackathon20  I  llama_model_loader: - kv   0:                       general.architecture str              = qwen2
2025-11-11 23:32:02.920 16636-17200 llama-android           com.runanywhere.startup_hackathon20  I  llama_model_loader: - kv   1:                               general.type str              = model
2025-11-11 23:32:02.920 16636-17200 llama-android           com.runanywhere.startup_hackathon20  I  llama_model_loader: - kv   2:                               general.name str              = qwen2.5-3b-instruct
2025-11-11 23:32:02.920 16636-17200 llama-android           com.runanywhere.startup_hackathon20  I  llama_model_loader: - kv   3:                            general.version str              = v0.1-v0.1
2025-11-11 23:32:02.920 16636-17200 llama-android           com.runanywhere.startup_hackathon20  I  llama_model_loader: - kv   4:                           general.finetune str              = qwen2.5-3b-instruct
2025-11-11 23:32:02.920 16636-17200 llama-android           com.runanywhere.startup_hackathon20  I  llama_model_loader: - kv   5:                         general.size_label str              = 3.4B
2025-11-11 23:32:02.920 16636-17200 llama-android           com.runanywhere.startup_hackathon20  I  llama_model_loader: - kv   6:                          qwen2.block_count u32              = 36
2025-11-11 23:32:02.920 16636-17200 llama-android           com.runanywhere.startup_hackathon20  I  llama_model_loader: - kv   7:                       qwen2.context_length u32              = 32768
2025-11-11 23:32:02.920 16636-17200 llama-android           com.runanywhere.startup_hackathon20  I  llama_model_loader: - kv   8:                     qwen2.embedding_length u32              = 2048
2025-11-11 23:32:02.920 16636-17200 llama-android           com.runanywhere.startup_hackathon20  I  llama_model_loader: - kv   9:                  qwen2.feed_forward_length u32              = 11008
2025-11-11 23:32:02.920 16636-17200 llama-android           com.runanywhere.startup_hackathon20  I  llama_model_loader: - kv  10:                 qwen2.attention.head_count u32              = 16
2025-11-11 23:32:02.920 16636-17200 llama-android           com.runanywhere.startup_hackathon20  I  llama_model_loader: - kv  11:              qwen2.attention.head_count_kv u32              = 2
2025-11-11 23:32:02.920 16636-17200 llama-android           com.runanywhere.startup_hackathon20  I  llama_model_loader: - kv  12:                       qwen2.rope.freq_base f32              = 1000000.000000
2025-11-11 23:32:02.920 16636-17200 llama-android           com.runanywhere.startup_hackathon20  I  llama_model_loader: - kv  13:     qwen2.attention.layer_norm_rms_epsilon f32              = 0.000001
2025-11-11 23:32:02.920 16636-17200 llama-android           com.runanywhere.startup_hackathon20  I  llama_model_loader: - kv  14:                          general.file_type u32              = 18
2025-11-11 23:32:02.920 16636-17200 llama-android           com.runanywhere.startup_hackathon20  I  llama_model_loader: - kv  15:                       tokenizer.ggml.model str              = gpt2
2025-11-11 23:32:02.920 16636-17200 llama-android           com.runanywhere.startup_hackathon20  I  llama_model_loader: - kv  16:                         tokenizer.ggml.pre str              = qwen2
2025-11-11 23:32:02.963 16636-17200 llama-android           com.runanywhere.startup_hackathon20  I  llama_model_loader: - kv  17:                      tokenizer.ggml.tokens arr[str,151936]  = ["!", "\"", "#", "$", "", "&", "'", ...
2025-11-11 23:32:02.975 16636-17200 llama-android           com.runanywhere.startup_hackathon20  I  llama_model_loader: - kv  18:                  tokenizer.ggml.token_type arr[i32,151936]  = [1, 1, 1, 1, 1, 1, 1, 1, 1, 1, 1, 1, ...
2025-11-11 23:32:03.015 16636-17200 llama-android           com.runanywhere.startup_hackathon20  I  llama_model_loader: - kv  19:                      tokenizer.ggml.merges arr[str,151387]  = ["Ä  Ä ", "Ä Ä  Ä Ä ", "i n", "Ä  t",...
2025-11-11 23:32:03.015 16636-17200 llama-android           com.runanywhere.startup_hackathon20  I  llama_model_loader: - kv  20:                tokenizer.ggml.eos_token_id u32              = 151645
2025-11-11 23:32:03.015 16636-17200 llama-android           com.runanywhere.startup_hackathon20  I  llama_model_loader: - kv  21:            tokenizer.ggml.padding_token_id u32              = 151643
2025-11-11 23:32:03.015 16636-17200 llama-android           com.runanywhere.startup_hackathon20  I  llama_model_loader: - kv  22:                tokenizer.ggml.bos_token_id u32              = 151643
2025-11-11 23:32:03.015 16636-17200 llama-android           com.runanywhere.startup_hackathon20  I  llama_model_loader: - kv  23:               tokenizer.ggml.add_bos_token bool             = false
2025-11-11 23:32:03.015 16636-17200 llama-android           com.runanywhere.startup_hackathon20  I  llama_model_loader: - kv  24:                    tokenizer.chat_template str              = { 0f tools }\n    {{- '<|im_start|>...
2025-11-11 23:32:03.015 16636-17200 llama-android           com.runanywhere.startup_hackathon20  I  llama_model_loader: - kv  25:               general.quantization_version u32              = 2
2025-11-11 23:32:03.015 16636-17200 llama-android           com.runanywhere.startup_hackathon20  I  llama_model_loader: - type  f32:  181 tensors
2025-11-11 23:32:03.015 16636-17200 llama-android           com.runanywhere.startup_hackathon20  I  llama_model_loader: - type q6_K:  254 tensors
2025-11-11 23:32:03.015 16636-17200 llama-android           com.runanywhere.startup_hackathon20  I  print_info: file format = GGUF V3 (latest)
2025-11-11 23:32:03.015 16636-17200 llama-android           com.runanywhere.startup_hackathon20  I  print_info: file type   = Q6_K
2025-11-11 23:32:03.015 16636-17200 llama-android           com.runanywhere.startup_hackathon20  I  print_info: file size   = 2.60 GiB (6.56 BPW)
2025-11-11 23:32:03.306 16636-17200 llama-android           com.runanywhere.startup_hackathon20  I  load: printing all EOG tokens:
2025-11-11 23:32:03.306 16636-17200 llama-android           com.runanywhere.startup_hackathon20  I  load:   - 151643 ('<|endoftext|>')
2025-11-11 23:32:03.306 16636-17200 llama-android           com.runanywhere.startup_hackathon20  I  load:   - 151645 ('<|im_end|>')
2025-11-11 23:32:03.306 16636-17200 llama-android           com.runanywhere.startup_hackathon20  I  load:   - 151662 ('<|fim_pad|>')
2025-11-11 23:32:03.306 16636-17200 llama-android           com.runanywhere.startup_hackathon20  I  load:   - 151663 ('<|repo_name|>')
2025-11-11 23:32:03.306 16636-17200 llama-android           com.runanywhere.startup_hackathon20  I  load:   - 151664 ('<|file_sep|>')
2025-11-11 23:32:03.306 16636-17200 llama-android           com.runanywhere.startup_hackathon20  I  load: special tokens cache size = 22
2025-11-11 23:32:03.400 16636-17200 llama-android           com.runanywhere.startup_hackathon20  I  load: token to piece cache size = 0.9310 MB
2025-11-11 23:32:03.400 16636-17200 llama-android           com.runanywhere.startup_hackathon20  I  print_info: arch             = qwen2
2025-11-11 23:32:03.400 16636-17200 llama-android           com.runanywhere.startup_hackathon20  I  print_info: vocab_only       = 0
2025-11-11 23:32:03.400 16636-17200 llama-android           com.runanywhere.startup_hackathon20  I  print_info: n_ctx_train      = 32768
2025-11-11 23:32:03.400 16636-17200 llama-android           com.runanywhere.startup_hackathon20  I  print_info: n_embd           = 2048
2025-11-11 23:32:03.400 16636-17200 llama-android           com.runanywhere.startup_hackathon20  I  print_info: n_layer          = 36
2025-11-11 23:32:03.400 16636-17200 llama-android           com.runanywhere.startup_hackathon20  I  print_info: n_head           = 16
2025-11-11 23:32:03.400 16636-17200 llama-android           com.runanywhere.startup_hackathon20  I  print_info: n_head_kv        = 2
2025-11-11 23:32:03.400 16636-17200 llama-android           com.runanywhere.startup_hackathon20  I  print_info: n_rot            = 128
2025-11-11 23:32:03.400 16636-17200 llama-android           com.runanywhere.startup_hackathon20  I  print_info: n_swa            = 0
2025-11-11 23:32:03.400 16636-17200 llama-android           com.runanywhere.startup_hackathon20  I  print_info: is_swa_any       = 0
2025-11-11 23:32:03.400 16636-17200 llama-android           com.runanywhere.startup_hackathon20  I  print_info: n_embd_head_k    = 128
2025-11-11 23:32:03.400 16636-17200 llama-android           com.runanywhere.startup_hackathon20  I  print_info: n_embd_head_v    = 128
2025-11-11 23:32:03.400 16636-17200 llama-android           com.runanywhere.startup_hackathon20  I  print_info: n_gqa            = 8
2025-11-11 23:32:03.400 16636-17200 llama-android           com.runanywhere.startup_hackathon20  I  print_info: n_embd_k_gqa     = 256
2025-11-11 23:32:03.400 16636-17200 llama-android           com.runanywhere.startup_hackathon20  I  print_info: n_embd_v_gqa     = 256
2025-11-11 23:32:03.400 16636-17200 llama-android           com.runanywhere.startup_hackathon20  I  print_info: f_norm_eps       = 0.0e+00
2025-11-11 23:32:03.400 16636-17200 llama-android           com.runanywhere.startup_hackathon20  I  print_info: f_norm_rms_eps   = 1.0e-06
2025-11-11 23:32:03.400 16636-17200 llama-android           com.runanywhere.startup_hackathon20  I  print_info: f_clamp_kqv      = 0.0e+00
2025-11-11 23:32:03.400 16636-17200 llama-android           com.runanywhere.startup_hackathon20  I  print_info: f_max_alibi_bias = 0.0e+00
2025-11-11 23:32:03.400 16636-17200 llama-android           com.runanywhere.startup_hackathon20  I  print_info: f_logit_scale    = 0.0e+00
2025-11-11 23:32:03.400 16636-17200 llama-android           com.runanywhere.startup_hackathon20  I  print_info: f_attn_scale     = 0.0e+00
2025-11-11 23:32:03.400 16636-17200 llama-android           com.runanywhere.startup_hackathon20  I  print_info: n_ff             = 11008
2025-11-11 23:32:03.400 16636-17200 llama-android           com.runanywhere.startup_hackathon20  I  print_info: n_expert         = 0
2025-11-11 23:32:03.400 16636-17200 llama-android           com.runanywhere.startup_hackathon20  I  print_info: n_expert_used    = 0
2025-11-11 23:32:03.400 16636-17200 llama-android           com.runanywhere.startup_hackathon20  I  print_info: causal attn      = 1
2025-11-11 23:32:03.400 16636-17200 llama-android           com.runanywhere.startup_hackathon20  I  print_info: pooling type     = -1
2025-11-11 23:32:03.400 16636-17200 llama-android           com.runanywhere.startup_hackathon20  I  print_info: rope type        = 2
2025-11-11 23:32:03.400 16636-17200 llama-android           com.runanywhere.startup_hackathon20  I  print_info: rope scaling     = linear
2025-11-11 23:32:03.400 16636-17200 llama-android           com.runanywhere.startup_hackathon20  I  print_info: freq_base_train  = 1000000.0
2025-11-11 23:32:03.400 16636-17200 llama-android           com.runanywhere.startup_hackathon20  I  print_info: freq_scale_train = 1
2025-11-11 23:32:03.400 16636-17200 llama-android           com.runanywhere.startup_hackathon20  I  print_info: n_ctx_orig_yarn  = 32768
2025-11-11 23:32:03.400 16636-17200 llama-android           com.runanywhere.startup_hackathon20  I  print_info: rope_finetuned   = unknown
2025-11-11 23:32:03.400 16636-17200 llama-android           com.runanywhere.startup_hackathon20  I  print_info: model type       = 3B
2025-11-11 23:32:03.400 16636-17200 llama-android           com.runanywhere.startup_hackathon20  I  print_info: model params     = 3.40 B
2025-11-11 23:32:03.400 16636-17200 llama-android           com.runanywhere.startup_hackathon20  I  print_info: general.name     = qwen2.5-3b-instruct
2025-11-11 23:32:03.401 16636-17200 llama-android           com.runanywhere.startup_hackathon20  I  print_info: vocab type       = BPE
2025-11-11 23:32:03.401 16636-17200 llama-android           com.runanywhere.startup_hackathon20  I  print_info: n_vocab          = 151936
2025-11-11 23:32:03.401 16636-17200 llama-android           com.runanywhere.startup_hackathon20  I  print_info: n_merges         = 151387
2025-11-11 23:32:03.401 16636-17200 llama-android           com.runanywhere.startup_hackathon20  I  print_info: BOS token        = 151643 '<|endoftext|>'
2025-11-11 23:32:03.401 16636-17200 llama-android           com.runanywhere.startup_hackathon20  I  print_info: EOS token        = 151645 '<|im_end|>'
2025-11-11 23:32:03.401 16636-17200 llama-android           com.runanywhere.startup_hackathon20  I  print_info: EOT token        = 151645 '<|im_end|>'
2025-11-11 23:32:03.401 16636-17200 llama-android           com.runanywhere.startup_hackathon20  I  print_info: PAD token        = 151643 '<|endoftext|>'
2025-11-11 23:32:03.401 16636-17200 llama-android           com.runanywhere.startup_hackathon20  I  print_info: LF token         = 198 'ÄŠ'
2025-11-11 23:32:03.401 16636-17200 llama-android           com.runanywhere.startup_hackathon20  I  print_info: FIM PRE token    = 151659 '<|fim_prefix|>'
2025-11-11 23:32:03.401 16636-17200 llama-android           com.runanywhere.startup_hackathon20  I  print_info: FIM SUF token    = 151661 '<|fim_suffix|>'
2025-11-11 23:32:03.401 16636-17200 llama-android           com.runanywhere.startup_hackathon20  I  print_info: FIM MID token    = 151660 '<|fim_middle|>'
2025-11-11 23:32:03.401 16636-17200 llama-android           com.runanywhere.startup_hackathon20  I  print_info: FIM PAD token    = 151662 '<|fim_pad|>'
2025-11-11 23:32:03.401 16636-17200 llama-android           com.runanywhere.startup_hackathon20  I  print_info: FIM REP token    = 151663 '<|repo_name|>'
2025-11-11 23:32:03.401 16636-17200 llama-android           com.runanywhere.startup_hackathon20  I  print_info: FIM SEP token    = 151664 '<|file_sep|>'
2025-11-11 23:32:03.401 16636-17200 llama-android           com.runanywhere.startup_hackathon20  I  print_info: EOG token        = 151643 '<|endoftext|>'
2025-11-11 23:32:03.401 16636-17200 llama-android           com.runanywhere.startup_hackathon20  I  print_info: EOG token        = 151645 '<|im_end|>'
2025-11-11 23:32:03.401 16636-17200 llama-android           com.runanywhere.startup_hackathon20  I  print_info: EOG token        = 151662 '<|fim_pad|>'
2025-11-11 23:32:03.401 16636-17200 llama-android           com.runanywhere.startup_hackathon20  I  print_info: EOG token        = 151663 '<|repo_name|>'
2025-11-11 23:32:03.401 16636-17200 llama-android           com.runanywhere.startup_hackathon20  I  print_info: EOG token        = 151664 '<|file_sep|>'
2025-11-11 23:32:03.401 16636-17200 llama-android           com.runanywhere.startup_hackathon20  I  print_info: max token length = 256
2025-11-11 23:32:03.401 16636-17200 llama-android           com.runanywhere.startup_hackathon20  I  load_tensors: loading model tensors, this can take a while... (mmap = true)
